<!doctype html public "-//w3c//dtd html 4.0 transitional//en">
<html><head>
<title>Static Call Graph - [.\Objects\Target.axf]</title></head>
<body><HR>
<H1>Static Call Graph for image .\Objects\Target.axf</H1><HR>
<BR><P>#&#060CALLGRAPH&#062# ARM Linker, 6240002: Last Updated: Sun Mar  8 21:51:19 2026
<BR><P>
<H3>Maximum Stack Usage =        244 bytes + Unknown(Cycles, Untraceable Function Pointers)</H3><H3>
Call chain for Maximum Stack Depth:</H3>
main &rArr; $Super$$main &rArr; SysInit &rArr; BSP_I2C_Config &rArr; I2C_Unlock &rArr; LL_GPIO_Init
<P>
<H3>
Mutually Recursive functions
</H3> <LI><a href="#[10]">ADC_COMP_IRQHandler</a>&nbsp;&nbsp;&nbsp;&rArr;&nbsp;&nbsp;&nbsp;<a href="#[10]">ADC_COMP_IRQHandler</a><BR>
</UL>
<P>
<H3>
Function Pointers
</H3><UL>
 <LI><a href="#[10]">ADC_COMP_IRQHandler</a> from startup_py32f030xx.o(.text) referenced from startup_py32f030xx.o(RESET)
 <LI><a href="#[e]">DMA1_Channel1_IRQHandler</a> from py32f0xx_bsp_i2c.o(.text.DMA1_Channel1_IRQHandler) referenced from startup_py32f030xx.o(RESET)
 <LI><a href="#[f]">DMA1_Channel2_3_IRQHandler</a> from startup_py32f030xx.o(.text) referenced from startup_py32f030xx.o(RESET)
 <LI><a href="#[b]">EXTI0_1_IRQHandler</a> from startup_py32f030xx.o(.text) referenced from startup_py32f030xx.o(RESET)
 <LI><a href="#[c]">EXTI2_3_IRQHandler</a> from py32f0xx_bsp_exti.o(.text.EXTI2_3_IRQHandler) referenced from startup_py32f030xx.o(RESET)
 <LI><a href="#[d]">EXTI4_15_IRQHandler</a> from py32f0xx_bsp_exti.o(.text.EXTI4_15_IRQHandler) referenced from startup_py32f030xx.o(RESET)
 <LI><a href="#[9]">FLASH_IRQHandler</a> from startup_py32f030xx.o(.text) referenced from startup_py32f030xx.o(RESET)
 <LI><a href="#[2]">HardFault_Handler</a> from py32f0xx_it.o(.text.HardFault_Handler) referenced from startup_py32f030xx.o(RESET)
 <LI><a href="#[18]">I2C1_IRQHandler</a> from py32f0xx_bsp_i2c.o(.text.I2C1_IRQHandler) referenced from startup_py32f030xx.o(RESET)
 <LI><a href="#[1d]">LED_IRQHandler</a> from startup_py32f030xx.o(.text) referenced from startup_py32f030xx.o(RESET)
 <LI><a href="#[14]">LPTIM1_IRQHandler</a> from startup_py32f030xx.o(.text) referenced from startup_py32f030xx.o(RESET)
 <LI><a href="#[1]">NMI_Handler</a> from py32f0xx_it.o(.text.NMI_Handler) referenced from startup_py32f030xx.o(RESET)
 <LI><a href="#[7]">PVD_IRQHandler</a> from startup_py32f030xx.o(.text) referenced from startup_py32f030xx.o(RESET)
 <LI><a href="#[4]">PendSV_Handler</a> from py32f0xx_it.o(.text.PendSV_Handler) referenced from startup_py32f030xx.o(RESET)
 <LI><a href="#[a]">RCC_IRQHandler</a> from startup_py32f030xx.o(.text) referenced from startup_py32f030xx.o(RESET)
 <LI><a href="#[8]">RTC_IRQHandler</a> from startup_py32f030xx.o(.text) referenced from startup_py32f030xx.o(RESET)
 <LI><a href="#[0]">Reset_Handler</a> from startup_py32f030xx.o(.text) referenced from startup_py32f030xx.o(RESET)
 <LI><a href="#[19]">SPI1_IRQHandler</a> from startup_py32f030xx.o(.text) referenced from startup_py32f030xx.o(RESET)
 <LI><a href="#[1a]">SPI2_IRQHandler</a> from startup_py32f030xx.o(.text) referenced from startup_py32f030xx.o(RESET)
 <LI><a href="#[3]">SVC_Handler</a> from py32f0xx_it.o(.text.SVC_Handler) referenced from startup_py32f030xx.o(RESET)
 <LI><a href="#[5]">SysTick_Handler</a> from py32f0xx_it.o(.text.SysTick_Handler) referenced from startup_py32f030xx.o(RESET)
 <LI><a href="#[1f]">SystemInit</a> from system_py32f0xx.o(.text.SystemInit) referenced from startup_py32f030xx.o(.text)
 <LI><a href="#[15]">TIM14_IRQHandler</a> from startup_py32f030xx.o(.text) referenced from startup_py32f030xx.o(RESET)
 <LI><a href="#[16]">TIM16_IRQHandler</a> from startup_py32f030xx.o(.text) referenced from startup_py32f030xx.o(RESET)
 <LI><a href="#[17]">TIM17_IRQHandler</a> from startup_py32f030xx.o(.text) referenced from startup_py32f030xx.o(RESET)
 <LI><a href="#[11]">TIM1_BRK_UP_TRG_COM_IRQHandler</a> from startup_py32f030xx.o(.text) referenced from startup_py32f030xx.o(RESET)
 <LI><a href="#[12]">TIM1_CC_IRQHandler</a> from startup_py32f030xx.o(.text) referenced from startup_py32f030xx.o(RESET)
 <LI><a href="#[13]">TIM3_IRQHandler</a> from startup_py32f030xx.o(.text) referenced from startup_py32f030xx.o(RESET)
 <LI><a href="#[1b]">USART1_IRQHandler</a> from py32f0xx_bsp_usart.o(.text.USART1_IRQHandler) referenced from startup_py32f030xx.o(RESET)
 <LI><a href="#[1c]">USART2_IRQHandler</a> from startup_py32f030xx.o(.text) referenced from startup_py32f030xx.o(RESET)
 <LI><a href="#[6]">WWDG_IRQHandler</a> from startup_py32f030xx.o(.text) referenced from startup_py32f030xx.o(RESET)
 <LI><a href="#[20]">__main</a> from entry.o(.ARM.Collect$$$$00000000) referenced from startup_py32f030xx.o(.text)
 <LI><a href="#[21]">_sputc</a> from printfa.o(i._sputc) referenced from printfa.o(i.__0vsprintf)
 <LI><a href="#[1e]">main</a> from system_py32f0xx.o(.text.$Sub$$main) referenced from entry9a.o(.ARM.Collect$$$$0000000B)
 <LI><a href="#[25]">thread_app</a> from main.o(.text.thread_app) referenced from main.o(.data.threads)
 <LI><a href="#[22]">thread_echo</a> from main.o(.text.thread_echo) referenced from main.o(.data.threads)
 <LI><a href="#[23]">thread_key</a> from main.o(.text.thread_key) referenced from main.o(.data.threads)
 <LI><a href="#[26]">thread_sleep</a> from main.o(.text.thread_sleep) referenced from main.o(.data.threads)
 <LI><a href="#[24]">thread_trig</a> from main.o(.text.thread_trig) referenced from main.o(.data.threads)
</UL>
<P>
<H3>
Global Symbols
</H3>
<P><STRONG><a name="[20]"></a>__main</STRONG> (Thumb, 0 bytes, Stack size unknown bytes, entry.o(.ARM.Collect$$$$00000000))
<BR>[Address Reference Count : 1]<UL><LI> startup_py32f030xx.o(.text)
</UL>
<P><STRONG><a name="[92]"></a>_main_stk</STRONG> (Thumb, 0 bytes, Stack size unknown bytes, entry2.o(.ARM.Collect$$$$00000001))

<P><STRONG><a name="[27]"></a>_main_scatterload</STRONG> (Thumb, 0 bytes, Stack size unknown bytes, entry5.o(.ARM.Collect$$$$00000004))
<BR><BR>[Calls]<UL><LI><a href="#[28]">&gt;&gt;</a>&nbsp;&nbsp;&nbsp;__scatterload
</UL>

<P><STRONG><a name="[3c]"></a>__main_after_scatterload</STRONG> (Thumb, 0 bytes, Stack size unknown bytes, entry5.o(.ARM.Collect$$$$00000004))
<BR><BR>[Called By]<UL><LI><a href="#[28]">&gt;&gt;</a>&nbsp;&nbsp;&nbsp;__scatterload
</UL>

<P><STRONG><a name="[93]"></a>_main_clock</STRONG> (Thumb, 0 bytes, Stack size unknown bytes, entry7b.o(.ARM.Collect$$$$00000008))

<P><STRONG><a name="[94]"></a>_main_cpp_init</STRONG> (Thumb, 0 bytes, Stack size unknown bytes, entry8b.o(.ARM.Collect$$$$0000000A))

<P><STRONG><a name="[95]"></a>_main_init</STRONG> (Thumb, 0 bytes, Stack size unknown bytes, entry9a.o(.ARM.Collect$$$$0000000B))

<P><STRONG><a name="[96]"></a>__rt_final_cpp</STRONG> (Thumb, 0 bytes, Stack size unknown bytes, entry10a.o(.ARM.Collect$$$$0000000D))

<P><STRONG><a name="[97]"></a>__rt_final_exit</STRONG> (Thumb, 0 bytes, Stack size unknown bytes, entry11a.o(.ARM.Collect$$$$0000000F))

<P><STRONG><a name="[0]"></a>Reset_Handler</STRONG> (Thumb, 8 bytes, Stack size 0 bytes, startup_py32f030xx.o(.text))
<BR>[Address Reference Count : 1]<UL><LI> startup_py32f030xx.o(RESET)
</UL>
<P><STRONG><a name="[10]"></a>ADC_COMP_IRQHandler</STRONG> (Thumb, 0 bytes, Stack size 0 bytes, startup_py32f030xx.o(.text))
<BR><BR>[Calls]<UL><LI><a href="#[10]">&gt;&gt;</a>&nbsp;&nbsp;&nbsp;ADC_COMP_IRQHandler
</UL>
<BR>[Called By]<UL><LI><a href="#[10]">&gt;&gt;</a>&nbsp;&nbsp;&nbsp;ADC_COMP_IRQHandler
</UL>
<BR>[Address Reference Count : 1]<UL><LI> startup_py32f030xx.o(RESET)
</UL>
<P><STRONG><a name="[f]"></a>DMA1_Channel2_3_IRQHandler</STRONG> (Thumb, 0 bytes, Stack size 0 bytes, startup_py32f030xx.o(.text))
<BR>[Address Reference Count : 1]<UL><LI> startup_py32f030xx.o(RESET)
</UL>
<P><STRONG><a name="[b]"></a>EXTI0_1_IRQHandler</STRONG> (Thumb, 0 bytes, Stack size 0 bytes, startup_py32f030xx.o(.text))
<BR>[Address Reference Count : 1]<UL><LI> startup_py32f030xx.o(RESET)
</UL>
<P><STRONG><a name="[9]"></a>FLASH_IRQHandler</STRONG> (Thumb, 0 bytes, Stack size 0 bytes, startup_py32f030xx.o(.text))
<BR>[Address Reference Count : 1]<UL><LI> startup_py32f030xx.o(RESET)
</UL>
<P><STRONG><a name="[1d]"></a>LED_IRQHandler</STRONG> (Thumb, 0 bytes, Stack size 0 bytes, startup_py32f030xx.o(.text))
<BR>[Address Reference Count : 1]<UL><LI> startup_py32f030xx.o(RESET)
</UL>
<P><STRONG><a name="[14]"></a>LPTIM1_IRQHandler</STRONG> (Thumb, 0 bytes, Stack size 0 bytes, startup_py32f030xx.o(.text))
<BR>[Address Reference Count : 1]<UL><LI> startup_py32f030xx.o(RESET)
</UL>
<P><STRONG><a name="[7]"></a>PVD_IRQHandler</STRONG> (Thumb, 0 bytes, Stack size 0 bytes, startup_py32f030xx.o(.text))
<BR>[Address Reference Count : 1]<UL><LI> startup_py32f030xx.o(RESET)
</UL>
<P><STRONG><a name="[a]"></a>RCC_IRQHandler</STRONG> (Thumb, 0 bytes, Stack size 0 bytes, startup_py32f030xx.o(.text))
<BR>[Address Reference Count : 1]<UL><LI> startup_py32f030xx.o(RESET)
</UL>
<P><STRONG><a name="[8]"></a>RTC_IRQHandler</STRONG> (Thumb, 0 bytes, Stack size 0 bytes, startup_py32f030xx.o(.text))
<BR>[Address Reference Count : 1]<UL><LI> startup_py32f030xx.o(RESET)
</UL>
<P><STRONG><a name="[19]"></a>SPI1_IRQHandler</STRONG> (Thumb, 0 bytes, Stack size 0 bytes, startup_py32f030xx.o(.text))
<BR>[Address Reference Count : 1]<UL><LI> startup_py32f030xx.o(RESET)
</UL>
<P><STRONG><a name="[1a]"></a>SPI2_IRQHandler</STRONG> (Thumb, 0 bytes, Stack size 0 bytes, startup_py32f030xx.o(.text))
<BR>[Address Reference Count : 1]<UL><LI> startup_py32f030xx.o(RESET)
</UL>
<P><STRONG><a name="[15]"></a>TIM14_IRQHandler</STRONG> (Thumb, 0 bytes, Stack size 0 bytes, startup_py32f030xx.o(.text))
<BR>[Address Reference Count : 1]<UL><LI> startup_py32f030xx.o(RESET)
</UL>
<P><STRONG><a name="[16]"></a>TIM16_IRQHandler</STRONG> (Thumb, 0 bytes, Stack size 0 bytes, startup_py32f030xx.o(.text))
<BR>[Address Reference Count : 1]<UL><LI> startup_py32f030xx.o(RESET)
</UL>
<P><STRONG><a name="[17]"></a>TIM17_IRQHandler</STRONG> (Thumb, 0 bytes, Stack size 0 bytes, startup_py32f030xx.o(.text))
<BR>[Address Reference Count : 1]<UL><LI> startup_py32f030xx.o(RESET)
</UL>
<P><STRONG><a name="[11]"></a>TIM1_BRK_UP_TRG_COM_IRQHandler</STRONG> (Thumb, 0 bytes, Stack size 0 bytes, startup_py32f030xx.o(.text))
<BR>[Address Reference Count : 1]<UL><LI> startup_py32f030xx.o(RESET)
</UL>
<P><STRONG><a name="[12]"></a>TIM1_CC_IRQHandler</STRONG> (Thumb, 0 bytes, Stack size 0 bytes, startup_py32f030xx.o(.text))
<BR>[Address Reference Count : 1]<UL><LI> startup_py32f030xx.o(RESET)
</UL>
<P><STRONG><a name="[13]"></a>TIM3_IRQHandler</STRONG> (Thumb, 0 bytes, Stack size 0 bytes, startup_py32f030xx.o(.text))
<BR>[Address Reference Count : 1]<UL><LI> startup_py32f030xx.o(RESET)
</UL>
<P><STRONG><a name="[1c]"></a>USART2_IRQHandler</STRONG> (Thumb, 0 bytes, Stack size 0 bytes, startup_py32f030xx.o(.text))
<BR>[Address Reference Count : 1]<UL><LI> startup_py32f030xx.o(RESET)
</UL>
<P><STRONG><a name="[6]"></a>WWDG_IRQHandler</STRONG> (Thumb, 0 bytes, Stack size 0 bytes, startup_py32f030xx.o(.text))
<BR>[Address Reference Count : 1]<UL><LI> startup_py32f030xx.o(RESET)
</UL>
<P><STRONG><a name="[2a]"></a>__aeabi_memset</STRONG> (Thumb, 14 bytes, Stack size 0 bytes, memseta.o(.text))
<BR><BR>[Called By]<UL><LI><a href="#[2b]">&gt;&gt;</a>&nbsp;&nbsp;&nbsp;_memset$wrapper
<LI><a href="#[29]">&gt;&gt;</a>&nbsp;&nbsp;&nbsp;__aeabi_memclr
</UL>

<P><STRONG><a name="[98]"></a>__aeabi_memset4</STRONG> (Thumb, 0 bytes, Stack size 0 bytes, memseta.o(.text), UNUSED)

<P><STRONG><a name="[99]"></a>__aeabi_memset8</STRONG> (Thumb, 0 bytes, Stack size 0 bytes, memseta.o(.text), UNUSED)

<P><STRONG><a name="[29]"></a>__aeabi_memclr</STRONG> (Thumb, 4 bytes, Stack size 0 bytes, memseta.o(.text))
<BR><BR>[Calls]<UL><LI><a href="#[2a]">&gt;&gt;</a>&nbsp;&nbsp;&nbsp;__aeabi_memset
</UL>
<BR>[Called By]<UL><LI><a href="#[51]">&gt;&gt;</a>&nbsp;&nbsp;&nbsp;Key_Init
</UL>

<P><STRONG><a name="[42]"></a>__aeabi_memclr4</STRONG> (Thumb, 0 bytes, Stack size 0 bytes, memseta.o(.text))
<BR><BR>[Called By]<UL><LI><a href="#[44]">&gt;&gt;</a>&nbsp;&nbsp;&nbsp;BSP_I2C_Config
<LI><a href="#[4c]">&gt;&gt;</a>&nbsp;&nbsp;&nbsp;BSP_TIM_config
<LI><a href="#[41]">&gt;&gt;</a>&nbsp;&nbsp;&nbsp;BSP_GPIO_Config
<LI><a href="#[3e]">&gt;&gt;</a>&nbsp;&nbsp;&nbsp;$Super$$main
</UL>

<P><STRONG><a name="[9a]"></a>__aeabi_memclr8</STRONG> (Thumb, 0 bytes, Stack size 0 bytes, memseta.o(.text), UNUSED)

<P><STRONG><a name="[2b]"></a>_memset$wrapper</STRONG> (Thumb, 18 bytes, Stack size 8 bytes, memseta.o(.text), UNUSED)
<BR><BR>[Calls]<UL><LI><a href="#[2a]">&gt;&gt;</a>&nbsp;&nbsp;&nbsp;__aeabi_memset
</UL>

<P><STRONG><a name="[2c]"></a>__aeabi_fdiv</STRONG> (Thumb, 124 bytes, Stack size 16 bytes, fdiv.o(.text))
<BR><BR>[Stack]<UL><LI>Max Depth = 16<LI>Call Chain = __aeabi_fdiv
</UL>
<BR>[Calls]<UL><LI><a href="#[2d]">&gt;&gt;</a>&nbsp;&nbsp;&nbsp;_float_round
</UL>
<BR>[Called By]<UL><LI><a href="#[67]">&gt;&gt;</a>&nbsp;&nbsp;&nbsp;SW6306_ReadTCHIP
</UL>

<P><STRONG><a name="[2e]"></a>__aeabi_i2f</STRONG> (Thumb, 22 bytes, Stack size 8 bytes, fflti.o(.text))
<BR><BR>[Stack]<UL><LI>Max Depth = 20<LI>Call Chain = __aeabi_i2f &rArr; _float_epilogue
</UL>
<BR>[Calls]<UL><LI><a href="#[2f]">&gt;&gt;</a>&nbsp;&nbsp;&nbsp;_float_epilogue
</UL>
<BR>[Called By]<UL><LI><a href="#[67]">&gt;&gt;</a>&nbsp;&nbsp;&nbsp;SW6306_ReadTCHIP
</UL>

<P><STRONG><a name="[7e]"></a>__aeabi_f2d</STRONG> (Thumb, 40 bytes, Stack size 0 bytes, f2d.o(.text))
<BR><BR>[Called By]<UL><LI><a href="#[25]">&gt;&gt;</a>&nbsp;&nbsp;&nbsp;thread_app
</UL>

<P><STRONG><a name="[4f]"></a>__aeabi_uidiv</STRONG> (Thumb, 0 bytes, Stack size 16 bytes, uidiv_div0.o(.text))
<BR><BR>[Stack]<UL><LI>Max Depth = 16<LI>Call Chain = __aeabi_uidiv
</UL>
<BR>[Called By]<UL><LI><a href="#[46]">&gt;&gt;</a>&nbsp;&nbsp;&nbsp;LL_I2C_Init
<LI><a href="#[4e]">&gt;&gt;</a>&nbsp;&nbsp;&nbsp;BSP_USART_Config
</UL>

<P><STRONG><a name="[91]"></a>__aeabi_uidivmod</STRONG> (Thumb, 62 bytes, Stack size 16 bytes, uidiv_div0.o(.text), UNUSED)
<BR><BR>[Called By]<UL><LI><a href="#[8c]">&gt;&gt;</a>&nbsp;&nbsp;&nbsp;_printf_core
</UL>

<P><STRONG><a name="[30]"></a>__aeabi_uldivmod</STRONG> (Thumb, 96 bytes, Stack size 48 bytes, uldiv.o(.text), UNUSED)
<BR><BR>[Calls]<UL><LI><a href="#[31]">&gt;&gt;</a>&nbsp;&nbsp;&nbsp;__aeabi_llsr
<LI><a href="#[32]">&gt;&gt;</a>&nbsp;&nbsp;&nbsp;__aeabi_llsl
</UL>
<BR>[Called By]<UL><LI><a href="#[8c]">&gt;&gt;</a>&nbsp;&nbsp;&nbsp;_printf_core
<LI><a href="#[8d]">&gt;&gt;</a>&nbsp;&nbsp;&nbsp;_fp_digits
</UL>

<P><STRONG><a name="[9b]"></a>__I$use$fp</STRONG> (Thumb, 0 bytes, Stack size 0 bytes, iusefp.o(.text), UNUSED)

<P><STRONG><a name="[2d]"></a>_float_round</STRONG> (Thumb, 16 bytes, Stack size 0 bytes, fepilogue.o(.text))
<BR><BR>[Called By]<UL><LI><a href="#[2c]">&gt;&gt;</a>&nbsp;&nbsp;&nbsp;__aeabi_fdiv
</UL>

<P><STRONG><a name="[2f]"></a>_float_epilogue</STRONG> (Thumb, 114 bytes, Stack size 12 bytes, fepilogue.o(.text))
<BR><BR>[Stack]<UL><LI>Max Depth = 12<LI>Call Chain = _float_epilogue
</UL>
<BR>[Called By]<UL><LI><a href="#[2e]">&gt;&gt;</a>&nbsp;&nbsp;&nbsp;__aeabi_i2f
</UL>

<P><STRONG><a name="[33]"></a>__aeabi_dadd</STRONG> (Thumb, 328 bytes, Stack size 48 bytes, dadd.o(.text), UNUSED)
<BR><BR>[Calls]<UL><LI><a href="#[34]">&gt;&gt;</a>&nbsp;&nbsp;&nbsp;__aeabi_lasr
<LI><a href="#[32]">&gt;&gt;</a>&nbsp;&nbsp;&nbsp;__aeabi_llsl
<LI><a href="#[36]">&gt;&gt;</a>&nbsp;&nbsp;&nbsp;_double_round
<LI><a href="#[35]">&gt;&gt;</a>&nbsp;&nbsp;&nbsp;_double_epilogue
</UL>
<BR>[Called By]<UL><LI><a href="#[38]">&gt;&gt;</a>&nbsp;&nbsp;&nbsp;__aeabi_drsub
<LI><a href="#[37]">&gt;&gt;</a>&nbsp;&nbsp;&nbsp;__aeabi_dsub
<LI><a href="#[8d]">&gt;&gt;</a>&nbsp;&nbsp;&nbsp;_fp_digits
</UL>

<P><STRONG><a name="[37]"></a>__aeabi_dsub</STRONG> (Thumb, 12 bytes, Stack size 8 bytes, dadd.o(.text), UNUSED)
<BR><BR>[Calls]<UL><LI><a href="#[33]">&gt;&gt;</a>&nbsp;&nbsp;&nbsp;__aeabi_dadd
</UL>

<P><STRONG><a name="[38]"></a>__aeabi_drsub</STRONG> (Thumb, 12 bytes, Stack size 8 bytes, dadd.o(.text), UNUSED)
<BR><BR>[Calls]<UL><LI><a href="#[33]">&gt;&gt;</a>&nbsp;&nbsp;&nbsp;__aeabi_dadd
</UL>

<P><STRONG><a name="[39]"></a>__aeabi_dmul</STRONG> (Thumb, 202 bytes, Stack size 72 bytes, dmul.o(.text), UNUSED)
<BR><BR>[Calls]<UL><LI><a href="#[35]">&gt;&gt;</a>&nbsp;&nbsp;&nbsp;_double_epilogue
</UL>
<BR>[Called By]<UL><LI><a href="#[8d]">&gt;&gt;</a>&nbsp;&nbsp;&nbsp;_fp_digits
</UL>

<P><STRONG><a name="[3a]"></a>__aeabi_ddiv</STRONG> (Thumb, 234 bytes, Stack size 40 bytes, ddiv.o(.text), UNUSED)
<BR><BR>[Calls]<UL><LI><a href="#[36]">&gt;&gt;</a>&nbsp;&nbsp;&nbsp;_double_round
</UL>
<BR>[Called By]<UL><LI><a href="#[8d]">&gt;&gt;</a>&nbsp;&nbsp;&nbsp;_fp_digits
</UL>

<P><STRONG><a name="[3b]"></a>__aeabi_d2ulz</STRONG> (Thumb, 54 bytes, Stack size 8 bytes, dfixul.o(.text), UNUSED)
<BR><BR>[Calls]<UL><LI><a href="#[31]">&gt;&gt;</a>&nbsp;&nbsp;&nbsp;__aeabi_llsr
<LI><a href="#[32]">&gt;&gt;</a>&nbsp;&nbsp;&nbsp;__aeabi_llsl
</UL>
<BR>[Called By]<UL><LI><a href="#[8d]">&gt;&gt;</a>&nbsp;&nbsp;&nbsp;_fp_digits
</UL>

<P><STRONG><a name="[8e]"></a>__aeabi_cdrcmple</STRONG> (Thumb, 38 bytes, Stack size 0 bytes, cdrcmple.o(.text), UNUSED)
<BR><BR>[Called By]<UL><LI><a href="#[8d]">&gt;&gt;</a>&nbsp;&nbsp;&nbsp;_fp_digits
</UL>

<P><STRONG><a name="[28]"></a>__scatterload</STRONG> (Thumb, 38 bytes, Stack size 0 bytes, init.o(.text))
<BR><BR>[Calls]<UL><LI><a href="#[3c]">&gt;&gt;</a>&nbsp;&nbsp;&nbsp;__main_after_scatterload
</UL>
<BR>[Called By]<UL><LI><a href="#[27]">&gt;&gt;</a>&nbsp;&nbsp;&nbsp;_main_scatterload
</UL>

<P><STRONG><a name="[9c]"></a>__scatterload_rt2</STRONG> (Thumb, 0 bytes, Stack size 0 bytes, init.o(.text), UNUSED)

<P><STRONG><a name="[32]"></a>__aeabi_llsl</STRONG> (Thumb, 32 bytes, Stack size 8 bytes, llshl.o(.text), UNUSED)
<BR><BR>[Called By]<UL><LI><a href="#[35]">&gt;&gt;</a>&nbsp;&nbsp;&nbsp;_double_epilogue
<LI><a href="#[30]">&gt;&gt;</a>&nbsp;&nbsp;&nbsp;__aeabi_uldivmod
<LI><a href="#[33]">&gt;&gt;</a>&nbsp;&nbsp;&nbsp;__aeabi_dadd
<LI><a href="#[3b]">&gt;&gt;</a>&nbsp;&nbsp;&nbsp;__aeabi_d2ulz
</UL>

<P><STRONG><a name="[9d]"></a>_ll_shift_l</STRONG> (Thumb, 0 bytes, Stack size 8 bytes, llshl.o(.text), UNUSED)

<P><STRONG><a name="[31]"></a>__aeabi_llsr</STRONG> (Thumb, 34 bytes, Stack size 8 bytes, llushr.o(.text), UNUSED)
<BR><BR>[Called By]<UL><LI><a href="#[35]">&gt;&gt;</a>&nbsp;&nbsp;&nbsp;_double_epilogue
<LI><a href="#[30]">&gt;&gt;</a>&nbsp;&nbsp;&nbsp;__aeabi_uldivmod
<LI><a href="#[3b]">&gt;&gt;</a>&nbsp;&nbsp;&nbsp;__aeabi_d2ulz
</UL>

<P><STRONG><a name="[9e]"></a>_ll_ushift_r</STRONG> (Thumb, 0 bytes, Stack size 8 bytes, llushr.o(.text), UNUSED)

<P><STRONG><a name="[34]"></a>__aeabi_lasr</STRONG> (Thumb, 38 bytes, Stack size 8 bytes, llsshr.o(.text), UNUSED)
<BR><BR>[Called By]<UL><LI><a href="#[33]">&gt;&gt;</a>&nbsp;&nbsp;&nbsp;__aeabi_dadd
</UL>

<P><STRONG><a name="[9f]"></a>_ll_sshift_r</STRONG> (Thumb, 0 bytes, Stack size 8 bytes, llsshr.o(.text), UNUSED)

<P><STRONG><a name="[36]"></a>_double_round</STRONG> (Thumb, 26 bytes, Stack size 8 bytes, depilogue.o(.text), UNUSED)
<BR><BR>[Called By]<UL><LI><a href="#[35]">&gt;&gt;</a>&nbsp;&nbsp;&nbsp;_double_epilogue
<LI><a href="#[3a]">&gt;&gt;</a>&nbsp;&nbsp;&nbsp;__aeabi_ddiv
<LI><a href="#[33]">&gt;&gt;</a>&nbsp;&nbsp;&nbsp;__aeabi_dadd
</UL>

<P><STRONG><a name="[35]"></a>_double_epilogue</STRONG> (Thumb, 164 bytes, Stack size 48 bytes, depilogue.o(.text), UNUSED)
<BR><BR>[Calls]<UL><LI><a href="#[3d]">&gt;&gt;</a>&nbsp;&nbsp;&nbsp;__ARM_clz
<LI><a href="#[31]">&gt;&gt;</a>&nbsp;&nbsp;&nbsp;__aeabi_llsr
<LI><a href="#[32]">&gt;&gt;</a>&nbsp;&nbsp;&nbsp;__aeabi_llsl
<LI><a href="#[36]">&gt;&gt;</a>&nbsp;&nbsp;&nbsp;_double_round
</UL>
<BR>[Called By]<UL><LI><a href="#[39]">&gt;&gt;</a>&nbsp;&nbsp;&nbsp;__aeabi_dmul
<LI><a href="#[33]">&gt;&gt;</a>&nbsp;&nbsp;&nbsp;__aeabi_dadd
</UL>

<P><STRONG><a name="[1e]"></a>main</STRONG> (Thumb, 36 bytes, Stack size 8 bytes, system_py32f0xx.o(.text.$Sub$$main))
<BR><BR>[Stack]<UL><LI>Max Depth = 244<LI>Call Chain = main &rArr; $Super$$main &rArr; SysInit &rArr; BSP_I2C_Config &rArr; I2C_Unlock &rArr; LL_GPIO_Init
</UL>
<BR>[Calls]<UL><LI><a href="#[3e]">&gt;&gt;</a>&nbsp;&nbsp;&nbsp;$Super$$main
</UL>
<BR>[Address Reference Count : 1]<UL><LI> entry9a.o(.ARM.Collect$$$$0000000B)
</UL>
<P><STRONG><a name="[58]"></a>ASYNC_I2C_Receive</STRONG> (Thumb, 76 bytes, Stack size 16 bytes, py32f0xx_bsp_i2c.o(.text.ASYNC_I2C_Receive))
<BR><BR>[Stack]<UL><LI>Max Depth = 16<LI>Call Chain = ASYNC_I2C_Receive
</UL>
<BR>[Called By]<UL><LI><a href="#[5c]">&gt;&gt;</a>&nbsp;&nbsp;&nbsp;SW6306_CapacityLoad
<LI><a href="#[56]">&gt;&gt;</a>&nbsp;&nbsp;&nbsp;SW6306_ADCRead
<LI><a href="#[5a]">&gt;&gt;</a>&nbsp;&nbsp;&nbsp;SW6306_ByteRead
</UL>

<P><STRONG><a name="[5b]"></a>ASYNC_I2C_Transmit</STRONG> (Thumb, 76 bytes, Stack size 16 bytes, py32f0xx_bsp_i2c.o(.text.ASYNC_I2C_Transmit))
<BR><BR>[Stack]<UL><LI>Max Depth = 16<LI>Call Chain = ASYNC_I2C_Transmit
</UL>
<BR>[Called By]<UL><LI><a href="#[57]">&gt;&gt;</a>&nbsp;&nbsp;&nbsp;SW6306_ByteWrite
</UL>

<P><STRONG><a name="[3f]"></a>BSP_EXTI_Config</STRONG> (Thumb, 112 bytes, Stack size 32 bytes, py32f0xx_bsp_exti.o(.text.BSP_EXTI_Config))
<BR><BR>[Stack]<UL><LI>Max Depth = 32<LI>Call Chain = BSP_EXTI_Config
</UL>
<BR>[Calls]<UL><LI><a href="#[40]">&gt;&gt;</a>&nbsp;&nbsp;&nbsp;LL_EXTI_Init
</UL>
<BR>[Called By]<UL><LI><a href="#[69]">&gt;&gt;</a>&nbsp;&nbsp;&nbsp;SysInit
</UL>

<P><STRONG><a name="[41]"></a>BSP_GPIO_Config</STRONG> (Thumb, 136 bytes, Stack size 48 bytes, py32f0xx_bsp_gpio.o(.text.BSP_GPIO_Config))
<BR><BR>[Stack]<UL><LI>Max Depth = 84<LI>Call Chain = BSP_GPIO_Config &rArr; LL_GPIO_Init
</UL>
<BR>[Calls]<UL><LI><a href="#[43]">&gt;&gt;</a>&nbsp;&nbsp;&nbsp;LL_GPIO_Init
<LI><a href="#[42]">&gt;&gt;</a>&nbsp;&nbsp;&nbsp;__aeabi_memclr4
</UL>
<BR>[Called By]<UL><LI><a href="#[69]">&gt;&gt;</a>&nbsp;&nbsp;&nbsp;SysInit
</UL>

<P><STRONG><a name="[44]"></a>BSP_I2C_Config</STRONG> (Thumb, 280 bytes, Stack size 120 bytes, py32f0xx_bsp_i2c.o(.text.BSP_I2C_Config))
<BR><BR>[Stack]<UL><LI>Max Depth = 212<LI>Call Chain = BSP_I2C_Config &rArr; I2C_Unlock &rArr; LL_GPIO_Init
</UL>
<BR>[Calls]<UL><LI><a href="#[45]">&gt;&gt;</a>&nbsp;&nbsp;&nbsp;I2C_Unlock
<LI><a href="#[46]">&gt;&gt;</a>&nbsp;&nbsp;&nbsp;LL_I2C_Init
<LI><a href="#[43]">&gt;&gt;</a>&nbsp;&nbsp;&nbsp;LL_GPIO_Init
<LI><a href="#[47]">&gt;&gt;</a>&nbsp;&nbsp;&nbsp;LL_DMA_Init
<LI><a href="#[42]">&gt;&gt;</a>&nbsp;&nbsp;&nbsp;__aeabi_memclr4
</UL>
<BR>[Called By]<UL><LI><a href="#[18]">&gt;&gt;</a>&nbsp;&nbsp;&nbsp;I2C1_IRQHandler
<LI><a href="#[50]">&gt;&gt;</a>&nbsp;&nbsp;&nbsp;I2C_Diagnosis
<LI><a href="#[69]">&gt;&gt;</a>&nbsp;&nbsp;&nbsp;SysInit
</UL>

<P><STRONG><a name="[48]"></a>BSP_PWMChannelConfig</STRONG> (Thumb, 56 bytes, Stack size 64 bytes, py32f0xx_bsp_tim.o(.text.BSP_PWMChannelConfig))
<BR><BR>[Stack]<UL><LI>Max Depth = 100<LI>Call Chain = BSP_PWMChannelConfig &rArr; LL_TIM_OC_Init
</UL>
<BR>[Calls]<UL><LI><a href="#[49]">&gt;&gt;</a>&nbsp;&nbsp;&nbsp;LL_TIM_OC_Init
<LI><a href="#[43]">&gt;&gt;</a>&nbsp;&nbsp;&nbsp;LL_GPIO_Init
</UL>
<BR>[Called By]<UL><LI><a href="#[69]">&gt;&gt;</a>&nbsp;&nbsp;&nbsp;SysInit
</UL>

<P><STRONG><a name="[6a]"></a>BSP_PWR_Config</STRONG> (Thumb, 52 bytes, Stack size 8 bytes, py32f0xx_bsp_pwr.o(.text.BSP_PWR_Config))
<BR><BR>[Stack]<UL><LI>Max Depth = 8<LI>Call Chain = BSP_PWR_Config
</UL>
<BR>[Called By]<UL><LI><a href="#[69]">&gt;&gt;</a>&nbsp;&nbsp;&nbsp;SysInit
</UL>

<P><STRONG><a name="[4a]"></a>BSP_SystemClockConfig</STRONG> (Thumb, 172 bytes, Stack size 24 bytes, py32f0xx_bsp_rcc.o(.text.BSP_SystemClockConfig))
<BR><BR>[Stack]<UL><LI>Max Depth = 24<LI>Call Chain = BSP_SystemClockConfig
</UL>
<BR>[Calls]<UL><LI><a href="#[4b]">&gt;&gt;</a>&nbsp;&nbsp;&nbsp;LL_SetSystemCoreClock
</UL>
<BR>[Called By]<UL><LI><a href="#[69]">&gt;&gt;</a>&nbsp;&nbsp;&nbsp;SysInit
</UL>

<P><STRONG><a name="[4c]"></a>BSP_TIM_config</STRONG> (Thumb, 76 bytes, Stack size 48 bytes, py32f0xx_bsp_tim.o(.text.BSP_TIM_config))
<BR><BR>[Stack]<UL><LI>Max Depth = 56<LI>Call Chain = BSP_TIM_config &rArr; LL_TIM_Init
</UL>
<BR>[Calls]<UL><LI><a href="#[4d]">&gt;&gt;</a>&nbsp;&nbsp;&nbsp;LL_TIM_Init
<LI><a href="#[42]">&gt;&gt;</a>&nbsp;&nbsp;&nbsp;__aeabi_memclr4
</UL>
<BR>[Called By]<UL><LI><a href="#[69]">&gt;&gt;</a>&nbsp;&nbsp;&nbsp;SysInit
</UL>

<P><STRONG><a name="[4e]"></a>BSP_USART_Config</STRONG> (Thumb, 316 bytes, Stack size 48 bytes, py32f0xx_bsp_usart.o(.text.BSP_USART_Config))
<BR><BR>[Stack]<UL><LI>Max Depth = 64<LI>Call Chain = BSP_USART_Config &rArr; __aeabi_uidiv
</UL>
<BR>[Calls]<UL><LI><a href="#[4f]">&gt;&gt;</a>&nbsp;&nbsp;&nbsp;__aeabi_uidiv
</UL>
<BR>[Called By]<UL><LI><a href="#[69]">&gt;&gt;</a>&nbsp;&nbsp;&nbsp;SysInit
</UL>

<P><STRONG><a name="[e]"></a>DMA1_Channel1_IRQHandler</STRONG> (Thumb, 20 bytes, Stack size 0 bytes, py32f0xx_bsp_i2c.o(.text.DMA1_Channel1_IRQHandler))
<BR>[Address Reference Count : 1]<UL><LI> startup_py32f030xx.o(RESET)
</UL>
<P><STRONG><a name="[c]"></a>EXTI2_3_IRQHandler</STRONG> (Thumb, 28 bytes, Stack size 0 bytes, py32f0xx_bsp_exti.o(.text.EXTI2_3_IRQHandler))
<BR>[Address Reference Count : 1]<UL><LI> startup_py32f030xx.o(RESET)
</UL>
<P><STRONG><a name="[d]"></a>EXTI4_15_IRQHandler</STRONG> (Thumb, 28 bytes, Stack size 0 bytes, py32f0xx_bsp_exti.o(.text.EXTI4_15_IRQHandler))
<BR>[Address Reference Count : 1]<UL><LI> startup_py32f030xx.o(RESET)
</UL>
<P><STRONG><a name="[88]"></a>GetI2CStatus</STRONG> (Thumb, 8 bytes, Stack size 0 bytes, py32f0xx_bsp_i2c.o(.text.GetI2CStatus))
<BR><BR>[Called By]<UL><LI><a href="#[23]">&gt;&gt;</a>&nbsp;&nbsp;&nbsp;thread_key
</UL>

<P><STRONG><a name="[2]"></a>HardFault_Handler</STRONG> (Thumb, 20 bytes, Stack size 0 bytes, py32f0xx_it.o(.text.HardFault_Handler))
<BR>[Address Reference Count : 1]<UL><LI> startup_py32f030xx.o(RESET)
</UL>
<P><STRONG><a name="[18]"></a>I2C1_IRQHandler</STRONG> (Thumb, 792 bytes, Stack size 32 bytes, py32f0xx_bsp_i2c.o(.text.I2C1_IRQHandler))
<BR><BR>[Stack]<UL><LI>Max Depth = 244<LI>Call Chain = I2C1_IRQHandler &rArr; BSP_I2C_Config &rArr; I2C_Unlock &rArr; LL_GPIO_Init
</UL>
<BR>[Calls]<UL><LI><a href="#[44]">&gt;&gt;</a>&nbsp;&nbsp;&nbsp;BSP_I2C_Config
</UL>
<BR>[Address Reference Count : 1]<UL><LI> startup_py32f030xx.o(RESET)
</UL>
<P><STRONG><a name="[50]"></a>I2C_Diagnosis</STRONG> (Thumb, 28 bytes, Stack size 8 bytes, py32f0xx_bsp_i2c.o(.text.I2C_Diagnosis))
<BR><BR>[Stack]<UL><LI>Max Depth = 220<LI>Call Chain = I2C_Diagnosis &rArr; BSP_I2C_Config &rArr; I2C_Unlock &rArr; LL_GPIO_Init
</UL>
<BR>[Calls]<UL><LI><a href="#[44]">&gt;&gt;</a>&nbsp;&nbsp;&nbsp;BSP_I2C_Config
</UL>
<BR>[Called By]<UL><LI><a href="#[23]">&gt;&gt;</a>&nbsp;&nbsp;&nbsp;thread_key
</UL>

<P><STRONG><a name="[45]"></a>I2C_Unlock</STRONG> (Thumb, 92 bytes, Stack size 56 bytes, py32f0xx_bsp_i2c.o(.text.I2C_Unlock))
<BR><BR>[Stack]<UL><LI>Max Depth = 92<LI>Call Chain = I2C_Unlock &rArr; LL_GPIO_Init
</UL>
<BR>[Calls]<UL><LI><a href="#[43]">&gt;&gt;</a>&nbsp;&nbsp;&nbsp;LL_GPIO_Init
</UL>
<BR>[Called By]<UL><LI><a href="#[44]">&gt;&gt;</a>&nbsp;&nbsp;&nbsp;BSP_I2C_Config
</UL>

<P><STRONG><a name="[82]"></a>Key_DebounceService_10ms</STRONG> (Thumb, 16 bytes, Stack size 0 bytes, debounce_key.o(.text.Key_DebounceService_10ms))
<BR><BR>[Called By]<UL><LI><a href="#[23]">&gt;&gt;</a>&nbsp;&nbsp;&nbsp;thread_key
</UL>

<P><STRONG><a name="[84]"></a>Key_EdgeDetect</STRONG> (Thumb, 76 bytes, Stack size 8 bytes, debounce_key.o(.text.Key_EdgeDetect))
<BR><BR>[Stack]<UL><LI>Max Depth = 8<LI>Call Chain = Key_EdgeDetect
</UL>
<BR>[Called By]<UL><LI><a href="#[23]">&gt;&gt;</a>&nbsp;&nbsp;&nbsp;thread_key
</UL>

<P><STRONG><a name="[51]"></a>Key_Init</STRONG> (Thumb, 12 bytes, Stack size 8 bytes, debounce_key.o(.text.Key_Init))
<BR><BR>[Stack]<UL><LI>Max Depth = 8<LI>Call Chain = Key_Init
</UL>
<BR>[Calls]<UL><LI><a href="#[29]">&gt;&gt;</a>&nbsp;&nbsp;&nbsp;__aeabi_memclr
</UL>
<BR>[Called By]<UL><LI><a href="#[3e]">&gt;&gt;</a>&nbsp;&nbsp;&nbsp;$Super$$main
</UL>

<P><STRONG><a name="[83]"></a>Key_Scand</STRONG> (Thumb, 100 bytes, Stack size 16 bytes, debounce_key.o(.text.Key_Scand))
<BR><BR>[Stack]<UL><LI>Max Depth = 16<LI>Call Chain = Key_Scand
</UL>
<BR>[Called By]<UL><LI><a href="#[23]">&gt;&gt;</a>&nbsp;&nbsp;&nbsp;thread_key
</UL>

<P><STRONG><a name="[85]"></a>LED_PWM_Set</STRONG> (Thumb, 28 bytes, Stack size 0 bytes, py32f0xx_bsp_tim.o(.text.LED_PWM_Set))
<BR><BR>[Called By]<UL><LI><a href="#[23]">&gt;&gt;</a>&nbsp;&nbsp;&nbsp;thread_key
</UL>

<P><STRONG><a name="[47]"></a>LL_DMA_Init</STRONG> (Thumb, 72 bytes, Stack size 16 bytes, py32f0xx_ll_dma.o(.text.LL_DMA_Init))
<BR><BR>[Stack]<UL><LI>Max Depth = 16<LI>Call Chain = LL_DMA_Init
</UL>
<BR>[Called By]<UL><LI><a href="#[44]">&gt;&gt;</a>&nbsp;&nbsp;&nbsp;BSP_I2C_Config
</UL>

<P><STRONG><a name="[40]"></a>LL_EXTI_Init</STRONG> (Thumb, 152 bytes, Stack size 0 bytes, py32f0xx_ll_exti.o(.text.LL_EXTI_Init))
<BR><BR>[Called By]<UL><LI><a href="#[3f]">&gt;&gt;</a>&nbsp;&nbsp;&nbsp;BSP_EXTI_Config
</UL>

<P><STRONG><a name="[43]"></a>LL_GPIO_Init</STRONG> (Thumb, 178 bytes, Stack size 36 bytes, py32f0xx_ll_gpio.o(.text.LL_GPIO_Init))
<BR><BR>[Stack]<UL><LI>Max Depth = 36<LI>Call Chain = LL_GPIO_Init
</UL>
<BR>[Called By]<UL><LI><a href="#[45]">&gt;&gt;</a>&nbsp;&nbsp;&nbsp;I2C_Unlock
<LI><a href="#[44]">&gt;&gt;</a>&nbsp;&nbsp;&nbsp;BSP_I2C_Config
<LI><a href="#[48]">&gt;&gt;</a>&nbsp;&nbsp;&nbsp;BSP_PWMChannelConfig
<LI><a href="#[41]">&gt;&gt;</a>&nbsp;&nbsp;&nbsp;BSP_GPIO_Config
</UL>

<P><STRONG><a name="[46]"></a>LL_I2C_Init</STRONG> (Thumb, 200 bytes, Stack size 48 bytes, py32f0xx_ll_i2c.o(.text.LL_I2C_Init))
<BR><BR>[Stack]<UL><LI>Max Depth = 64<LI>Call Chain = LL_I2C_Init &rArr; __aeabi_uidiv
</UL>
<BR>[Calls]<UL><LI><a href="#[52]">&gt;&gt;</a>&nbsp;&nbsp;&nbsp;LL_RCC_GetSystemClocksFreq
<LI><a href="#[4f]">&gt;&gt;</a>&nbsp;&nbsp;&nbsp;__aeabi_uidiv
</UL>
<BR>[Called By]<UL><LI><a href="#[44]">&gt;&gt;</a>&nbsp;&nbsp;&nbsp;BSP_I2C_Config
</UL>

<P><STRONG><a name="[52]"></a>LL_RCC_GetSystemClocksFreq</STRONG> (Thumb, 52 bytes, Stack size 8 bytes, py32f0xx_ll_rcc.o(.text.LL_RCC_GetSystemClocksFreq))
<BR><BR>[Stack]<UL><LI>Max Depth = 8<LI>Call Chain = LL_RCC_GetSystemClocksFreq
</UL>
<BR>[Calls]<UL><LI><a href="#[53]">&gt;&gt;</a>&nbsp;&nbsp;&nbsp;RCC_GetSystemClockFreq
</UL>
<BR>[Called By]<UL><LI><a href="#[46]">&gt;&gt;</a>&nbsp;&nbsp;&nbsp;LL_I2C_Init
</UL>

<P><STRONG><a name="[4b]"></a>LL_SetSystemCoreClock</STRONG> (Thumb, 8 bytes, Stack size 0 bytes, py32f0xx_ll_utils.o(.text.LL_SetSystemCoreClock))
<BR><BR>[Called By]<UL><LI><a href="#[4a]">&gt;&gt;</a>&nbsp;&nbsp;&nbsp;BSP_SystemClockConfig
</UL>

<P><STRONG><a name="[4d]"></a>LL_TIM_Init</STRONG> (Thumb, 116 bytes, Stack size 8 bytes, py32f0xx_ll_tim.o(.text.LL_TIM_Init))
<BR><BR>[Stack]<UL><LI>Max Depth = 8<LI>Call Chain = LL_TIM_Init
</UL>
<BR>[Called By]<UL><LI><a href="#[4c]">&gt;&gt;</a>&nbsp;&nbsp;&nbsp;BSP_TIM_config
</UL>

<P><STRONG><a name="[49]"></a>LL_TIM_OC_Init</STRONG> (Thumb, 536 bytes, Stack size 36 bytes, py32f0xx_ll_tim.o(.text.LL_TIM_OC_Init))
<BR><BR>[Stack]<UL><LI>Max Depth = 36<LI>Call Chain = LL_TIM_OC_Init
</UL>
<BR>[Called By]<UL><LI><a href="#[48]">&gt;&gt;</a>&nbsp;&nbsp;&nbsp;BSP_PWMChannelConfig
</UL>

<P><STRONG><a name="[6b]"></a>LL_mDelay</STRONG> (Thumb, 32 bytes, Stack size 4 bytes, py32f0xx_ll_utils.o(.text.LL_mDelay))
<BR><BR>[Stack]<UL><LI>Max Depth = 4<LI>Call Chain = LL_mDelay
</UL>
<BR>[Called By]<UL><LI><a href="#[26]">&gt;&gt;</a>&nbsp;&nbsp;&nbsp;thread_sleep
<LI><a href="#[23]">&gt;&gt;</a>&nbsp;&nbsp;&nbsp;thread_key
<LI><a href="#[3e]">&gt;&gt;</a>&nbsp;&nbsp;&nbsp;$Super$$main
</UL>

<P><STRONG><a name="[1]"></a>NMI_Handler</STRONG> (Thumb, 2 bytes, Stack size 0 bytes, py32f0xx_it.o(.text.NMI_Handler))
<BR>[Address Reference Count : 1]<UL><LI> startup_py32f030xx.o(RESET)
</UL>
<P><STRONG><a name="[4]"></a>PendSV_Handler</STRONG> (Thumb, 2 bytes, Stack size 0 bytes, py32f0xx_it.o(.text.PendSV_Handler))
<BR>[Address Reference Count : 1]<UL><LI> startup_py32f030xx.o(RESET)
</UL>
<P><STRONG><a name="[53]"></a>RCC_GetSystemClockFreq</STRONG> (Thumb, 84 bytes, Stack size 0 bytes, py32f0xx_ll_rcc.o(.text.RCC_GetSystemClockFreq))
<BR><BR>[Called By]<UL><LI><a href="#[52]">&gt;&gt;</a>&nbsp;&nbsp;&nbsp;LL_RCC_GetSystemClocksFreq
</UL>

<P><STRONG><a name="[3]"></a>SVC_Handler</STRONG> (Thumb, 2 bytes, Stack size 0 bytes, py32f0xx_it.o(.text.SVC_Handler))
<BR>[Address Reference Count : 1]<UL><LI> startup_py32f030xx.o(RESET)
</UL>
<P><STRONG><a name="[54]"></a>SW6306_ADCLoad</STRONG> (Thumb, 336 bytes, Stack size 24 bytes, sw6306.o(.text.SW6306_ADCLoad))
<BR><BR>[Stack]<UL><LI>Max Depth = 96<LI>Call Chain = SW6306_ADCLoad &rArr; SW6306_ADCRead &rArr; SW6306_ByteWrite &rArr; ASYNC_I2C_Transmit
</UL>
<BR>[Calls]<UL><LI><a href="#[56]">&gt;&gt;</a>&nbsp;&nbsp;&nbsp;SW6306_ADCRead
<LI><a href="#[55]">&gt;&gt;</a>&nbsp;&nbsp;&nbsp;SW6306_RegsetSwitch
</UL>
<BR>[Called By]<UL><LI><a href="#[25]">&gt;&gt;</a>&nbsp;&nbsp;&nbsp;thread_app
</UL>

<P><STRONG><a name="[56]"></a>SW6306_ADCRead</STRONG> (Thumb, 144 bytes, Stack size 32 bytes, sw6306.o(.text.SW6306_ADCRead))
<BR><BR>[Stack]<UL><LI>Max Depth = 72<LI>Call Chain = SW6306_ADCRead &rArr; SW6306_ByteWrite &rArr; ASYNC_I2C_Transmit
</UL>
<BR>[Calls]<UL><LI><a href="#[58]">&gt;&gt;</a>&nbsp;&nbsp;&nbsp;ASYNC_I2C_Receive
<LI><a href="#[57]">&gt;&gt;</a>&nbsp;&nbsp;&nbsp;SW6306_ByteWrite
</UL>
<BR>[Called By]<UL><LI><a href="#[54]">&gt;&gt;</a>&nbsp;&nbsp;&nbsp;SW6306_ADCLoad
</UL>

<P><STRONG><a name="[59]"></a>SW6306_ByteModify</STRONG> (Thumb, 104 bytes, Stack size 24 bytes, sw6306.o(.text.SW6306_ByteModify))
<BR><BR>[Stack]<UL><LI>Max Depth = 64<LI>Call Chain = SW6306_ByteModify &rArr; SW6306_ByteRead &rArr; ASYNC_I2C_Receive
</UL>
<BR>[Calls]<UL><LI><a href="#[5a]">&gt;&gt;</a>&nbsp;&nbsp;&nbsp;SW6306_ByteRead
<LI><a href="#[57]">&gt;&gt;</a>&nbsp;&nbsp;&nbsp;SW6306_ByteWrite
</UL>
<BR>[Called By]<UL><LI><a href="#[61]">&gt;&gt;</a>&nbsp;&nbsp;&nbsp;SW6306_LPSet
<LI><a href="#[5f]">&gt;&gt;</a>&nbsp;&nbsp;&nbsp;SW6306_Init
</UL>

<P><STRONG><a name="[5a]"></a>SW6306_ByteRead</STRONG> (Thumb, 120 bytes, Stack size 24 bytes, sw6306.o(.text.SW6306_ByteRead))
<BR><BR>[Stack]<UL><LI>Max Depth = 40<LI>Call Chain = SW6306_ByteRead &rArr; ASYNC_I2C_Receive
</UL>
<BR>[Calls]<UL><LI><a href="#[58]">&gt;&gt;</a>&nbsp;&nbsp;&nbsp;ASYNC_I2C_Receive
</UL>
<BR>[Called By]<UL><LI><a href="#[5c]">&gt;&gt;</a>&nbsp;&nbsp;&nbsp;SW6306_CapacityLoad
<LI><a href="#[66]">&gt;&gt;</a>&nbsp;&nbsp;&nbsp;SW6306_PowerLoad
<LI><a href="#[68]">&gt;&gt;</a>&nbsp;&nbsp;&nbsp;SW6306_StatusLoad
<LI><a href="#[65]">&gt;&gt;</a>&nbsp;&nbsp;&nbsp;SW6306_PortStatusLoad
<LI><a href="#[59]">&gt;&gt;</a>&nbsp;&nbsp;&nbsp;SW6306_ByteModify
<LI><a href="#[55]">&gt;&gt;</a>&nbsp;&nbsp;&nbsp;SW6306_RegsetSwitch
</UL>

<P><STRONG><a name="[57]"></a>SW6306_ByteWrite</STRONG> (Thumb, 124 bytes, Stack size 24 bytes, sw6306.o(.text.SW6306_ByteWrite))
<BR><BR>[Stack]<UL><LI>Max Depth = 40<LI>Call Chain = SW6306_ByteWrite &rArr; ASYNC_I2C_Transmit
</UL>
<BR>[Calls]<UL><LI><a href="#[5b]">&gt;&gt;</a>&nbsp;&nbsp;&nbsp;ASYNC_I2C_Transmit
</UL>
<BR>[Called By]<UL><LI><a href="#[60]">&gt;&gt;</a>&nbsp;&nbsp;&nbsp;SW6306_Unlock
<LI><a href="#[5d]">&gt;&gt;</a>&nbsp;&nbsp;&nbsp;SW6306_Click
<LI><a href="#[62]">&gt;&gt;</a>&nbsp;&nbsp;&nbsp;SW6306_PortA1Insert
<LI><a href="#[64]">&gt;&gt;</a>&nbsp;&nbsp;&nbsp;SW6306_PortA2Remove
<LI><a href="#[63]">&gt;&gt;</a>&nbsp;&nbsp;&nbsp;SW6306_PortA1Remove
<LI><a href="#[5f]">&gt;&gt;</a>&nbsp;&nbsp;&nbsp;SW6306_Init
<LI><a href="#[5e]">&gt;&gt;</a>&nbsp;&nbsp;&nbsp;SW6306_ForceOff
<LI><a href="#[56]">&gt;&gt;</a>&nbsp;&nbsp;&nbsp;SW6306_ADCRead
<LI><a href="#[59]">&gt;&gt;</a>&nbsp;&nbsp;&nbsp;SW6306_ByteModify
<LI><a href="#[55]">&gt;&gt;</a>&nbsp;&nbsp;&nbsp;SW6306_RegsetSwitch
</UL>

<P><STRONG><a name="[5c]"></a>SW6306_CapacityLoad</STRONG> (Thumb, 248 bytes, Stack size 32 bytes, sw6306.o(.text.SW6306_CapacityLoad))
<BR><BR>[Stack]<UL><LI>Max Depth = 96<LI>Call Chain = SW6306_CapacityLoad &rArr; SW6306_RegsetSwitch &rArr; SW6306_ByteRead &rArr; ASYNC_I2C_Receive
</UL>
<BR>[Calls]<UL><LI><a href="#[58]">&gt;&gt;</a>&nbsp;&nbsp;&nbsp;ASYNC_I2C_Receive
<LI><a href="#[55]">&gt;&gt;</a>&nbsp;&nbsp;&nbsp;SW6306_RegsetSwitch
<LI><a href="#[5a]">&gt;&gt;</a>&nbsp;&nbsp;&nbsp;SW6306_ByteRead
</UL>
<BR>[Called By]<UL><LI><a href="#[25]">&gt;&gt;</a>&nbsp;&nbsp;&nbsp;thread_app
</UL>

<P><STRONG><a name="[5d]"></a>SW6306_Click</STRONG> (Thumb, 84 bytes, Stack size 16 bytes, sw6306.o(.text.SW6306_Click))
<BR><BR>[Stack]<UL><LI>Max Depth = 80<LI>Call Chain = SW6306_Click &rArr; SW6306_RegsetSwitch &rArr; SW6306_ByteRead &rArr; ASYNC_I2C_Receive
</UL>
<BR>[Calls]<UL><LI><a href="#[55]">&gt;&gt;</a>&nbsp;&nbsp;&nbsp;SW6306_RegsetSwitch
<LI><a href="#[57]">&gt;&gt;</a>&nbsp;&nbsp;&nbsp;SW6306_ByteWrite
</UL>
<BR>[Called By]<UL><LI><a href="#[23]">&gt;&gt;</a>&nbsp;&nbsp;&nbsp;thread_key
</UL>

<P><STRONG><a name="[5e]"></a>SW6306_ForceOff</STRONG> (Thumb, 124 bytes, Stack size 16 bytes, sw6306.o(.text.SW6306_ForceOff))
<BR><BR>[Stack]<UL><LI>Max Depth = 80<LI>Call Chain = SW6306_ForceOff &rArr; SW6306_RegsetSwitch &rArr; SW6306_ByteRead &rArr; ASYNC_I2C_Receive
</UL>
<BR>[Calls]<UL><LI><a href="#[55]">&gt;&gt;</a>&nbsp;&nbsp;&nbsp;SW6306_RegsetSwitch
<LI><a href="#[57]">&gt;&gt;</a>&nbsp;&nbsp;&nbsp;SW6306_ByteWrite
</UL>
<BR>[Called By]<UL><LI><a href="#[24]">&gt;&gt;</a>&nbsp;&nbsp;&nbsp;thread_trig
<LI><a href="#[25]">&gt;&gt;</a>&nbsp;&nbsp;&nbsp;thread_app
</UL>

<P><STRONG><a name="[5f]"></a>SW6306_Init</STRONG> (Thumb, 2704 bytes, Stack size 24 bytes, sw6306.o(.text.SW6306_Init))
<BR><BR>[Stack]<UL><LI>Max Depth = 104<LI>Call Chain = SW6306_Init &rArr; SW6306_Unlock &rArr; SW6306_RegsetSwitch &rArr; SW6306_ByteRead &rArr; ASYNC_I2C_Receive
</UL>
<BR>[Calls]<UL><LI><a href="#[60]">&gt;&gt;</a>&nbsp;&nbsp;&nbsp;SW6306_Unlock
<LI><a href="#[59]">&gt;&gt;</a>&nbsp;&nbsp;&nbsp;SW6306_ByteModify
<LI><a href="#[55]">&gt;&gt;</a>&nbsp;&nbsp;&nbsp;SW6306_RegsetSwitch
<LI><a href="#[57]">&gt;&gt;</a>&nbsp;&nbsp;&nbsp;SW6306_ByteWrite
</UL>
<BR>[Called By]<UL><LI><a href="#[25]">&gt;&gt;</a>&nbsp;&nbsp;&nbsp;thread_app
</UL>

<P><STRONG><a name="[86]"></a>SW6306_IsBatteryDepleted</STRONG> (Thumb, 12 bytes, Stack size 0 bytes, sw6306.o(.text.SW6306_IsBatteryDepleted))
<BR><BR>[Called By]<UL><LI><a href="#[23]">&gt;&gt;</a>&nbsp;&nbsp;&nbsp;thread_key
</UL>

<P><STRONG><a name="[71]"></a>SW6306_IsCharging</STRONG> (Thumb, 12 bytes, Stack size 0 bytes, sw6306.o(.text.SW6306_IsCharging))
<BR><BR>[Called By]<UL><LI><a href="#[25]">&gt;&gt;</a>&nbsp;&nbsp;&nbsp;thread_app
</UL>

<P><STRONG><a name="[75]"></a>SW6306_IsDischarging</STRONG> (Thumb, 12 bytes, Stack size 0 bytes, sw6306.o(.text.SW6306_IsDischarging))
<BR><BR>[Called By]<UL><LI><a href="#[25]">&gt;&gt;</a>&nbsp;&nbsp;&nbsp;thread_app
</UL>

<P><STRONG><a name="[77]"></a>SW6306_IsErrorinCharging</STRONG> (Thumb, 12 bytes, Stack size 0 bytes, sw6306.o(.text.SW6306_IsErrorinCharging))
<BR><BR>[Called By]<UL><LI><a href="#[25]">&gt;&gt;</a>&nbsp;&nbsp;&nbsp;thread_app
</UL>

<P><STRONG><a name="[78]"></a>SW6306_IsErrorinDischarging</STRONG> (Thumb, 12 bytes, Stack size 0 bytes, sw6306.o(.text.SW6306_IsErrorinDischarging))
<BR><BR>[Called By]<UL><LI><a href="#[25]">&gt;&gt;</a>&nbsp;&nbsp;&nbsp;thread_app
</UL>

<P><STRONG><a name="[76]"></a>SW6306_IsFullCharged</STRONG> (Thumb, 12 bytes, Stack size 0 bytes, sw6306.o(.text.SW6306_IsFullCharged))
<BR><BR>[Called By]<UL><LI><a href="#[25]">&gt;&gt;</a>&nbsp;&nbsp;&nbsp;thread_app
</UL>

<P><STRONG><a name="[6d]"></a>SW6306_IsInitialized</STRONG> (Thumb, 40 bytes, Stack size 0 bytes, sw6306.o(.text.SW6306_IsInitialized))
<BR><BR>[Called By]<UL><LI><a href="#[25]">&gt;&gt;</a>&nbsp;&nbsp;&nbsp;thread_app
</UL>

<P><STRONG><a name="[87]"></a>SW6306_IsOverHeated</STRONG> (Thumb, 24 bytes, Stack size 0 bytes, sw6306.o(.text.SW6306_IsOverHeated))
<BR><BR>[Called By]<UL><LI><a href="#[23]">&gt;&gt;</a>&nbsp;&nbsp;&nbsp;thread_key
</UL>

<P><STRONG><a name="[6f]"></a>SW6306_IsPortA1ON</STRONG> (Thumb, 12 bytes, Stack size 0 bytes, sw6306.o(.text.SW6306_IsPortA1ON))
<BR><BR>[Called By]<UL><LI><a href="#[25]">&gt;&gt;</a>&nbsp;&nbsp;&nbsp;thread_app
</UL>

<P><STRONG><a name="[70]"></a>SW6306_IsPortA2ON</STRONG> (Thumb, 12 bytes, Stack size 0 bytes, sw6306.o(.text.SW6306_IsPortA2ON))
<BR><BR>[Called By]<UL><LI><a href="#[25]">&gt;&gt;</a>&nbsp;&nbsp;&nbsp;thread_app
</UL>

<P><STRONG><a name="[72]"></a>SW6306_IsPortC1ON</STRONG> (Thumb, 12 bytes, Stack size 0 bytes, sw6306.o(.text.SW6306_IsPortC1ON))
<BR><BR>[Called By]<UL><LI><a href="#[25]">&gt;&gt;</a>&nbsp;&nbsp;&nbsp;thread_app
</UL>

<P><STRONG><a name="[73]"></a>SW6306_IsPortC2ON</STRONG> (Thumb, 12 bytes, Stack size 0 bytes, sw6306.o(.text.SW6306_IsPortC2ON))
<BR><BR>[Called By]<UL><LI><a href="#[25]">&gt;&gt;</a>&nbsp;&nbsp;&nbsp;thread_app
</UL>

<P><STRONG><a name="[61]"></a>SW6306_LPSet</STRONG> (Thumb, 88 bytes, Stack size 16 bytes, sw6306.o(.text.SW6306_LPSet))
<BR><BR>[Stack]<UL><LI>Max Depth = 80<LI>Call Chain = SW6306_LPSet &rArr; SW6306_ByteModify &rArr; SW6306_ByteRead &rArr; ASYNC_I2C_Receive
</UL>
<BR>[Calls]<UL><LI><a href="#[59]">&gt;&gt;</a>&nbsp;&nbsp;&nbsp;SW6306_ByteModify
<LI><a href="#[55]">&gt;&gt;</a>&nbsp;&nbsp;&nbsp;SW6306_RegsetSwitch
</UL>
<BR>[Called By]<UL><LI><a href="#[26]">&gt;&gt;</a>&nbsp;&nbsp;&nbsp;thread_sleep
</UL>

<P><STRONG><a name="[62]"></a>SW6306_PortA1Insert</STRONG> (Thumb, 84 bytes, Stack size 16 bytes, sw6306.o(.text.SW6306_PortA1Insert))
<BR><BR>[Stack]<UL><LI>Max Depth = 80<LI>Call Chain = SW6306_PortA1Insert &rArr; SW6306_RegsetSwitch &rArr; SW6306_ByteRead &rArr; ASYNC_I2C_Receive
</UL>
<BR>[Calls]<UL><LI><a href="#[55]">&gt;&gt;</a>&nbsp;&nbsp;&nbsp;SW6306_RegsetSwitch
<LI><a href="#[57]">&gt;&gt;</a>&nbsp;&nbsp;&nbsp;SW6306_ByteWrite
</UL>
<BR>[Called By]<UL><LI><a href="#[25]">&gt;&gt;</a>&nbsp;&nbsp;&nbsp;thread_app
</UL>

<P><STRONG><a name="[63]"></a>SW6306_PortA1Remove</STRONG> (Thumb, 84 bytes, Stack size 16 bytes, sw6306.o(.text.SW6306_PortA1Remove))
<BR><BR>[Stack]<UL><LI>Max Depth = 80<LI>Call Chain = SW6306_PortA1Remove &rArr; SW6306_RegsetSwitch &rArr; SW6306_ByteRead &rArr; ASYNC_I2C_Receive
</UL>
<BR>[Calls]<UL><LI><a href="#[55]">&gt;&gt;</a>&nbsp;&nbsp;&nbsp;SW6306_RegsetSwitch
<LI><a href="#[57]">&gt;&gt;</a>&nbsp;&nbsp;&nbsp;SW6306_ByteWrite
</UL>
<BR>[Called By]<UL><LI><a href="#[25]">&gt;&gt;</a>&nbsp;&nbsp;&nbsp;thread_app
</UL>

<P><STRONG><a name="[64]"></a>SW6306_PortA2Remove</STRONG> (Thumb, 84 bytes, Stack size 16 bytes, sw6306.o(.text.SW6306_PortA2Remove))
<BR><BR>[Stack]<UL><LI>Max Depth = 80<LI>Call Chain = SW6306_PortA2Remove &rArr; SW6306_RegsetSwitch &rArr; SW6306_ByteRead &rArr; ASYNC_I2C_Receive
</UL>
<BR>[Calls]<UL><LI><a href="#[55]">&gt;&gt;</a>&nbsp;&nbsp;&nbsp;SW6306_RegsetSwitch
<LI><a href="#[57]">&gt;&gt;</a>&nbsp;&nbsp;&nbsp;SW6306_ByteWrite
</UL>
<BR>[Called By]<UL><LI><a href="#[25]">&gt;&gt;</a>&nbsp;&nbsp;&nbsp;thread_app
</UL>

<P><STRONG><a name="[65]"></a>SW6306_PortStatusLoad</STRONG> (Thumb, 200 bytes, Stack size 16 bytes, sw6306.o(.text.SW6306_PortStatusLoad))
<BR><BR>[Stack]<UL><LI>Max Depth = 80<LI>Call Chain = SW6306_PortStatusLoad &rArr; SW6306_RegsetSwitch &rArr; SW6306_ByteRead &rArr; ASYNC_I2C_Receive
</UL>
<BR>[Calls]<UL><LI><a href="#[55]">&gt;&gt;</a>&nbsp;&nbsp;&nbsp;SW6306_RegsetSwitch
<LI><a href="#[5a]">&gt;&gt;</a>&nbsp;&nbsp;&nbsp;SW6306_ByteRead
</UL>
<BR>[Called By]<UL><LI><a href="#[25]">&gt;&gt;</a>&nbsp;&nbsp;&nbsp;thread_app
</UL>

<P><STRONG><a name="[66]"></a>SW6306_PowerLoad</STRONG> (Thumb, 308 bytes, Stack size 16 bytes, sw6306.o(.text.SW6306_PowerLoad))
<BR><BR>[Stack]<UL><LI>Max Depth = 80<LI>Call Chain = SW6306_PowerLoad &rArr; SW6306_RegsetSwitch &rArr; SW6306_ByteRead &rArr; ASYNC_I2C_Receive
</UL>
<BR>[Calls]<UL><LI><a href="#[55]">&gt;&gt;</a>&nbsp;&nbsp;&nbsp;SW6306_RegsetSwitch
<LI><a href="#[5a]">&gt;&gt;</a>&nbsp;&nbsp;&nbsp;SW6306_ByteRead
</UL>
<BR>[Called By]<UL><LI><a href="#[25]">&gt;&gt;</a>&nbsp;&nbsp;&nbsp;thread_app
</UL>

<P><STRONG><a name="[7a]"></a>SW6306_ReadCapacity</STRONG> (Thumb, 8 bytes, Stack size 0 bytes, sw6306.o(.text.SW6306_ReadCapacity))
<BR><BR>[Called By]<UL><LI><a href="#[25]">&gt;&gt;</a>&nbsp;&nbsp;&nbsp;thread_app
</UL>

<P><STRONG><a name="[74]"></a>SW6306_ReadIBAT</STRONG> (Thumb, 8 bytes, Stack size 0 bytes, sw6306.o(.text.SW6306_ReadIBAT))
<BR><BR>[Called By]<UL><LI><a href="#[25]">&gt;&gt;</a>&nbsp;&nbsp;&nbsp;thread_app
</UL>

<P><STRONG><a name="[6e]"></a>SW6306_ReadIBUS</STRONG> (Thumb, 8 bytes, Stack size 0 bytes, sw6306.o(.text.SW6306_ReadIBUS))
<BR><BR>[Called By]<UL><LI><a href="#[25]">&gt;&gt;</a>&nbsp;&nbsp;&nbsp;thread_app
</UL>

<P><STRONG><a name="[79]"></a>SW6306_ReadProtocol</STRONG> (Thumb, 24 bytes, Stack size 0 bytes, sw6306.o(.text.SW6306_ReadProtocol))
<BR><BR>[Called By]<UL><LI><a href="#[25]">&gt;&gt;</a>&nbsp;&nbsp;&nbsp;thread_app
</UL>

<P><STRONG><a name="[67]"></a>SW6306_ReadTCHIP</STRONG> (Thumb, 24 bytes, Stack size 8 bytes, sw6306.o(.text.SW6306_ReadTCHIP))
<BR><BR>[Stack]<UL><LI>Max Depth = 28<LI>Call Chain = SW6306_ReadTCHIP &rArr; __aeabi_i2f &rArr; _float_epilogue
</UL>
<BR>[Calls]<UL><LI><a href="#[2c]">&gt;&gt;</a>&nbsp;&nbsp;&nbsp;__aeabi_fdiv
<LI><a href="#[2e]">&gt;&gt;</a>&nbsp;&nbsp;&nbsp;__aeabi_i2f
</UL>
<BR>[Called By]<UL><LI><a href="#[25]">&gt;&gt;</a>&nbsp;&nbsp;&nbsp;thread_app
</UL>

<P><STRONG><a name="[7d]"></a>SW6306_ReadTNTC</STRONG> (Thumb, 16 bytes, Stack size 0 bytes, sw6306.o(.text.SW6306_ReadTNTC))
<BR><BR>[Called By]<UL><LI><a href="#[25]">&gt;&gt;</a>&nbsp;&nbsp;&nbsp;thread_app
</UL>

<P><STRONG><a name="[7c]"></a>SW6306_ReadVBAT</STRONG> (Thumb, 8 bytes, Stack size 0 bytes, sw6306.o(.text.SW6306_ReadVBAT))
<BR><BR>[Called By]<UL><LI><a href="#[25]">&gt;&gt;</a>&nbsp;&nbsp;&nbsp;thread_app
</UL>

<P><STRONG><a name="[7b]"></a>SW6306_ReadVBUS</STRONG> (Thumb, 8 bytes, Stack size 0 bytes, sw6306.o(.text.SW6306_ReadVBUS))
<BR><BR>[Called By]<UL><LI><a href="#[25]">&gt;&gt;</a>&nbsp;&nbsp;&nbsp;thread_app
</UL>

<P><STRONG><a name="[55]"></a>SW6306_RegsetSwitch</STRONG> (Thumb, 140 bytes, Stack size 24 bytes, sw6306.o(.text.SW6306_RegsetSwitch))
<BR><BR>[Stack]<UL><LI>Max Depth = 64<LI>Call Chain = SW6306_RegsetSwitch &rArr; SW6306_ByteRead &rArr; ASYNC_I2C_Receive
</UL>
<BR>[Calls]<UL><LI><a href="#[5a]">&gt;&gt;</a>&nbsp;&nbsp;&nbsp;SW6306_ByteRead
<LI><a href="#[57]">&gt;&gt;</a>&nbsp;&nbsp;&nbsp;SW6306_ByteWrite
</UL>
<BR>[Called By]<UL><LI><a href="#[60]">&gt;&gt;</a>&nbsp;&nbsp;&nbsp;SW6306_Unlock
<LI><a href="#[61]">&gt;&gt;</a>&nbsp;&nbsp;&nbsp;SW6306_LPSet
<LI><a href="#[5d]">&gt;&gt;</a>&nbsp;&nbsp;&nbsp;SW6306_Click
<LI><a href="#[62]">&gt;&gt;</a>&nbsp;&nbsp;&nbsp;SW6306_PortA1Insert
<LI><a href="#[64]">&gt;&gt;</a>&nbsp;&nbsp;&nbsp;SW6306_PortA2Remove
<LI><a href="#[63]">&gt;&gt;</a>&nbsp;&nbsp;&nbsp;SW6306_PortA1Remove
<LI><a href="#[5c]">&gt;&gt;</a>&nbsp;&nbsp;&nbsp;SW6306_CapacityLoad
<LI><a href="#[66]">&gt;&gt;</a>&nbsp;&nbsp;&nbsp;SW6306_PowerLoad
<LI><a href="#[68]">&gt;&gt;</a>&nbsp;&nbsp;&nbsp;SW6306_StatusLoad
<LI><a href="#[65]">&gt;&gt;</a>&nbsp;&nbsp;&nbsp;SW6306_PortStatusLoad
<LI><a href="#[54]">&gt;&gt;</a>&nbsp;&nbsp;&nbsp;SW6306_ADCLoad
<LI><a href="#[5f]">&gt;&gt;</a>&nbsp;&nbsp;&nbsp;SW6306_Init
<LI><a href="#[5e]">&gt;&gt;</a>&nbsp;&nbsp;&nbsp;SW6306_ForceOff
</UL>

<P><STRONG><a name="[68]"></a>SW6306_StatusLoad</STRONG> (Thumb, 384 bytes, Stack size 16 bytes, sw6306.o(.text.SW6306_StatusLoad))
<BR><BR>[Stack]<UL><LI>Max Depth = 80<LI>Call Chain = SW6306_StatusLoad &rArr; SW6306_RegsetSwitch &rArr; SW6306_ByteRead &rArr; ASYNC_I2C_Receive
</UL>
<BR>[Calls]<UL><LI><a href="#[55]">&gt;&gt;</a>&nbsp;&nbsp;&nbsp;SW6306_RegsetSwitch
<LI><a href="#[5a]">&gt;&gt;</a>&nbsp;&nbsp;&nbsp;SW6306_ByteRead
</UL>
<BR>[Called By]<UL><LI><a href="#[25]">&gt;&gt;</a>&nbsp;&nbsp;&nbsp;thread_app
</UL>

<P><STRONG><a name="[60]"></a>SW6306_Unlock</STRONG> (Thumb, 212 bytes, Stack size 16 bytes, sw6306.o(.text.SW6306_Unlock))
<BR><BR>[Stack]<UL><LI>Max Depth = 80<LI>Call Chain = SW6306_Unlock &rArr; SW6306_RegsetSwitch &rArr; SW6306_ByteRead &rArr; ASYNC_I2C_Receive
</UL>
<BR>[Calls]<UL><LI><a href="#[55]">&gt;&gt;</a>&nbsp;&nbsp;&nbsp;SW6306_RegsetSwitch
<LI><a href="#[57]">&gt;&gt;</a>&nbsp;&nbsp;&nbsp;SW6306_ByteWrite
</UL>
<BR>[Called By]<UL><LI><a href="#[26]">&gt;&gt;</a>&nbsp;&nbsp;&nbsp;thread_sleep
<LI><a href="#[5f]">&gt;&gt;</a>&nbsp;&nbsp;&nbsp;SW6306_Init
</UL>

<P><STRONG><a name="[69]"></a>SysInit</STRONG> (Thumb, 40 bytes, Stack size 8 bytes, bsp_py32f030x6.o(.text.SysInit))
<BR><BR>[Stack]<UL><LI>Max Depth = 220<LI>Call Chain = SysInit &rArr; BSP_I2C_Config &rArr; I2C_Unlock &rArr; LL_GPIO_Init
</UL>
<BR>[Calls]<UL><LI><a href="#[44]">&gt;&gt;</a>&nbsp;&nbsp;&nbsp;BSP_I2C_Config
<LI><a href="#[4e]">&gt;&gt;</a>&nbsp;&nbsp;&nbsp;BSP_USART_Config
<LI><a href="#[48]">&gt;&gt;</a>&nbsp;&nbsp;&nbsp;BSP_PWMChannelConfig
<LI><a href="#[4c]">&gt;&gt;</a>&nbsp;&nbsp;&nbsp;BSP_TIM_config
<LI><a href="#[3f]">&gt;&gt;</a>&nbsp;&nbsp;&nbsp;BSP_EXTI_Config
<LI><a href="#[41]">&gt;&gt;</a>&nbsp;&nbsp;&nbsp;BSP_GPIO_Config
<LI><a href="#[6a]">&gt;&gt;</a>&nbsp;&nbsp;&nbsp;BSP_PWR_Config
<LI><a href="#[4a]">&gt;&gt;</a>&nbsp;&nbsp;&nbsp;BSP_SystemClockConfig
</UL>
<BR>[Called By]<UL><LI><a href="#[3e]">&gt;&gt;</a>&nbsp;&nbsp;&nbsp;$Super$$main
</UL>

<P><STRONG><a name="[5]"></a>SysTick_Handler</STRONG> (Thumb, 12 bytes, Stack size 0 bytes, py32f0xx_it.o(.text.SysTick_Handler))
<BR>[Address Reference Count : 1]<UL><LI> startup_py32f030xx.o(RESET)
</UL>
<P><STRONG><a name="[1f]"></a>SystemInit</STRONG> (Thumb, 32 bytes, Stack size 0 bytes, system_py32f0xx.o(.text.SystemInit))
<BR>[Address Reference Count : 1]<UL><LI> startup_py32f030xx.o(.text)
</UL>
<P><STRONG><a name="[1b]"></a>USART1_IRQHandler</STRONG> (Thumb, 192 bytes, Stack size 12 bytes, py32f0xx_bsp_usart.o(.text.USART1_IRQHandler))
<BR><BR>[Stack]<UL><LI>Max Depth = 12<LI>Call Chain = USART1_IRQHandler
</UL>
<BR>[Address Reference Count : 1]<UL><LI> startup_py32f030xx.o(RESET)
</UL>
<P><STRONG><a name="[89]"></a>USART_IsBusy</STRONG> (Thumb, 24 bytes, Stack size 0 bytes, py32f0xx_bsp_usart.o(.text.USART_IsBusy))
<BR><BR>[Called By]<UL><LI><a href="#[26]">&gt;&gt;</a>&nbsp;&nbsp;&nbsp;thread_sleep
</UL>

<P><STRONG><a name="[80]"></a>USART_bufread</STRONG> (Thumb, 72 bytes, Stack size 20 bytes, py32f0xx_bsp_usart.o(.text.USART_bufread))
<BR><BR>[Stack]<UL><LI>Max Depth = 20<LI>Call Chain = USART_bufread
</UL>
<BR>[Called By]<UL><LI><a href="#[22]">&gt;&gt;</a>&nbsp;&nbsp;&nbsp;thread_echo
</UL>

<P><STRONG><a name="[81]"></a>USART_bufsend</STRONG> (Thumb, 124 bytes, Stack size 28 bytes, py32f0xx_bsp_usart.o(.text.USART_bufsend))
<BR><BR>[Stack]<UL><LI>Max Depth = 28<LI>Call Chain = USART_bufsend
</UL>
<BR>[Called By]<UL><LI><a href="#[22]">&gt;&gt;</a>&nbsp;&nbsp;&nbsp;thread_echo
<LI><a href="#[6c]">&gt;&gt;</a>&nbsp;&nbsp;&nbsp;uprintf
</UL>

<P><STRONG><a name="[7f]"></a>USART_getvalidnum</STRONG> (Thumb, 24 bytes, Stack size 0 bytes, py32f0xx_bsp_usart.o(.text.USART_getvalidnum))
<BR><BR>[Called By]<UL><LI><a href="#[22]">&gt;&gt;</a>&nbsp;&nbsp;&nbsp;thread_echo
</UL>

<P><STRONG><a name="[3e]"></a>$Super$$main</STRONG> (Thumb, 84 bytes, Stack size 16 bytes, main.o(.text.main))
<BR><BR>[Stack]<UL><LI>Max Depth = 236<LI>Call Chain = $Super$$main &rArr; SysInit &rArr; BSP_I2C_Config &rArr; I2C_Unlock &rArr; LL_GPIO_Init
</UL>
<BR>[Calls]<UL><LI><a href="#[51]">&gt;&gt;</a>&nbsp;&nbsp;&nbsp;Key_Init
<LI><a href="#[6b]">&gt;&gt;</a>&nbsp;&nbsp;&nbsp;LL_mDelay
<LI><a href="#[6c]">&gt;&gt;</a>&nbsp;&nbsp;&nbsp;uprintf
<LI><a href="#[69]">&gt;&gt;</a>&nbsp;&nbsp;&nbsp;SysInit
<LI><a href="#[42]">&gt;&gt;</a>&nbsp;&nbsp;&nbsp;__aeabi_memclr4
</UL>
<BR>[Called By]<UL><LI><a href="#[1e]">&gt;&gt;</a>&nbsp;&nbsp;&nbsp;main
</UL>

<P><STRONG><a name="[25]"></a>thread_app</STRONG> (Thumb, 1024 bytes, Stack size 32 bytes, main.o(.text.thread_app))
<BR><BR>[Stack]<UL><LI>Max Depth = 156<LI>Call Chain = thread_app &rArr; uprintf &rArr; USART_bufsend
</UL>
<BR>[Calls]<UL><LI><a href="#[62]">&gt;&gt;</a>&nbsp;&nbsp;&nbsp;SW6306_PortA1Insert
<LI><a href="#[64]">&gt;&gt;</a>&nbsp;&nbsp;&nbsp;SW6306_PortA2Remove
<LI><a href="#[63]">&gt;&gt;</a>&nbsp;&nbsp;&nbsp;SW6306_PortA1Remove
<LI><a href="#[7e]">&gt;&gt;</a>&nbsp;&nbsp;&nbsp;__aeabi_f2d
<LI><a href="#[67]">&gt;&gt;</a>&nbsp;&nbsp;&nbsp;SW6306_ReadTCHIP
<LI><a href="#[7d]">&gt;&gt;</a>&nbsp;&nbsp;&nbsp;SW6306_ReadTNTC
<LI><a href="#[7c]">&gt;&gt;</a>&nbsp;&nbsp;&nbsp;SW6306_ReadVBAT
<LI><a href="#[7b]">&gt;&gt;</a>&nbsp;&nbsp;&nbsp;SW6306_ReadVBUS
<LI><a href="#[7a]">&gt;&gt;</a>&nbsp;&nbsp;&nbsp;SW6306_ReadCapacity
<LI><a href="#[79]">&gt;&gt;</a>&nbsp;&nbsp;&nbsp;SW6306_ReadProtocol
<LI><a href="#[78]">&gt;&gt;</a>&nbsp;&nbsp;&nbsp;SW6306_IsErrorinDischarging
<LI><a href="#[77]">&gt;&gt;</a>&nbsp;&nbsp;&nbsp;SW6306_IsErrorinCharging
<LI><a href="#[76]">&gt;&gt;</a>&nbsp;&nbsp;&nbsp;SW6306_IsFullCharged
<LI><a href="#[75]">&gt;&gt;</a>&nbsp;&nbsp;&nbsp;SW6306_IsDischarging
<LI><a href="#[74]">&gt;&gt;</a>&nbsp;&nbsp;&nbsp;SW6306_ReadIBAT
<LI><a href="#[73]">&gt;&gt;</a>&nbsp;&nbsp;&nbsp;SW6306_IsPortC2ON
<LI><a href="#[72]">&gt;&gt;</a>&nbsp;&nbsp;&nbsp;SW6306_IsPortC1ON
<LI><a href="#[71]">&gt;&gt;</a>&nbsp;&nbsp;&nbsp;SW6306_IsCharging
<LI><a href="#[70]">&gt;&gt;</a>&nbsp;&nbsp;&nbsp;SW6306_IsPortA2ON
<LI><a href="#[6f]">&gt;&gt;</a>&nbsp;&nbsp;&nbsp;SW6306_IsPortA1ON
<LI><a href="#[6e]">&gt;&gt;</a>&nbsp;&nbsp;&nbsp;SW6306_ReadIBUS
<LI><a href="#[6d]">&gt;&gt;</a>&nbsp;&nbsp;&nbsp;SW6306_IsInitialized
<LI><a href="#[5c]">&gt;&gt;</a>&nbsp;&nbsp;&nbsp;SW6306_CapacityLoad
<LI><a href="#[66]">&gt;&gt;</a>&nbsp;&nbsp;&nbsp;SW6306_PowerLoad
<LI><a href="#[68]">&gt;&gt;</a>&nbsp;&nbsp;&nbsp;SW6306_StatusLoad
<LI><a href="#[65]">&gt;&gt;</a>&nbsp;&nbsp;&nbsp;SW6306_PortStatusLoad
<LI><a href="#[54]">&gt;&gt;</a>&nbsp;&nbsp;&nbsp;SW6306_ADCLoad
<LI><a href="#[6c]">&gt;&gt;</a>&nbsp;&nbsp;&nbsp;uprintf
<LI><a href="#[5f]">&gt;&gt;</a>&nbsp;&nbsp;&nbsp;SW6306_Init
<LI><a href="#[5e]">&gt;&gt;</a>&nbsp;&nbsp;&nbsp;SW6306_ForceOff
</UL>
<BR>[Address Reference Count : 1]<UL><LI> main.o(.data.threads)
</UL>
<P><STRONG><a name="[22]"></a>thread_echo</STRONG> (Thumb, 68 bytes, Stack size 48 bytes, main.o(.text.thread_echo))
<BR><BR>[Stack]<UL><LI>Max Depth = 76<LI>Call Chain = thread_echo &rArr; USART_bufsend
</UL>
<BR>[Calls]<UL><LI><a href="#[81]">&gt;&gt;</a>&nbsp;&nbsp;&nbsp;USART_bufsend
<LI><a href="#[80]">&gt;&gt;</a>&nbsp;&nbsp;&nbsp;USART_bufread
<LI><a href="#[7f]">&gt;&gt;</a>&nbsp;&nbsp;&nbsp;USART_getvalidnum
</UL>
<BR>[Address Reference Count : 1]<UL><LI> main.o(.data.threads)
</UL>
<P><STRONG><a name="[23]"></a>thread_key</STRONG> (Thumb, 624 bytes, Stack size 24 bytes, main.o(.text.thread_key))
<BR><BR>[Stack]<UL><LI>Max Depth = 244<LI>Call Chain = thread_key &rArr; I2C_Diagnosis &rArr; BSP_I2C_Config &rArr; I2C_Unlock &rArr; LL_GPIO_Init
</UL>
<BR>[Calls]<UL><LI><a href="#[50]">&gt;&gt;</a>&nbsp;&nbsp;&nbsp;I2C_Diagnosis
<LI><a href="#[88]">&gt;&gt;</a>&nbsp;&nbsp;&nbsp;GetI2CStatus
<LI><a href="#[6b]">&gt;&gt;</a>&nbsp;&nbsp;&nbsp;LL_mDelay
<LI><a href="#[87]">&gt;&gt;</a>&nbsp;&nbsp;&nbsp;SW6306_IsOverHeated
<LI><a href="#[86]">&gt;&gt;</a>&nbsp;&nbsp;&nbsp;SW6306_IsBatteryDepleted
<LI><a href="#[85]">&gt;&gt;</a>&nbsp;&nbsp;&nbsp;LED_PWM_Set
<LI><a href="#[5d]">&gt;&gt;</a>&nbsp;&nbsp;&nbsp;SW6306_Click
<LI><a href="#[84]">&gt;&gt;</a>&nbsp;&nbsp;&nbsp;Key_EdgeDetect
<LI><a href="#[83]">&gt;&gt;</a>&nbsp;&nbsp;&nbsp;Key_Scand
<LI><a href="#[82]">&gt;&gt;</a>&nbsp;&nbsp;&nbsp;Key_DebounceService_10ms
<LI><a href="#[6c]">&gt;&gt;</a>&nbsp;&nbsp;&nbsp;uprintf
</UL>
<BR>[Address Reference Count : 1]<UL><LI> main.o(.data.threads)
</UL>
<P><STRONG><a name="[26]"></a>thread_sleep</STRONG> (Thumb, 128 bytes, Stack size 24 bytes, main.o(.text.thread_sleep))
<BR><BR>[Stack]<UL><LI>Max Depth = 104<LI>Call Chain = thread_sleep &rArr; SW6306_Unlock &rArr; SW6306_RegsetSwitch &rArr; SW6306_ByteRead &rArr; ASYNC_I2C_Receive
</UL>
<BR>[Calls]<UL><LI><a href="#[60]">&gt;&gt;</a>&nbsp;&nbsp;&nbsp;SW6306_Unlock
<LI><a href="#[61]">&gt;&gt;</a>&nbsp;&nbsp;&nbsp;SW6306_LPSet
<LI><a href="#[89]">&gt;&gt;</a>&nbsp;&nbsp;&nbsp;USART_IsBusy
<LI><a href="#[6b]">&gt;&gt;</a>&nbsp;&nbsp;&nbsp;LL_mDelay
</UL>
<BR>[Address Reference Count : 1]<UL><LI> main.o(.data.threads)
</UL>
<P><STRONG><a name="[24]"></a>thread_trig</STRONG> (Thumb, 124 bytes, Stack size 24 bytes, main.o(.text.thread_trig))
<BR><BR>[Stack]<UL><LI>Max Depth = 148<LI>Call Chain = thread_trig &rArr; uprintf &rArr; USART_bufsend
</UL>
<BR>[Calls]<UL><LI><a href="#[6c]">&gt;&gt;</a>&nbsp;&nbsp;&nbsp;uprintf
<LI><a href="#[5e]">&gt;&gt;</a>&nbsp;&nbsp;&nbsp;SW6306_ForceOff
</UL>
<BR>[Address Reference Count : 1]<UL><LI> main.o(.data.threads)
</UL>
<P><STRONG><a name="[6c]"></a>uprintf</STRONG> (Thumb, 44 bytes, Stack size 96 bytes, py32f0xx_bsp_usart.o(.text.uprintf))
<BR><BR>[Stack]<UL><LI>Max Depth = 124<LI>Call Chain = uprintf &rArr; USART_bufsend
</UL>
<BR>[Calls]<UL><LI><a href="#[81]">&gt;&gt;</a>&nbsp;&nbsp;&nbsp;USART_bufsend
<LI><a href="#[8a]">&gt;&gt;</a>&nbsp;&nbsp;&nbsp;vsprintf
</UL>
<BR>[Called By]<UL><LI><a href="#[24]">&gt;&gt;</a>&nbsp;&nbsp;&nbsp;thread_trig
<LI><a href="#[23]">&gt;&gt;</a>&nbsp;&nbsp;&nbsp;thread_key
<LI><a href="#[25]">&gt;&gt;</a>&nbsp;&nbsp;&nbsp;thread_app
<LI><a href="#[3e]">&gt;&gt;</a>&nbsp;&nbsp;&nbsp;$Super$$main
</UL>

<P><STRONG><a name="[8b]"></a>__0vsprintf</STRONG> (Thumb, 30 bytes, Stack size 24 bytes, printfa.o(i.__0vsprintf), UNUSED)
<BR><BR>[Calls]<UL><LI><a href="#[21]">&gt;&gt;</a>&nbsp;&nbsp;&nbsp;_sputc
<LI><a href="#[8c]">&gt;&gt;</a>&nbsp;&nbsp;&nbsp;_printf_core
</UL>

<P><STRONG><a name="[a0]"></a>__1vsprintf</STRONG> (Thumb, 0 bytes, Stack size 24 bytes, printfa.o(i.__0vsprintf), UNUSED)

<P><STRONG><a name="[a1]"></a>__2vsprintf</STRONG> (Thumb, 0 bytes, Stack size 24 bytes, printfa.o(i.__0vsprintf), UNUSED)

<P><STRONG><a name="[a2]"></a>__c89vsprintf</STRONG> (Thumb, 0 bytes, Stack size 24 bytes, printfa.o(i.__0vsprintf), UNUSED)

<P><STRONG><a name="[8a]"></a>vsprintf</STRONG> (Thumb, 0 bytes, Stack size 24 bytes, printfa.o(i.__0vsprintf))
<BR><BR>[Stack]<UL><LI>Max Depth = 24<LI>Call Chain = vsprintf
</UL>
<BR>[Called By]<UL><LI><a href="#[6c]">&gt;&gt;</a>&nbsp;&nbsp;&nbsp;uprintf
</UL>

<P><STRONG><a name="[3d]"></a>__ARM_clz</STRONG> (Thumb, 46 bytes, Stack size 0 bytes, depilogue.o(i.__ARM_clz), UNUSED)
<BR><BR>[Called By]<UL><LI><a href="#[35]">&gt;&gt;</a>&nbsp;&nbsp;&nbsp;_double_epilogue
</UL>

<P><STRONG><a name="[a3]"></a>__scatterload_copy</STRONG> (Thumb, 14 bytes, Stack size unknown bytes, handlers.o(i.__scatterload_copy), UNUSED)

<P><STRONG><a name="[a4]"></a>__scatterload_null</STRONG> (Thumb, 2 bytes, Stack size unknown bytes, handlers.o(i.__scatterload_null), UNUSED)

<P><STRONG><a name="[a5]"></a>__scatterload_zeroinit</STRONG> (Thumb, 14 bytes, Stack size unknown bytes, handlers.o(i.__scatterload_zeroinit), UNUSED)
<P>
<H3>
Local Symbols
</H3>
<P><STRONG><a name="[8d]"></a>_fp_digits</STRONG> (Thumb, 344 bytes, Stack size 64 bytes, printfa.o(i._fp_digits), UNUSED)
<BR><BR>[Calls]<UL><LI><a href="#[30]">&gt;&gt;</a>&nbsp;&nbsp;&nbsp;__aeabi_uldivmod
<LI><a href="#[39]">&gt;&gt;</a>&nbsp;&nbsp;&nbsp;__aeabi_dmul
<LI><a href="#[3a]">&gt;&gt;</a>&nbsp;&nbsp;&nbsp;__aeabi_ddiv
<LI><a href="#[33]">&gt;&gt;</a>&nbsp;&nbsp;&nbsp;__aeabi_dadd
<LI><a href="#[3b]">&gt;&gt;</a>&nbsp;&nbsp;&nbsp;__aeabi_d2ulz
<LI><a href="#[8e]">&gt;&gt;</a>&nbsp;&nbsp;&nbsp;__aeabi_cdrcmple
</UL>
<BR>[Called By]<UL><LI><a href="#[8c]">&gt;&gt;</a>&nbsp;&nbsp;&nbsp;_printf_core
</UL>

<P><STRONG><a name="[8c]"></a>_printf_core</STRONG> (Thumb, 1754 bytes, Stack size 128 bytes, printfa.o(i._printf_core), UNUSED)
<BR><BR>[Calls]<UL><LI><a href="#[30]">&gt;&gt;</a>&nbsp;&nbsp;&nbsp;__aeabi_uldivmod
<LI><a href="#[91]">&gt;&gt;</a>&nbsp;&nbsp;&nbsp;__aeabi_uidivmod
<LI><a href="#[8f]">&gt;&gt;</a>&nbsp;&nbsp;&nbsp;_printf_pre_padding
<LI><a href="#[90]">&gt;&gt;</a>&nbsp;&nbsp;&nbsp;_printf_post_padding
<LI><a href="#[8d]">&gt;&gt;</a>&nbsp;&nbsp;&nbsp;_fp_digits
</UL>
<BR>[Called By]<UL><LI><a href="#[8b]">&gt;&gt;</a>&nbsp;&nbsp;&nbsp;__0vsprintf
</UL>

<P><STRONG><a name="[90]"></a>_printf_post_padding</STRONG> (Thumb, 32 bytes, Stack size 24 bytes, printfa.o(i._printf_post_padding), UNUSED)
<BR><BR>[Called By]<UL><LI><a href="#[8c]">&gt;&gt;</a>&nbsp;&nbsp;&nbsp;_printf_core
</UL>

<P><STRONG><a name="[8f]"></a>_printf_pre_padding</STRONG> (Thumb, 44 bytes, Stack size 40 bytes, printfa.o(i._printf_pre_padding), UNUSED)
<BR><BR>[Called By]<UL><LI><a href="#[8c]">&gt;&gt;</a>&nbsp;&nbsp;&nbsp;_printf_core
</UL>

<P><STRONG><a name="[21]"></a>_sputc</STRONG> (Thumb, 10 bytes, Stack size 0 bytes, printfa.o(i._sputc))
<BR><BR>[Called By]<UL><LI><a href="#[8b]">&gt;&gt;</a>&nbsp;&nbsp;&nbsp;__0vsprintf
</UL>
<BR>[Address Reference Count : 1]<UL><LI> printfa.o(i.__0vsprintf)
</UL><P>
<H3>
Undefined Global Symbols
</H3><HR></body></html>
