<html>
<body>
<pre>
<h1>礦ision Build Log</h1>
<h2>Tool Versions:</h2>
IDE-Version: μVision V5.43.1.0
Copyright (C) 2025 ARM Ltd and ARM Germany GmbH. All rights reserved.
License Information: Li Jeremy, xi'an jiaotong university, LIC=VGXG8-3SDMI-KPYZY-IH1UV-XFR8I-XHI54
 
Tool Versions:
Toolchain:       MDK-ARM Plus  Version: 5.43.0.0
Toolchain Path:  D:\Program Files\Keil_v5\ARM\ARMCLANG\Bin
C Compiler:      ArmClang.exe V6.24
Assembler:       Armasm.exe V6.24
Linker/Locator:  ArmLink.exe V6.24
Library Manager: ArmAr.exe V6.24
Hex Converter:   FromElf.exe V6.24
CPU DLL:         SARMCM3.DLL V5.43.0.0
Dialog DLL:      DARMCM1.DLL V1.19.6.0
Target DLL:      CMSIS_AGDI.dll V1.33.24.0
Dialog DLL:      TARMCM1.DLL V1.14.6.0
 
<h2>Project:</h2>
C:\Users\TKWTL\OneDrive\文档\项目文件\DIY\电源与大功率驱动方向\储能\3S1P 21700移动电源\软件\Project.uvprojx
Project File Date:  02/28/2026

<h2>Output:</h2>
*** Using Compiler 'V6.24', folder: 'D:\Program Files\Keil_v5\ARM\ARMCLANG\Bin'
Build target 'PY32F030x6_Project'
compiling main.c...
linking...
Program Size: Code=17872 RO-data=712 RW-data=228 ZI-data=1476  
FromELF: creating hex file...
".\Objects\Target.axf" - 0 Error(s), 0 Warning(s).

<h2>Software Packages used:</h2>

Package Vendor: ARM
                https://www.keil.com/pack/ARM.CMSIS.6.1.0.pack
                ARM::CMSIS@6.1.0
                CMSIS (Common Microcontroller Software Interface Standard)
   * Component: CORE Version: 6.1.0

Package Vendor: Puya
                https://www.puyasemi.com/Puya.PY32F0xx_DFP.1.1.0.pack
                Puya::PY32F0xx_DFP@1.1.0
                Puya PY32F0 Series Device Support

<h2>Collection of Component include folders:</h2>
  ./RTE/_PY32F030x6_Project
  C:/Users/TKWTL/AppData/Local/Arm/Packs/ARM/CMSIS/6.1.0/CMSIS/Core/Include
  C:/Users/TKWTL/AppData/Local/Arm/Packs/Puya/PY32F0xx_DFP/1.1.0/Device/Include

<h2>Collection of Component Files used:</h2>

   * Component: ARM::CMSIS:CORE@6.1.0
Build Time Elapsed:  00:00:03
</pre>
</body>
</html>
