Component: Arm Compiler for Embedded 6.24 Tool: armlink [5f371500]

==============================================================================

Section Cross References

    startup_py32f030xx.o(RESET) refers to startup_py32f030xx.o(STACK) for __initial_sp
    startup_py32f030xx.o(RESET) refers to startup_py32f030xx.o(.text) for Reset_Handler
    startup_py32f030xx.o(RESET) refers to py32f0xx_it.o(.text.NMI_Handler) for NMI_Handler
    startup_py32f030xx.o(RESET) refers to py32f0xx_it.o(.text.HardFault_Handler) for HardFault_Handler
    startup_py32f030xx.o(RESET) refers to py32f0xx_it.o(.text.SVC_Handler) for SVC_Handler
    startup_py32f030xx.o(RESET) refers to py32f0xx_it.o(.text.PendSV_Handler) for PendSV_Handler
    startup_py32f030xx.o(RESET) refers to py32f0xx_it.o(.text.SysTick_Handler) for SysTick_Handler
    startup_py32f030xx.o(RESET) refers to py32f0xx_bsp_exti.o(.text.EXTI2_3_IRQHandler) for EXTI2_3_IRQHandler
    startup_py32f030xx.o(RESET) refers to py32f0xx_bsp_exti.o(.text.EXTI4_15_IRQHandler) for EXTI4_15_IRQHandler
    startup_py32f030xx.o(RESET) refers to py32f0xx_bsp_i2c.o(.text.DMA1_Channel1_IRQHandler) for DMA1_Channel1_IRQHandler
    startup_py32f030xx.o(RESET) refers to py32f0xx_bsp_i2c.o(.text.I2C1_IRQHandler) for I2C1_IRQHandler
    startup_py32f030xx.o(RESET) refers to py32f0xx_bsp_usart.o(.text.USART1_IRQHandler) for USART1_IRQHandler
    startup_py32f030xx.o(.text) refers to system_py32f0xx.o(.text.SystemInit) for SystemInit
    startup_py32f030xx.o(.text) refers to entry.o(.ARM.Collect$$$$00000000) for __main
    system_py32f0xx.o(.text.SystemCoreClockUpdate) refers to system_py32f0xx.o(.rodata.HSIFreqTable) for HSIFreqTable
    system_py32f0xx.o(.text.SystemCoreClockUpdate) refers to system_py32f0xx.o(.data.SystemCoreClock) for SystemCoreClock
    system_py32f0xx.o(.text.SystemCoreClockUpdate) refers to system_py32f0xx.o(.rodata.AHBPrescTable) for AHBPrescTable
    system_py32f0xx.o(.ARM.exidx.text.SystemCoreClockUpdate) refers to system_py32f0xx.o(.text.SystemCoreClockUpdate) for [Anonymous Symbol]
    system_py32f0xx.o(.ARM.exidx.text.SystemInit) refers to system_py32f0xx.o(.text.SystemInit) for [Anonymous Symbol]
    system_py32f0xx.o(.text.$Sub$$main) refers to main.o(.text.main) for $Super$$main
    system_py32f0xx.o(.text.$Sub$$main) refers to system_py32f0xx.o(.ARM.__at_0x20000000) for VECT_SRAM_TAB
    system_py32f0xx.o(.ARM.exidx.text.$Sub$$main) refers to system_py32f0xx.o(.text.$Sub$$main) for [Anonymous Symbol]
    py32f0xx_it.o(.ARM.exidx.text.NMI_Handler) refers to py32f0xx_it.o(.text.NMI_Handler) for [Anonymous Symbol]
    py32f0xx_it.o(.ARM.exidx.text.HardFault_Handler) refers to py32f0xx_it.o(.text.HardFault_Handler) for [Anonymous Symbol]
    py32f0xx_it.o(.ARM.exidx.text.SVC_Handler) refers to py32f0xx_it.o(.text.SVC_Handler) for [Anonymous Symbol]
    py32f0xx_it.o(.ARM.exidx.text.PendSV_Handler) refers to py32f0xx_it.o(.text.PendSV_Handler) for [Anonymous Symbol]
    py32f0xx_it.o(.text.SysTick_Handler) refers to py32f0xx_it.o(.bss.millis) for millis
    py32f0xx_it.o(.ARM.exidx.text.SysTick_Handler) refers to py32f0xx_it.o(.text.SysTick_Handler) for [Anonymous Symbol]
    bsp_py32f030x6.o(.text.SysInit) refers to py32f0xx_bsp_rcc.o(.text.BSP_SystemClockConfig) for BSP_SystemClockConfig
    bsp_py32f030x6.o(.text.SysInit) refers to py32f0xx_bsp_pwr.o(.text.BSP_PWR_Config) for BSP_PWR_Config
    bsp_py32f030x6.o(.text.SysInit) refers to py32f0xx_bsp_gpio.o(.text.BSP_GPIO_Config) for BSP_GPIO_Config
    bsp_py32f030x6.o(.text.SysInit) refers to py32f0xx_bsp_exti.o(.text.BSP_EXTI_Config) for BSP_EXTI_Config
    bsp_py32f030x6.o(.text.SysInit) refers to py32f0xx_bsp_tim.o(.text.BSP_TIM_config) for BSP_TIM_config
    bsp_py32f030x6.o(.text.SysInit) refers to py32f0xx_bsp_tim.o(.text.BSP_PWMChannelConfig) for BSP_PWMChannelConfig
    bsp_py32f030x6.o(.text.SysInit) refers to py32f0xx_bsp_usart.o(.text.BSP_USART_Config) for BSP_USART_Config
    bsp_py32f030x6.o(.text.SysInit) refers to py32f0xx_bsp_i2c.o(.text.BSP_I2C_Config) for BSP_I2C_Config
    bsp_py32f030x6.o(.ARM.exidx.text.SysInit) refers to bsp_py32f030x6.o(.text.SysInit) for [Anonymous Symbol]
    main.o(.text.thread_app) refers to sw6306.o(.text.SW6306_ForceOff) for SW6306_ForceOff
    main.o(.text.thread_app) refers to sw6306.o(.text.SW6306_Init) for SW6306_Init
    main.o(.text.thread_app) refers to py32f0xx_bsp_usart.o(.text.uprintf) for uprintf
    main.o(.text.thread_app) refers to sw6306.o(.text.SW6306_ADCLoad) for SW6306_ADCLoad
    main.o(.text.thread_app) refers to sw6306.o(.text.SW6306_PortStatusLoad) for SW6306_PortStatusLoad
    main.o(.text.thread_app) refers to sw6306.o(.text.SW6306_StatusLoad) for SW6306_StatusLoad
    main.o(.text.thread_app) refers to sw6306.o(.text.SW6306_PowerLoad) for SW6306_PowerLoad
    main.o(.text.thread_app) refers to sw6306.o(.text.SW6306_CapacityLoad) for SW6306_CapacityLoad
[...]
    main.c                                   0x00000000   Number         0  main.o ABSOLUTE
    py32f0xx_bsp_exti.c                      0x00000000   Number         0  py32f0xx_bsp_exti.o ABSOLUTE
    py32f0xx_bsp_gpio.c                      0x00000000   Number         0  py32f0xx_bsp_gpio.o ABSOLUTE
    py32f0xx_bsp_i2c.c                       0x00000000   Number         0  py32f0xx_bsp_i2c.o ABSOLUTE
    py32f0xx_bsp_pwr.c                       0x00000000   Number         0  py32f0xx_bsp_pwr.o ABSOLUTE
    py32f0xx_bsp_rcc.c                       0x00000000   Number         0  py32f0xx_bsp_rcc.o ABSOLUTE
    py32f0xx_bsp_tim.c                       0x00000000   Number         0  py32f0xx_bsp_tim.o ABSOLUTE
    py32f0xx_bsp_usart.c                     0x00000000   Number         0  py32f0xx_bsp_usart.o ABSOLUTE
    py32f0xx_it.c                            0x00000000   Number         0  py32f0xx_it.o ABSOLUTE
    py32f0xx_ll_adc.c                        0x00000000   Number         0  py32f0xx_ll_adc.o ABSOLUTE
    py32f0xx_ll_dma.c                        0x00000000   Number         0  py32f0xx_ll_dma.o ABSOLUTE
    py32f0xx_ll_exti.c                       0x00000000   Number         0  py32f0xx_ll_exti.o ABSOLUTE
    py32f0xx_ll_gpio.c                       0x00000000   Number         0  py32f0xx_ll_gpio.o ABSOLUTE
    py32f0xx_ll_i2c.c                        0x00000000   Number         0  py32f0xx_ll_i2c.o ABSOLUTE
    py32f0xx_ll_lptim.c                      0x00000000   Number         0  py32f0xx_ll_lptim.o ABSOLUTE
    py32f0xx_ll_pwr.c                        0x00000000   Number         0  py32f0xx_ll_pwr.o ABSOLUTE
    py32f0xx_ll_rcc.c                        0x00000000   Number         0  py32f0xx_ll_rcc.o ABSOLUTE
    py32f0xx_ll_tim.c                        0x00000000   Number         0  py32f0xx_ll_tim.o ABSOLUTE
    py32f0xx_ll_utils.c                      0x00000000   Number         0  py32f0xx_ll_utils.o ABSOLUTE
    startup_py32f030xx.s                     0x00000000   Number         0  startup_py32f030xx.o ABSOLUTE
    sw6306.c                                 0x00000000   Number         0  sw6306.o ABSOLUTE
    system_py32f0xx.c                        0x00000000   Number         0  system_py32f0xx.o ABSOLUTE
    RESET                                    0x08000000   Section      192  startup_py32f030xx.o(RESET)
    .ARM.Collect$$$$00000000                 0x080000c0   Section        0  entry.o(.ARM.Collect$$$$00000000)
    .ARM.Collect$$$$00000001                 0x080000c0   Section        4  entry2.o(.ARM.Collect$$$$00000001)
    .ARM.Collect$$$$00000004                 0x080000c4   Section        4  entry5.o(.ARM.Collect$$$$00000004)
    .ARM.Collect$$$$00000008                 0x080000c8   Section        0  entry7b.o(.ARM.Collect$$$$00000008)
    .ARM.Collect$$$$0000000A                 0x080000c8   Section        0  entry8b.o(.ARM.Collect$$$$0000000A)
    .ARM.Collect$$$$0000000B                 0x080000c8   Section        8  entry9a.o(.ARM.Collect$$$$0000000B)
    __lit__00000000                          0x080000d0   Data           4  entry2.o(.ARM.Collect$$$$00002712)
    .ARM.Collect$$$$0000000D                 0x080000d0   Section        0  entry10a.o(.ARM.Collect$$$$0000000D)
    .ARM.Collect$$$$0000000F                 0x080000d0   Section        0  entry11a.o(.ARM.Collect$$$$0000000F)
    .ARM.Collect$$$$00002712                 0x080000d0   Section        4  entry2.o(.ARM.Collect$$$$00002712)
    .text                                    0x080000d4   Section       28  startup_py32f030xx.o(.text)
    .text                                    0x080000f0   Section        0  memseta.o(.text)
    .text                                    0x08000114   Section        0  fdiv.o(.text)
    .text                                    0x08000190   Section        0  fflti.o(.text)
    .text                                    0x080001a6   Section        0  f2d.o(.text)
    .text                                    0x080001ce   Section        0  uidiv_div0.o(.text)
    .text                                    0x0800020c   Section        0  uldiv.o(.text)
    .text                                    0x0800026c   Section        0  iusefp.o(.text)
    .text                                    0x0800026c   Section        0  fepilogue.o(.text)
    .text                                    0x080002f0   Section        0  dadd.o(.text)
    .text                                    0x08000454   Section        0  dmul.o(.text)
    .text                                    0x08000524   Section        0  ddiv.o(.text)
    .text                                    0x08000614   Section        0  dfixul.o(.text)
    .text                                    0x08000654   Section       40  cdrcmple.o(.text)
    .text                                    0x0800067c   Section       48  init.o(.text)
    .text                                    0x080006ac   Section        0  llshl.o(.text)
    .text                                    0x080006cc   Section        0  llushr.o(.text)
    .text                                    0x080006ee   Section        0  llsshr.o(.text)
    .text                                    0x08000714   Section        0  depilogue.o(.text)
    [Anonymous Symbol]                       0x080007d4   Section        0  system_py32f0xx.o(.text.$Sub$$main)
    __arm_cp.2_0                             0x080007f8   Number         4  system_py32f0xx.o(.text.$Sub$$main)
    __arm_cp.2_1                             0x080007fc   Number         4  system_py32f0xx.o(.text.$Sub$$main)
    [Anonymous Symbol]                       0x08000800   Section        0  py32f0xx_bsp_i2c.o(.text.ASYNC_I2C_Receive)
    [Anonymous Symbol]                       0x0800084c   Section        0  py32f0xx_bsp_i2c.o(.text.ASYNC_I2C_Transmit)
    [Anonymous Symbol]                       0x08000898   Section        0  py32f0xx_bsp_exti.o(.text.BSP_EXTI_Config)
    __arm_cp.0_0                             0x08000908   Number         4  py32f0xx_bsp_exti.o(.text.BSP_EXTI_Config)
    __arm_cp.0_1                             0x0800090c   Number         4  py32f0xx_bsp_exti.o(.text.BSP_EXTI_Config)
    __arm_cp.0_2                             0x08000910   Number         4  py32f0xx_bsp_exti.o(.text.BSP_EXTI_Config)
    [Anonymous Symbol]                       0x08000914   Section        0  py32f0xx_bsp_gpio.o(.text.BSP_GPIO_Config)
    __arm_cp.0_0                             0x0800099c   Number         4  py32f0xx_bsp_gpio.o(.text.BSP_GPIO_Config)
    [Anonymous Symbol]                       0x080009a0   Section        0  py32f0xx_bsp_i2c.o(.text.BSP_I2C_Config)
    __arm_cp.0_0                             0x08000ab8   Number         4  py32f0xx_bsp_i2c.o(.text.BSP_I2C_Config)
    __arm_cp.0_1                             0x08000abc   Number         4  py32f0xx_bsp_i2c.o(.text.BSP_I2C_Config)
    __arm_cp.0_2                             0x08000ac0   Number         4  py32f0xx_bsp_i2c.o(.text.BSP_I2C_Config)
    __arm_cp.0_3                             0x08000ac4   Number         4  py32f0xx_bsp_i2c.o(.text.BSP_I2C_Config)
    __arm_cp.0_4                             0x08000ac8   Number         4  py32f0xx_bsp_i2c.o(.text.BSP_I2C_Config)
    __arm_cp.0_5                             0x08000acc   Number         4  py32f0xx_bsp_i2c.o(.text.BSP_I2C_Config)
    __arm_cp.0_6                             0x08000ad0   Number         4  py32f0xx_bsp_i2c.o(.text.BSP_I2C_Config)
    __arm_cp.0_7                             0x08000ad4   Number         4  py32f0xx_bsp_i2c.o(.text.BSP_I2C_Config)
    __arm_cp.0_8                             0x08000ad8   Number         4  py32f0xx_bsp_i2c.o(.text.BSP_I2C_Config)
    __arm_cp.0_9                             0x08000adc   Number         4  py32f0xx_bsp_i2c.o(.text.BSP_I2C_Config)
    [Anonymous Symbol]                       0x08000ae0   Section        0  py32f0xx_bsp_tim.o(.text.BSP_PWMChannelConfig)
    __arm_cp.1_0                             0x08000b18   Number         4  py32f0xx_bsp_tim.o(.text.BSP_PWMChannelConfig)
    [Anonymous Symbol]                       0x08000b1c   Section        0  py32f0xx_bsp_pwr.o(.text.BSP_PWR_Config)
    __arm_cp.0_0                             0x08000b50   Number         4  py32f0xx_bsp_pwr.o(.text.BSP_PWR_Config)
    __arm_cp.0_1                             0x08000b54   Number         4  py32f0xx_bsp_pwr.o(.text.BSP_PWR_Config)
    [Anonymous Symbol]                       0x08000b58   Section        0  py32f0xx_bsp_rcc.o(.text.BSP_SystemClockConfig)
    __arm_cp.0_0                             0x08000c04   Number         4  py32f0xx_bsp_rcc.o(.text.BSP_SystemClockConfig)
    __arm_cp.0_1                             0x08000c08   Number         4  py32f0xx_bsp_rcc.o(.text.BSP_SystemClockConfig)
    __arm_cp.0_2                             0x08000c0c   Number         4  py32f0xx_bsp_rcc.o(.text.BSP_SystemClockConfig)
    __arm_cp.0_3                             0x08000c10   Number         4  py32f0xx_bsp_rcc.o(.text.BSP_SystemClockConfig)
    __arm_cp.0_4                             0x08000c14   Number         4  py32f0xx_bsp_rcc.o(.text.BSP_SystemClockConfig)
    __arm_cp.0_5                             0x08000c18   Number         4  py32f0xx_bsp_rcc.o(.text.BSP_SystemClockConfig)
    __arm_cp.0_6                             0x08000c1c   Number         4  py32f0xx_bsp_rcc.o(.text.BSP_SystemClockConfig)
    __arm_cp.0_7                             0x08000c20   Number         4  py32f0xx_bsp_rcc.o(.text.BSP_SystemClockConfig)
    [Anonymous Symbol]                       0x08000c24   Section        0  py32f0xx_bsp_tim.o(.text.BSP_TIM_config)
    __arm_cp.0_0                             0x08000c70   Number         4  py32f0xx_bsp_tim.o(.text.BSP_TIM_config)
    __arm_cp.0_1                             0x08000c74   Number         4  py32f0xx_bsp_tim.o(.text.BSP_TIM_config)
    __arm_cp.0_2                             0x08000c78   Number         4  py32f0xx_bsp_tim.o(.text.BSP_TIM_config)
    [Anonymous Symbol]                       0x08000c7c   Section        0  py32f0xx_bsp_usart.o(.text.BSP_USART_Config)
    __arm_cp.0_0                             0x08000db8   Number         4  py32f0xx_bsp_usart.o(.text.BSP_USART_Config)
    __arm_cp.0_1                             0x08000dbc   Number         4  py32f0xx_bsp_usart.o(.text.BSP_USART_Config)
    __arm_cp.0_2                             0x08000dc0   Number         4  py32f0xx_bsp_usart.o(.text.BSP_USART_Config)
    __arm_cp.0_3                             0x08000dc4   Number         4  py32f0xx_bsp_usart.o(.text.BSP_USART_Config)
    __arm_cp.0_4                             0x08000dc8   Number         4  py32f0xx_bsp_usart.o(.text.BSP_USART_Config)
    __arm_cp.0_5                             0x08000dcc   Number         4  py32f0xx_bsp_usart.o(.text.BSP_USART_Config)
    [Anonymous Symbol]                       0x08000dd0   Section        0  py32f0xx_bsp_i2c.o(.text.DMA1_Channel1_IRQHandler)
    __arm_cp.8_0                             0x08000de4   Number         4  py32f0xx_bsp_i2c.o(.text.DMA1_Channel1_IRQHandler)
    [Anonymous Symbol]                       0x08000de8   Section        0  py32f0xx_bsp_exti.o(.text.EXTI2_3_IRQHandler)
    __arm_cp.2_1                             0x08000e04   Number         4  py32f0xx_bsp_exti.o(.text.EXTI2_3_IRQHandler)
    [Anonymous Symbol]                       0x08000e08   Section        0  py32f0xx_bsp_exti.o(.text.EXTI4_15_IRQHandler)
    __arm_cp.1_0                             0x08000e24   Number         4  py32f0xx_bsp_exti.o(.text.EXTI4_15_IRQHandler)
    __arm_cp.1_1                             0x08000e28   Number         4  py32f0xx_bsp_exti.o(.text.EXTI4_15_IRQHandler)
    __arm_cp.1_2                             0x08000e2c   Number         4  py32f0xx_bsp_exti.o(.text.EXTI4_15_IRQHandler)
    [Anonymous Symbol]                       0x08000e30   Section        0  py32f0xx_bsp_i2c.o(.text.GetI2CStatus)
    __arm_cp.4_0                             0x08000e38   Number         4  py32f0xx_bsp_i2c.o(.text.GetI2CStatus)
    [Anonymous Symbol]                       0x08000e3c   Section        0  py32f0xx_it.o(.text.HardFault_Handler)
    __arm_cp.1_0                             0x08000e50   Number         4  py32f0xx_it.o(.text.HardFault_Handler)
    __arm_cp.1_1                             0x08000e54   Number         4  py32f0xx_it.o(.text.HardFault_Handler)
    [Anonymous Symbol]                       0x08000e58   Section        0  py32f0xx_bsp_i2c.o(.text.I2C1_IRQHandler)
    __arm_cp.7_2                             0x08001170   Number         4  py32f0xx_bsp_i2c.o(.text.I2C1_IRQHandler)
    __arm_cp.7_3                             0x08001174   Number         4  py32f0xx_bsp_i2c.o(.text.I2C1_IRQHandler)
    __arm_cp.7_4                             0x08001178   Number         4  py32f0xx_bsp_i2c.o(.text.I2C1_IRQHandler)
    __arm_cp.7_5                             0x0800117c   Number         4  py32f0xx_bsp_i2c.o(.text.I2C1_IRQHandler)
    __arm_cp.7_6                             0x08001180   Number         4  py32f0xx_bsp_i2c.o(.text.I2C1_IRQHandler)
    __arm_cp.7_7                             0x08001184   Number         4  py32f0xx_bsp_i2c.o(.text.I2C1_IRQHandler)
    [Anonymous Symbol]                       0x08001188   Section        0  py32f0xx_bsp_i2c.o(.text.I2C_Diagnosis)
    __arm_cp.3_0                             0x080011a4   Number         4  py32f0xx_bsp_i2c.o(.text.I2C_Diagnosis)
    __arm_cp.3_1                             0x080011a8   Number         4  py32f0xx_bsp_i2c.o(.text.I2C_Diagnosis)
    [Anonymous Symbol]                       0x080011ac   Section        0  py32f0xx_bsp_i2c.o(.text.I2C_Unlock)
    __arm_cp.1_0                             0x08001208   Number         4  py32f0xx_bsp_i2c.o(.text.I2C_Unlock)
    [Anonymous Symbol]                       0x0800120c   Section        0  debounce_key.o(.text.Key_DebounceService_10ms)
    [Anonymous Symbol]                       0x0800121c   Section        0  debounce_key.o(.text.Key_EdgeDetect)
    [Anonymous Symbol]                       0x08001268   Section        0  debounce_key.o(.text.Key_Init)
    [Anonymous Symbol]                       0x08001274   Section        0  debounce_key.o(.text.Key_Scand)
    __arm_cp.1_0                             0x080012d8   Number         4  debounce_key.o(.text.Key_Scand)
    __arm_cp.1_1                             0x080012dc   Number         4  debounce_key.o(.text.Key_Scand)
    [Anonymous Symbol]                       0x080012e0   Section        0  py32f0xx_bsp_tim.o(.text.LED_PWM_Set)
    __arm_cp.2_0                             0x080012fc   Number         4  py32f0xx_bsp_tim.o(.text.LED_PWM_Set)
    [Anonymous Symbol]                       0x08001300   Section        0  py32f0xx_ll_dma.o(.text.LL_DMA_Init)
    CHANNEL_OFFSET_TAB                       0x08001348   Number         0  py32f0xx_ll_dma.o(.text.LL_DMA_Init)
    __arm_cp.1_1                             0x0800134c   Number         4  py32f0xx_ll_dma.o(.text.LL_DMA_Init)
    __arm_cp.1_2                             0x08001350   Number         4  py32f0xx_ll_dma.o(.text.LL_DMA_Init)
    [Anonymous Symbol]                       0x08001354   Section        0  py32f0xx_ll_exti.o(.text.LL_EXTI_Init)
    __arm_cp.1_0                             0x080013ec   Number         4  py32f0xx_ll_exti.o(.text.LL_EXTI_Init)
    __arm_cp.1_1                             0x080013f0   Number         4  py32f0xx_ll_exti.o(.text.LL_EXTI_Init)
    [Anonymous Symbol]                       0x080013f4   Section        0  py32f0xx_ll_gpio.o(.text.LL_GPIO_Init)
    [Anonymous Symbol]                       0x080014a8   Section        0  py32f0xx_ll_i2c.o(.text.LL_I2C_Init)
    __arm_cp.1_0                             0x08001570   Number         4  py32f0xx_ll_i2c.o(.text.LL_I2C_Init)
    __arm_cp.1_1                             0x08001574   Number         4  py32f0xx_ll_i2c.o(.text.LL_I2C_Init)
    __arm_cp.1_2                             0x08001578   Number         4  py32f0xx_ll_i2c.o(.text.LL_I2C_Init)
    __arm_cp.1_3                             0x0800157c   Number         4  py32f0xx_ll_i2c.o(.text.LL_I2C_Init)
    [Anonymous Symbol]                       0x08001580   Section        0  py32f0xx_ll_rcc.o(.text.LL_RCC_GetSystemClocksFreq)
    __arm_cp.1_0                             0x080015b4   Number         4  py32f0xx_ll_rcc.o(.text.LL_RCC_GetSystemClocksFreq)
    __arm_cp.1_1                             0x080015b8   Number         4  py32f0xx_ll_rcc.o(.text.LL_RCC_GetSystemClocksFreq)
    __arm_cp.1_2                             0x080015bc   Number         4  py32f0xx_ll_rcc.o(.text.LL_RCC_GetSystemClocksFreq)
    [Anonymous Symbol]                       0x080015c0   Section        0  py32f0xx_ll_utils.o(.text.LL_SetSystemCoreClock)
    __arm_cp.2_0                             0x080015c8   Number         4  py32f0xx_ll_utils.o(.text.LL_SetSystemCoreClock)
    [Anonymous Symbol]                       0x080015cc   Section        0  py32f0xx_ll_tim.o(.text.LL_TIM_Init)
    __arm_cp.2_1                             0x08001640   Number         4  py32f0xx_ll_tim.o(.text.LL_TIM_Init)
    __arm_cp.2_2                             0x08001644   Number         4  py32f0xx_ll_tim.o(.text.LL_TIM_Init)
    __arm_cp.2_5                             0x08001648   Number         4  py32f0xx_ll_tim.o(.text.LL_TIM_Init)
    [Anonymous Symbol]                       0x0800164c   Section        0  py32f0xx_ll_tim.o(.text.LL_TIM_OC_Init)
    __arm_cp.4_0                             0x08001864   Number         4  py32f0xx_ll_tim.o(.text.LL_TIM_OC_Init)
    __arm_cp.4_1                             0x08001868   Number         4  py32f0xx_ll_tim.o(.text.LL_TIM_OC_Init)
    __arm_cp.4_2                             0x0800186c   Number         4  py32f0xx_ll_tim.o(.text.LL_TIM_OC_Init)
    __arm_cp.4_3                             0x08001870   Number         4  py32f0xx_ll_tim.o(.text.LL_TIM_OC_Init)
    __arm_cp.4_4                             0x08001874   Number         4  py32f0xx_ll_tim.o(.text.LL_TIM_OC_Init)
    __arm_cp.4_5                             0x08001878   Number         4  py32f0xx_ll_tim.o(.text.LL_TIM_OC_Init)
    [Anonymous Symbol]                       0x0800187c   Section        0  py32f0xx_ll_utils.o(.text.LL_mDelay)
    __arm_cp.1_0                             0x0800189c   Number         4  py32f0xx_ll_utils.o(.text.LL_mDelay)
    [Anonymous Symbol]                       0x080018a0   Section        0  py32f0xx_it.o(.text.NMI_Handler)
    [Anonymous Symbol]                       0x080018a2   Section        0  py32f0xx_it.o(.text.PendSV_Handler)
    [Anonymous Symbol]                       0x080018a4   Section        0  py32f0xx_ll_rcc.o(.text.RCC_GetSystemClockFreq)
    __arm_cp.2_0                             0x080018f8   Number         4  py32f0xx_ll_rcc.o(.text.RCC_GetSystemClockFreq)
    __arm_cp.2_1                             0x080018fc   Number         4  py32f0xx_ll_rcc.o(.text.RCC_GetSystemClockFreq)
    __arm_cp.2_2                             0x08001900   Number         4  py32f0xx_ll_rcc.o(.text.RCC_GetSystemClockFreq)
    __arm_cp.2_3                             0x08001904   Number         4  py32f0xx_ll_rcc.o(.text.RCC_GetSystemClockFreq)
    [Anonymous Symbol]                       0x08001908   Section        0  py32f0xx_it.o(.text.SVC_Handler)
    [Anonymous Symbol]                       0x0800190c   Section        0  sw6306.o(.text.SW6306_ADCLoad)
    __arm_cp.6_0                             0x08001a5c   Number         4  sw6306.o(.text.SW6306_ADCLoad)
    __arm_cp.6_2                             0x08001a60   Number         4  sw6306.o(.text.SW6306_ADCLoad)
    __arm_cp.6_3                             0x08001a64   Number         4  sw6306.o(.text.SW6306_ADCLoad)
    [Anonymous Symbol]                       0x08001a68   Section        0  sw6306.o(.text.SW6306_ADCRead)
    __arm_cp.5_1                             0x08001af8   Number         4  sw6306.o(.text.SW6306_ADCRead)
    [Anonymous Symbol]                       0x08001afc   Section        0  sw6306.o(.text.SW6306_ByteModify)
    __arm_cp.4_0                             0x08001b64   Number         4  sw6306.o(.text.SW6306_ByteModify)
    [Anonymous Symbol]                       0x08001b68   Section        0  sw6306.o(.text.SW6306_ByteRead)
    [Anonymous Symbol]                       0x08001be0   Section        0  sw6306.o(.text.SW6306_ByteWrite)
    __arm_cp.0_1                             0x08001c5c   Number         4  sw6306.o(.text.SW6306_ByteWrite)
    [Anonymous Symbol]                       0x08001c60   Section        0  sw6306.o(.text.SW6306_CapacityLoad)
    __arm_cp.42_0                            0x08001d58   Number         4  sw6306.o(.text.SW6306_CapacityLoad)
    __arm_cp.42_1                            0x08001d5c   Number         4  sw6306.o(.text.SW6306_CapacityLoad)
    __arm_cp.42_2                            0x08001d60   Number         4  sw6306.o(.text.SW6306_CapacityLoad)
    __arm_cp.42_3                            0x08001d64   Number         4  sw6306.o(.text.SW6306_CapacityLoad)
    [Anonymous Symbol]                       0x08001d68   Section        0  sw6306.o(.text.SW6306_Click)
    __arm_cp.46_0                            0x08001dbc   Number         4  sw6306.o(.text.SW6306_Click)
    [Anonymous Symbol]                       0x08001dc0   Section        0  sw6306.o(.text.SW6306_ForceOff)
    __arm_cp.47_0                            0x08001e3c   Number         4  sw6306.o(.text.SW6306_ForceOff)
    [Anonymous Symbol]                       0x08001e40   Section        0  sw6306.o(.text.SW6306_Init)
    __arm_cp.70_10                           0x08001f40   Number         4  sw6306.o(.text.SW6306_Init)
    __arm_cp.70_12                           0x08001f48   Number         4  sw6306.o(.text.SW6306_Init)
    __arm_cp.70_22                           0x08002544   Number         4  sw6306.o(.text.SW6306_Init)
    __arm_cp.70_1                            0x080028d0   Number         4  sw6306.o(.text.SW6306_Init)
    __arm_cp.70_3                            0x080028d4   Number         4  sw6306.o(.text.SW6306_Init)
    __arm_cp.70_5                            0x080028d8   Number         4  sw6306.o(.text.SW6306_Init)
    [Anonymous Symbol]                       0x080028dc   Section        0  sw6306.o(.text.SW6306_IsBatteryDepleted)
    [Anonymous Symbol]                       0x080028e8   Section        0  sw6306.o(.text.SW6306_IsCharging)
    [Anonymous Symbol]                       0x080028f4   Section        0  sw6306.o(.text.SW6306_IsDischarging)
    [Anonymous Symbol]                       0x08002900   Section        0  sw6306.o(.text.SW6306_IsErrorinCharging)
    [Anonymous Symbol]                       0x0800290c   Section        0  sw6306.o(.text.SW6306_IsErrorinDischarging)
    [Anonymous Symbol]                       0x08002918   Section        0  sw6306.o(.text.SW6306_IsFullCharged)
    [Anonymous Symbol]                       0x08002924   Section        0  sw6306.o(.text.SW6306_IsInitialized)
    [Anonymous Symbol]                       0x0800294c   Section        0  sw6306.o(.text.SW6306_IsOverHeated)
    [Anonymous Symbol]                       0x08002964   Section        0  sw6306.o(.text.SW6306_IsPortA1ON)
    [Anonymous Symbol]                       0x08002970   Section        0  sw6306.o(.text.SW6306_IsPortA2ON)
    [Anonymous Symbol]                       0x0800297c   Section        0  sw6306.o(.text.SW6306_IsPortC1ON)
    [Anonymous Symbol]                       0x08002988   Section        0  sw6306.o(.text.SW6306_IsPortC2ON)
    __arm_cp.18_0                            0x08002994   Number         4  sw6306.o(.text.SW6306_IsPortC2ON)
    [Anonymous Symbol]                       0x08002998   Section        0  sw6306.o(.text.SW6306_LPSet)
    __arm_cp.49_0                            0x080029f0   Number         4  sw6306.o(.text.SW6306_LPSet)
    [Anonymous Symbol]                       0x080029f4   Section        0  sw6306.o(.text.SW6306_PortA1Insert)
    __arm_cp.55_0                            0x08002a48   Number         4  sw6306.o(.text.SW6306_PortA1Insert)
    [Anonymous Symbol]                       0x08002a4c   Section        0  sw6306.o(.text.SW6306_PortA1Remove)
    __arm_cp.54_0                            0x08002aa0   Number         4  sw6306.o(.text.SW6306_PortA1Remove)
    [Anonymous Symbol]                       0x08002aa4   Section        0  sw6306.o(.text.SW6306_PortA2Remove)
    __arm_cp.56_0                            0x08002af8   Number         4  sw6306.o(.text.SW6306_PortA2Remove)
    [Anonymous Symbol]                       0x08002afc   Section        0  sw6306.o(.text.SW6306_PortStatusLoad)
    __arm_cp.16_0                            0x08002bc4   Number         4  sw6306.o(.text.SW6306_PortStatusLoad)
    __arm_cp.16_1                            0x08002bc8   Number         4  sw6306.o(.text.SW6306_PortStatusLoad)
    [Anonymous Symbol]                       0x08002bcc   Section        0  sw6306.o(.text.SW6306_PowerLoad)
    __arm_cp.21_0                            0x08002d00   Number         4  sw6306.o(.text.SW6306_PowerLoad)
    __arm_cp.21_1                            0x08002d04   Number         4  sw6306.o(.text.SW6306_PowerLoad)
    [Anonymous Symbol]                       0x08002d08   Section        0  sw6306.o(.text.SW6306_ReadCapacity)
    [Anonymous Symbol]                       0x08002d10   Section        0  sw6306.o(.text.SW6306_ReadIBAT)
    [Anonymous Symbol]                       0x08002d18   Section        0  sw6306.o(.text.SW6306_ReadIBUS)
    __arm_cp.8_0                             0x08002d20   Number         4  sw6306.o(.text.SW6306_ReadIBUS)
    [Anonymous Symbol]                       0x08002d24   Section        0  sw6306.o(.text.SW6306_ReadProtocol)
    __arm_cp.26_0                            0x08002d3c   Number         4  sw6306.o(.text.SW6306_ReadProtocol)
    [Anonymous Symbol]                       0x08002d88   Section        0  sw6306.o(.text.SW6306_ReadTCHIP)
    __arm_cp.12_1                            0x08002da0   Number         4  sw6306.o(.text.SW6306_ReadTCHIP)
    __arm_cp.12_2                            0x08002da4   Number         4  sw6306.o(.text.SW6306_ReadTCHIP)
    [Anonymous Symbol]                       0x08002da8   Section        0  sw6306.o(.text.SW6306_ReadTNTC)
    [Anonymous Symbol]                       0x08002db8   Section        0  sw6306.o(.text.SW6306_ReadVBAT)
    [Anonymous Symbol]                       0x08002dc0   Section        0  sw6306.o(.text.SW6306_ReadVBUS)
    [Anonymous Symbol]                       0x08002dc8   Section        0  sw6306.o(.text.SW6306_RegsetSwitch)
    __arm_cp.3_0                             0x08002e54   Number         4  sw6306.o(.text.SW6306_RegsetSwitch)
    __arm_cp.3_1                             0x08002e58   Number         4  sw6306.o(.text.SW6306_RegsetSwitch)
    __arm_cp.3_2                             0x08002e5c   Number         4  sw6306.o(.text.SW6306_RegsetSwitch)
    [Anonymous Symbol]                       0x08002e60   Section        0  sw6306.o(.text.SW6306_StatusLoad)
    __arm_cp.27_0                            0x08002fe0   Number         4  sw6306.o(.text.SW6306_StatusLoad)
    __arm_cp.27_1                            0x08002fe4   Number         4  sw6306.o(.text.SW6306_StatusLoad)
    __arm_cp.27_2                            0x08002fe8   Number         4  sw6306.o(.text.SW6306_StatusLoad)
    [Anonymous Symbol]                       0x08002fec   Section        0  sw6306.o(.text.SW6306_Unlock)
    __arm_cp.48_0                            0x080030c0   Number         4  sw6306.o(.text.SW6306_Unlock)
    __arm_cp.48_1                            0x080030c4   Number         4  sw6306.o(.text.SW6306_Unlock)
    [Anonymous Symbol]                       0x080030c8   Section        0  bsp_py32f030x6.o(.text.SysInit)
    [Anonymous Symbol]                       0x080030f0   Section        0  py32f0xx_it.o(.text.SysTick_Handler)
    __arm_cp.4_0                             0x080030fc   Number         4  py32f0xx_it.o(.text.SysTick_Handler)
    [Anonymous Symbol]                       0x08003100   Section        0  system_py32f0xx.o(.text.SystemInit)
    __arm_cp.1_0                             0x08003120   Number         4  system_py32f0xx.o(.text.SystemInit)
    __arm_cp.1_1                             0x08003124   Number         4  system_py32f0xx.o(.text.SystemInit)
    __arm_cp.1_2                             0x08003128   Number         4  system_py32f0xx.o(.text.SystemInit)
    __arm_cp.1_3                             0x0800312c   Number         4  system_py32f0xx.o(.text.SystemInit)
    [Anonymous Symbol]                       0x08003130   Section        0  py32f0xx_bsp_usart.o(.text.USART1_IRQHandler)
    __arm_cp.7_7                             0x080031f0   Number         4  py32f0xx_bsp_usart.o(.text.USART1_IRQHandler)
    [Anonymous Symbol]                       0x080031f4   Section        0  py32f0xx_bsp_usart.o(.text.USART_IsBusy)
    __arm_cp.1_0                             0x0800320c   Number         4  py32f0xx_bsp_usart.o(.text.USART_IsBusy)
    [Anonymous Symbol]                       0x08003210   Section        0  py32f0xx_bsp_usart.o(.text.USART_bufread)
    __arm_cp.6_2                             0x08003258   Number         4  py32f0xx_bsp_usart.o(.text.USART_bufread)
    [Anonymous Symbol]                       0x0800325c   Section        0  py32f0xx_bsp_usart.o(.text.USART_bufsend)
    __arm_cp.2_0                             0x080032d8   Number         4  py32f0xx_bsp_usart.o(.text.USART_bufsend)
    __arm_cp.2_1                             0x080032dc   Number         4  py32f0xx_bsp_usart.o(.text.USART_bufsend)
    __arm_cp.2_2                             0x080032e0   Number         4  py32f0xx_bsp_usart.o(.text.USART_bufsend)
    __arm_cp.2_3                             0x080032e4   Number         4  py32f0xx_bsp_usart.o(.text.USART_bufsend)
    [Anonymous Symbol]                       0x080032e8   Section        0  py32f0xx_bsp_usart.o(.text.USART_getvalidnum)
    __arm_cp.4_0                             0x08003300   Number         4  py32f0xx_bsp_usart.o(.text.USART_getvalidnum)
    __arm_cp.4_1                             0x08003304   Number         4  py32f0xx_bsp_usart.o(.text.USART_getvalidnum)
    [Anonymous Symbol]                       0x08003308   Section        0  main.o(.text.main)
    __arm_cp.5_3                             0x080033a8   Number         4  main.o(.text.main)
    __arm_cp.5_4                             0x080033ac   Number         4  main.o(.text.main)
    [Anonymous Symbol]                       0x080033b0   Section        0  main.o(.text.thread_app)
    __arm_cp.0_0                             0x080037b0   Number         4  main.o(.text.thread_app)
    __arm_cp.0_1                             0x080037b4   Number         4  main.o(.text.thread_app)
    __arm_cp.0_2                             0x080037b8   Number         4  main.o(.text.thread_app)
    __arm_cp.0_4                             0x080037d8   Number         4  main.o(.text.thread_app)
    __arm_cp.0_6                             0x080037f8   Number         4  main.o(.text.thread_app)
    __arm_cp.0_7                             0x080037fc   Number         4  main.o(.text.thread_app)
    __arm_cp.0_12                            0x08003848   Number         4  main.o(.text.thread_app)
    __arm_cp.0_14                            0x08003864   Number         4  main.o(.text.thread_app)
    __arm_cp.0_15                            0x08003868   Number         4  main.o(.text.thread_app)
    __arm_cp.0_16                            0x0800386c   Number         4  main.o(.text.thread_app)
    __arm_cp.0_17                            0x08003870   Number         4  main.o(.text.thread_app)
    __arm_cp.0_18                            0x08003874   Number         4  main.o(.text.thread_app)
    __arm_cp.0_19                            0x08003878   Number         4  main.o(.text.thread_app)
    __arm_cp.0_20                            0x0800387c   Number         4  main.o(.text.thread_app)
    __arm_cp.0_21                            0x08003880   Number         4  main.o(.text.thread_app)
    __arm_cp.0_22                            0x08003884   Number         4  main.o(.text.thread_app)
    __arm_cp.0_23                            0x08003888   Number         4  main.o(.text.thread_app)
    __arm_cp.0_24                            0x0800388c   Number         4  main.o(.text.thread_app)
    [Anonymous Symbol]                       0x08003890   Section        0  main.o(.text.thread_echo)
    [Anonymous Symbol]                       0x080038d4   Section        0  main.o(.text.thread_key)
    __arm_cp.2_0                             0x08003b44   Number         4  main.o(.text.thread_key)
    __arm_cp.2_1                             0x08003b48   Number         4  main.o(.text.thread_key)
    __arm_cp.2_2                             0x08003b4c   Number         4  main.o(.text.thread_key)
    __arm_cp.2_3                             0x08003b50   Number         4  main.o(.text.thread_key)
    __arm_cp.2_4                             0x08003b54   Number         4  main.o(.text.thread_key)
    __arm_cp.2_5                             0x08003b58   Number         4  main.o(.text.thread_key)
    __arm_cp.2_6                             0x08003b5c   Number         4  main.o(.text.thread_key)
    __arm_cp.2_7                             0x08003b60   Number         4  main.o(.text.thread_key)
    __arm_cp.2_9                             0x08003b74   Number         4  main.o(.text.thread_key)
    __arm_cp.2_11                            0x08003b84   Number         4  main.o(.text.thread_key)
    __arm_cp.2_12                            0x08003b88   Number         4  main.o(.text.thread_key)
    __arm_cp.2_14                            0x08003bbc   Number         4  main.o(.text.thread_key)
    __arm_cp.2_15                            0x08003bc0   Number         4  main.o(.text.thread_key)
    __arm_cp.2_17                            0x08003bd8   Number         4  main.o(.text.thread_key)
    __arm_cp.2_18                            0x08003bdc   Number         4  main.o(.text.thread_key)
    __arm_cp.2_19                            0x08003be0   Number         4  main.o(.text.thread_key)
    __arm_cp.2_20                            0x08003be4   Number         4  main.o(.text.thread_key)
    __arm_cp.2_21                            0x08003be8   Number         4  main.o(.text.thread_key)
    [Anonymous Symbol]                       0x08003c0c   Section        0  main.o(.text.thread_sleep)
    __arm_cp.4_1                             0x08003c8c   Number         4  main.o(.text.thread_sleep)
    __arm_cp.4_2                             0x08003c90   Number         4  main.o(.text.thread_sleep)
    __arm_cp.4_3                             0x08003c94   Number         4  main.o(.text.thread_sleep)
    [Anonymous Symbol]                       0x08003c98   Section        0  main.o(.text.thread_trig)
    __arm_cp.3_0                             0x08003d14   Number         4  main.o(.text.thread_trig)
    __arm_cp.3_2                             0x08003d30   Number         4  main.o(.text.thread_trig)
    __arm_cp.3_3                             0x08003d34   Number         4  main.o(.text.thread_trig)
    __arm_cp.3_5                             0x08003d48   Number         4  main.o(.text.thread_trig)
    __arm_cp.3_6                             0x08003d4c   Number         4  main.o(.text.thread_trig)
    [Anonymous Symbol]                       0x08003d50   Section        0  py32f0xx_bsp_usart.o(.text.uprintf)
    i.__0vsprintf                            0x08003d7c   Section        0  printfa.o(i.__0vsprintf)
    i.__ARM_clz                              0x08003da0   Section        0  depilogue.o(i.__ARM_clz)
    i.__scatterload_copy                     0x08003dce   Section       14  handlers.o(i.__scatterload_copy)
    i.__scatterload_null                     0x08003ddc   Section        2  handlers.o(i.__scatterload_null)
    i.__scatterload_zeroinit                 0x08003dde   Section       14  handlers.o(i.__scatterload_zeroinit)
    _fp_digits                               0x08003ded   Thumb Code   344  printfa.o(i._fp_digits)
    i._fp_digits                             0x08003dec   Section        0  printfa.o(i._fp_digits)
    _printf_core                             0x08003f61   Thumb Code  1754  printfa.o(i._printf_core)
    i._printf_core                           0x08003f60   Section        0  printfa.o(i._printf_core)
    _printf_post_padding                     0x0800464d   Thumb Code    32  printfa.o(i._printf_post_padding)
    i._printf_post_padding                   0x0800464c   Section        0  printfa.o(i._printf_post_padding)
    _printf_pre_padding                      0x0800466d   Thumb Code    44  printfa.o(i._printf_pre_padding)
    i._printf_pre_padding                    0x0800466c   Section        0  printfa.o(i._printf_pre_padding)
    _sputc                                   0x08004699   Thumb Code    10  printfa.o(i._sputc)
    i._sputc                                 0x08004698   Section        0  printfa.o(i._sputc)
    [Anonymous Symbol]                       0x08004724   Section        0  main.o(.rodata.str1.1)
    [Anonymous Symbol]                       0x0800482c   Section        0  sw6306.o(.rodata.str1.1)
    rx_rd_index                              0x200000c6   Data           1  py32f0xx_bsp_usart.o(.data.rx_rd_index)
    [Anonymous Symbol]                       0x200000c6   Section        0  py32f0xx_bsp_usart.o(.data.rx_rd_index)
    thread_key.ledind                        0x200000c7   Data           1  main.o(.data.thread_key.ledind)
    [Anonymous Symbol]                       0x200000c7   Section        0  main.o(.data.thread_key.ledind)
    tx_rd_index                              0x200000e0   Data           1  py32f0xx_bsp_usart.o(.data.tx_rd_index)
    [Anonymous Symbol]                       0x200000e0   Section        0  py32f0xx_bsp_usart.o(.data.tx_rd_index)
    KeyValue_Array                           0x200000f8   Data           5  debounce_key.o(.bss.KeyValue_Array)
    [Anonymous Symbol]                       0x200000f8   Section        0  debounce_key.o(.bss.KeyValue_Array)
    SW6306_ADCLoad.subpt                     0x200000fe   Data           2  sw6306.o(.bss.SW6306_ADCLoad.subpt)
    [Anonymous Symbol]                       0x200000fe   Section        0  sw6306.o(.bss.SW6306_ADCLoad.subpt)
    SW6306_ADCRead.subpt                     0x20000100   Data           2  sw6306.o(.bss.SW6306_ADCRead.subpt)
    [Anonymous Symbol]                       0x20000100   Section        0  sw6306.o(.bss.SW6306_ADCRead.subpt)
    SW6306_ByteModify.subpt                  0x20000102   Data           2  sw6306.o(.bss.SW6306_ByteModify.subpt)
    [Anonymous Symbol]                       0x20000102   Section        0  sw6306.o(.bss.SW6306_ByteModify.subpt)
    SW6306_CapacityLoad.subpt                0x20000104   Data           2  sw6306.o(.bss.SW6306_CapacityLoad.subpt)
    [Anonymous Symbol]                       0x20000104   Section        0  sw6306.o(.bss.SW6306_CapacityLoad.subpt)
    SW6306_Click.subpt                       0x20000106   Data           2  sw6306.o(.bss.SW6306_Click.subpt)
    [Anonymous Symbol]                       0x20000106   Section        0  sw6306.o(.bss.SW6306_Click.subpt)
    SW6306_ForceOff.subpt                    0x20000108   Data           2  sw6306.o(.bss.SW6306_ForceOff.subpt)
    [Anonymous Symbol]                       0x20000108   Section        0  sw6306.o(.bss.SW6306_ForceOff.subpt)
    SW6306_Init.subpt                        0x2000010a   Data           2  sw6306.o(.bss.SW6306_Init.subpt)
    [Anonymous Symbol]                       0x2000010a   Section        0  sw6306.o(.bss.SW6306_Init.subpt)
    SW6306_LPSet.subpt                       0x2000010c   Data           2  sw6306.o(.bss.SW6306_LPSet.subpt)
    [Anonymous Symbol]                       0x2000010c   Section        0  sw6306.o(.bss.SW6306_LPSet.subpt)
    SW6306_PDSet.subpt                       0x2000010e   Data           2  sw6306.o(.bss.SW6306_PDSet.subpt)
    [Anonymous Symbol]                       0x2000010e   Section        0  sw6306.o(.bss.SW6306_PDSet.subpt)
    SW6306_PortA1Insert.subpt                0x20000110   Data           2  sw6306.o(.bss.SW6306_PortA1Insert.subpt)
    [Anonymous Symbol]                       0x20000110   Section        0  sw6306.o(.bss.SW6306_PortA1Insert.subpt)
    SW6306_PortA1Remove.subpt                0x20000112   Data           2  sw6306.o(.bss.SW6306_PortA1Remove.subpt)
    [Anonymous Symbol]                       0x20000112   Section        0  sw6306.o(.bss.SW6306_PortA1Remove.subpt)
    SW6306_PortA2Remove.subpt                0x20000114   Data           2  sw6306.o(.bss.SW6306_PortA2Remove.subpt)
    [Anonymous Symbol]                       0x20000114   Section        0  sw6306.o(.bss.SW6306_PortA2Remove.subpt)
    SW6306_PortStatusLoad.subpt              0x20000116   Data           2  sw6306.o(.bss.SW6306_PortStatusLoad.subpt)
    [Anonymous Symbol]                       0x20000116   Section        0  sw6306.o(.bss.SW6306_PortStatusLoad.subpt)
    SW6306_PowerLoad.subpt                   0x20000118   Data           2  sw6306.o(.bss.SW6306_PowerLoad.subpt)
    [Anonymous Symbol]                       0x20000118   Section        0  sw6306.o(.bss.SW6306_PowerLoad.subpt)
    SW6306_RegsetSwitch.subpt                0x2000011a   Data           2  sw6306.o(.bss.SW6306_RegsetSwitch.subpt)
    [Anonymous Symbol]                       0x2000011a   Section        0  sw6306.o(.bss.SW6306_RegsetSwitch.subpt)
    SW6306_Status                            0x2000011c   Data          52  sw6306.o(.bss.SW6306_Status)
    [Anonymous Symbol]                       0x2000011c   Section        0  sw6306.o(.bss.SW6306_Status)
    SW6306_StatusLoad.subpt                  0x20000150   Data           2  sw6306.o(.bss.SW6306_StatusLoad.subpt)
    [Anonymous Symbol]                       0x20000150   Section        0  sw6306.o(.bss.SW6306_StatusLoad.subpt)
    SW6306_UFCSSet.subpt                     0x20000152   Data           2  sw6306.o(.bss.SW6306_UFCSSet.subpt)
    [Anonymous Symbol]                       0x20000152   Section        0  sw6306.o(.bss.SW6306_UFCSSet.subpt)
    SW6306_Unlock.subpt                      0x20000154   Data           2  sw6306.o(.bss.SW6306_Unlock.subpt)
    [Anonymous Symbol]                       0x20000154   Section        0  sw6306.o(.bss.SW6306_Unlock.subpt)
    USART_rx_buffer                          0x20000156   Data          32  py32f0xx_bsp_usart.o(.bss.USART_rx_buffer)
    [Anonymous Symbol]                       0x20000156   Section        0  py32f0xx_bsp_usart.o(.bss.USART_rx_buffer)
    USART_tx_buffer                          0x20000176   Data         256  py32f0xx_bsp_usart.o(.bss.USART_tx_buffer)
    [Anonymous Symbol]                       0x20000176   Section        0  py32f0xx_bsp_usart.o(.bss.USART_tx_buffer)
    rx_wr_index                              0x20000285   Data           1  py32f0xx_bsp_usart.o(.bss.rx_wr_index)
    [Anonymous Symbol]                       0x20000285   Section        0  py32f0xx_bsp_usart.o(.bss.rx_wr_index)
    thread_app.deattach_delay                0x20000286   Data           2  main.o(.bss.thread_app.deattach_delay)
    [Anonymous Symbol]                       0x20000286   Section        0  main.o(.bss.thread_app.deattach_delay)
    thread_app.endmillis                     0x20000288   Data           4  main.o(.bss.thread_app.endmillis)
    [Anonymous Symbol]                       0x20000288   Section        0  main.o(.bss.thread_app.endmillis)
    thread_app.subpt                         0x2000028c   Data           2  main.o(.bss.thread_app.subpt)
    [Anonymous Symbol]                       0x2000028c   Section        0  main.o(.bss.thread_app.subpt)
    thread_key.cd_reset                      0x2000028e   Data           2  main.o(.bss.thread_key.cd_reset)
    [Anonymous Symbol]                       0x2000028e   Section        0  main.o(.bss.thread_key.cd_reset)
    thread_key.cnt                           0x20000290   Data           1  main.o(.bss.thread_key.cnt)
    [Anonymous Symbol]                       0x20000290   Section        0  main.o(.bss.thread_key.cnt)
    thread_key.endmillis                     0x20000294   Data           4  main.o(.bss.thread_key.endmillis)
    [Anonymous Symbol]                       0x20000294   Section        0  main.o(.bss.thread_key.endmillis)
    thread_key.holding                       0x20000298   Data           1  main.o(.bss.thread_key.holding)
    [Anonymous Symbol]                       0x20000298   Section        0  main.o(.bss.thread_key.holding)
    thread_key.leddir                        0x20000299   Data           1  main.o(.bss.thread_key.leddir)
    [Anonymous Symbol]                       0x20000299   Section        0  main.o(.bss.thread_key.leddir)
    thread_key.step                          0x2000029a   Data           1  main.o(.bss.thread_key.step)
    [Anonymous Symbol]                       0x2000029a   Section        0  main.o(.bss.thread_key.step)
    thread_key.subpt                         0x2000029c   Data           2  main.o(.bss.thread_key.subpt)
    [Anonymous Symbol]                       0x2000029c   Section        0  main.o(.bss.thread_key.subpt)
    thread_trig.subpt                        0x2000029e   Data           2  main.o(.bss.thread_trig.subpt)
    [Anonymous Symbol]                       0x2000029e   Section        0  main.o(.bss.thread_trig.subpt)
    tx_wr_index                              0x200002a0   Data           1  py32f0xx_bsp_usart.o(.bss.tx_wr_index)
    [Anonymous Symbol]                       0x200002a0   Section        0  py32f0xx_bsp_usart.o(.bss.tx_wr_index)
    STACK                                    0x200002a8   Section     1024  startup_py32f030xx.o(STACK)

    Global Symbols

    Symbol Name                              Value     Ov Type        Size  Object(Section)

    BuildAttributes$$THM_ISAv3M$S$PE$A:L22$X:L11$S22$IEEE1$IW$~IW$USESV6$~STKCKD$USESV7$~SHL$OTIME$ROPI$IEEEX$EBA8$MICROLIB$REQ8$PRES8$EABIv2 0x00000000   Number         0  anon$$obj.o ABSOLUTE
    __cpp_initialize__aeabi_                  - Undefined Weak Reference
    __cxa_finalize                            - Undefined Weak Reference
    __decompress                              - Undefined Weak Reference
    _clock_init                               - Undefined Weak Reference
    _microlib_exit                            - Undefined Weak Reference
    __Vectors_Size                           0x000000c0   Number         0  startup_py32f030xx.o ABSOLUTE
    __Vectors                                0x08000000   Data           4  startup_py32f030xx.o(RESET)
    __Vectors_End                            0x080000c0   Data           0  startup_py32f030xx.o(RESET)
    __main                                   0x080000c1   Thumb Code     0  entry.o(.ARM.Collect$$$$00000000)
    _main_stk                                0x080000c1   Thumb Code     0  entry2.o(.ARM.Collect$$$$00000001)
    _main_scatterload                        0x080000c5   Thumb Code     0  entry5.o(.ARM.Collect$$$$00000004)
    __main_after_scatterload                 0x080000c9   Thumb Code     0  entry5.o(.ARM.Collect$$$$00000004)
    _main_clock                              0x080000c9   Thumb Code     0  entry7b.o(.ARM.Collect$$$$00000008)
    _main_cpp_init                           0x080000c9   Thumb Code     0  entry8b.o(.ARM.Collect$$$$0000000A)
    _main_init                               0x080000c9   Thumb Code     0  entry9a.o(.ARM.Collect$$$$0000000B)
    __rt_final_cpp                           0x080000d1   Thumb Code     0  entry10a.o(.ARM.Collect$$$$0000000D)
    __rt_final_exit                          0x080000d1   Thumb Code     0  entry11a.o(.ARM.Collect$$$$0000000F)
    Reset_Handler                            0x080000d5   Thumb Code     8  startup_py32f030xx.o(.text)
    ADC_COMP_IRQHandler                      0x080000e7   Thumb Code     0  startup_py32f030xx.o(.text)
    DMA1_Channel2_3_IRQHandler               0x080000e7   Thumb Code     0  startup_py32f030xx.o(.text)
    EXTI0_1_IRQHandler                       0x080000e7   Thumb Code     0  startup_py32f030xx.o(.text)
    FLASH_IRQHandler                         0x080000e7   Thumb Code     0  startup_py32f030xx.o(.text)
    LED_IRQHandler                           0x080000e7   Thumb Code     0  startup_py32f030xx.o(.text)
    LPTIM1_IRQHandler                        0x080000e7   Thumb Code     0  startup_py32f030xx.o(.text)
    PVD_IRQHandler                           0x080000e7   Thumb Code     0  startup_py32f030xx.o(.text)
    RCC_IRQHandler                           0x080000e7   Thumb Code     0  startup_py32f030xx.o(.text)
    RTC_IRQHandler                           0x080000e7   Thumb Code     0  startup_py32f030xx.o(.text)
    SPI1_IRQHandler                          0x080000e7   Thumb Code     0  startup_py32f030xx.o(.text)
    SPI2_IRQHandler                          0x080000e7   Thumb Code     0  startup_py32f030xx.o(.text)
    TIM14_IRQHandler                         0x080000e7   Thumb Code     0  startup_py32f030xx.o(.text)
    TIM16_IRQHandler                         0x080000e7   Thumb Code     0  startup_py32f030xx.o(.text)
    TIM17_IRQHandler                         0x080000e7   Thumb Code     0  startup_py32f030xx.o(.text)
    TIM1_BRK_UP_TRG_COM_IRQHandler           0x080000e7   Thumb Code     0  startup_py32f030xx.o(.text)
    TIM1_CC_IRQHandler                       0x080000e7   Thumb Code     0  startup_py32f030xx.o(.text)
    TIM3_IRQHandler                          0x080000e7   Thumb Code     0  startup_py32f030xx.o(.text)
    USART2_IRQHandler                        0x080000e7   Thumb Code     0  startup_py32f030xx.o(.text)
    WWDG_IRQHandler                          0x080000e7   Thumb Code     0  startup_py32f030xx.o(.text)
    __aeabi_memset                           0x080000f1   Thumb Code    14  memseta.o(.text)
    __aeabi_memset4                          0x080000f1   Thumb Code     0  memseta.o(.text)
    __aeabi_memset8                          0x080000f1   Thumb Code     0  memseta.o(.text)
    __aeabi_memclr                           0x080000ff   Thumb Code     4  memseta.o(.text)
    __aeabi_memclr4                          0x080000ff   Thumb Code     0  memseta.o(.text)
    __aeabi_memclr8                          0x080000ff   Thumb Code     0  memseta.o(.text)
    _memset$wrapper                          0x08000103   Thumb Code    18  memseta.o(.text)
    __aeabi_fdiv                             0x08000115   Thumb Code   124  fdiv.o(.text)
    __aeabi_i2f                              0x08000191   Thumb Code    22  fflti.o(.text)
    __aeabi_f2d                              0x080001a7   Thumb Code    40  f2d.o(.text)
    __aeabi_uidiv                            0x080001cf   Thumb Code     0  uidiv_div0.o(.text)
    __aeabi_uidivmod                         0x080001cf   Thumb Code    62  uidiv_div0.o(.text)
    __aeabi_uldivmod                         0x0800020d   Thumb Code    96  uldiv.o(.text)
    __I$use$fp                               0x0800026d   Thumb Code     0  iusefp.o(.text)
    _float_round                             0x0800026d   Thumb Code    16  fepilogue.o(.text)
    _float_epilogue                          0x0800027d   Thumb Code   114  fepilogue.o(.text)
    __aeabi_dadd                             0x080002f1   Thumb Code   328  dadd.o(.text)
    __aeabi_dsub                             0x08000439   Thumb Code    12  dadd.o(.text)
    __aeabi_drsub                            0x08000445   Thumb Code    12  dadd.o(.text)
    __aeabi_dmul                             0x08000455   Thumb Code   202  dmul.o(.text)
    __aeabi_ddiv                             0x08000525   Thumb Code   234  ddiv.o(.text)
    __aeabi_d2ulz                            0x08000615   Thumb Code    54  dfixul.o(.text)
    __aeabi_cdrcmple                         0x08000655   Thumb Code    38  cdrcmple.o(.text)
    __scatterload                            0x0800067d   Thumb Code    38  init.o(.text)
    __scatterload_rt2                        0x0800067d   Thumb Code     0  init.o(.text)
    __aeabi_llsl                             0x080006ad   Thumb Code    32  llshl.o(.text)
    _ll_shift_l                              0x080006ad   Thumb Code     0  llshl.o(.text)
    __aeabi_llsr                             0x080006cd   Thumb Code    34  llushr.o(.text)
    _ll_ushift_r                             0x080006cd   Thumb Code     0  llushr.o(.text)
    __aeabi_lasr                             0x080006ef   Thumb Code    38  llsshr.o(.text)
    _ll_sshift_r                             0x080006ef   Thumb Code     0  llsshr.o(.text)
    _double_round                            0x08000715   Thumb Code    26  depilogue.o(.text)
    _double_epilogue                         0x0800072f   Thumb Code   164  depilogue.o(.text)
    main                                     0x080007d5   Thumb Code    36  system_py32f0xx.o(.text.$Sub$$main)
    ASYNC_I2C_Receive                        0x08000801   Thumb Code    76  py32f0xx_bsp_i2c.o(.text.ASYNC_I2C_Receive)
    ASYNC_I2C_Transmit                       0x0800084d   Thumb Code    76  py32f0xx_bsp_i2c.o(.text.ASYNC_I2C_Transmit)
    BSP_EXTI_Config                          0x08000899   Thumb Code   112  py32f0xx_bsp_exti.o(.text.BSP_EXTI_Config)
    BSP_GPIO_Config                          0x08000915   Thumb Code   136  py32f0xx_bsp_gpio.o(.text.BSP_GPIO_Config)
    BSP_I2C_Config                           0x080009a1   Thumb Code   280  py32f0xx_bsp_i2c.o(.text.BSP_I2C_Config)
    BSP_PWMChannelConfig                     0x08000ae1   Thumb Code    56  py32f0xx_bsp_tim.o(.text.BSP_PWMChannelConfig)
    BSP_PWR_Config                           0x08000b1d   Thumb Code    52  py32f0xx_bsp_pwr.o(.text.BSP_PWR_Config)
    BSP_SystemClockConfig                    0x08000b59   Thumb Code   172  py32f0xx_bsp_rcc.o(.text.BSP_SystemClockConfig)
    BSP_TIM_config                           0x08000c25   Thumb Code    76  py32f0xx_bsp_tim.o(.text.BSP_TIM_config)
    BSP_USART_Config                         0x08000c7d   Thumb Code   316  py32f0xx_bsp_usart.o(.text.BSP_USART_Config)
    DMA1_Channel1_IRQHandler                 0x08000dd1   Thumb Code    20  py32f0xx_bsp_i2c.o(.text.DMA1_Channel1_IRQHandler)
    EXTI2_3_IRQHandler                       0x08000de9   Thumb Code    28  py32f0xx_bsp_exti.o(.text.EXTI2_3_IRQHandler)
    EXTI4_15_IRQHandler                      0x08000e09   Thumb Code    28  py32f0xx_bsp_exti.o(.text.EXTI4_15_IRQHandler)
    GetI2CStatus                             0x08000e31   Thumb Code     8  py32f0xx_bsp_i2c.o(.text.GetI2CStatus)
    HardFault_Handler                        0x08000e3d   Thumb Code    20  py32f0xx_it.o(.text.HardFault_Handler)
    I2C1_IRQHandler                          0x08000e59   Thumb Code   792  py32f0xx_bsp_i2c.o(.text.I2C1_IRQHandler)
    I2C_Diagnosis                            0x08001189   Thumb Code    28  py32f0xx_bsp_i2c.o(.text.I2C_Diagnosis)
    I2C_Unlock                               0x080011ad   Thumb Code    92  py32f0xx_bsp_i2c.o(.text.I2C_Unlock)
    Key_DebounceService_10ms                 0x0800120d   Thumb Code    16  debounce_key.o(.text.Key_DebounceService_10ms)
    Key_EdgeDetect                           0x0800121d   Thumb Code    76  debounce_key.o(.text.Key_EdgeDetect)
    Key_Init                                 0x08001269   Thumb Code    12  debounce_key.o(.text.Key_Init)
    Key_Scand                                0x08001275   Thumb Code   100  debounce_key.o(.text.Key_Scand)
    LED_PWM_Set                              0x080012e1   Thumb Code    28  py32f0xx_bsp_tim.o(.text.LED_PWM_Set)
    LL_DMA_Init                              0x08001301   Thumb Code    72  py32f0xx_ll_dma.o(.text.LL_DMA_Init)
    LL_EXTI_Init                             0x08001355   Thumb Code   152  py32f0xx_ll_exti.o(.text.LL_EXTI_Init)
    LL_GPIO_Init                             0x080013f5   Thumb Code   178  py32f0xx_ll_gpio.o(.text.LL_GPIO_Init)
    LL_I2C_Init                              0x080014a9   Thumb Code   200  py32f0xx_ll_i2c.o(.text.LL_I2C_Init)
    LL_RCC_GetSystemClocksFreq               0x08001581   Thumb Code    52  py32f0xx_ll_rcc.o(.text.LL_RCC_GetSystemClocksFreq)
    LL_SetSystemCoreClock                    0x080015c1   Thumb Code     8  py32f0xx_ll_utils.o(.text.LL_SetSystemCoreClock)
    LL_TIM_Init                              0x080015cd   Thumb Code   116  py32f0xx_ll_tim.o(.text.LL_TIM_Init)
    LL_TIM_OC_Init                           0x0800164d   Thumb Code   536  py32f0xx_ll_tim.o(.text.LL_TIM_OC_Init)
    LL_mDelay                                0x0800187d   Thumb Code    32  py32f0xx_ll_utils.o(.text.LL_mDelay)
    NMI_Handler                              0x080018a1   Thumb Code     2  py32f0xx_it.o(.text.NMI_Handler)
    PendSV_Handler                           0x080018a3   Thumb Code     2  py32f0xx_it.o(.text.PendSV_Handler)
    RCC_GetSystemClockFreq                   0x080018a5   Thumb Code    84  py32f0xx_ll_rcc.o(.text.RCC_GetSystemClockFreq)
    SVC_Handler                              0x08001909   Thumb Code     2  py32f0xx_it.o(.text.SVC_Handler)
    SW6306_ADCLoad                           0x0800190d   Thumb Code   336  sw6306.o(.text.SW6306_ADCLoad)
    SW6306_ADCRead                           0x08001a69   Thumb Code   144  sw6306.o(.text.SW6306_ADCRead)
    SW6306_ByteModify                        0x08001afd   Thumb Code   104  sw6306.o(.text.SW6306_ByteModify)
    SW6306_ByteRead                          0x08001b69   Thumb Code   120  sw6306.o(.text.SW6306_ByteRead)
    SW6306_ByteWrite                         0x08001be1   Thumb Code   124  sw6306.o(.text.SW6306_ByteWrite)
    SW6306_CapacityLoad                      0x08001c61   Thumb Code   248  sw6306.o(.text.SW6306_CapacityLoad)
    SW6306_Click                             0x08001d69   Thumb Code    84  sw6306.o(.text.SW6306_Click)
    SW6306_ForceOff                          0x08001dc1   Thumb Code   124  sw6306.o(.text.SW6306_ForceOff)
    SW6306_Init                              0x08001e41   Thumb Code  2704  sw6306.o(.text.SW6306_Init)
    SW6306_IsBatteryDepleted                 0x080028dd   Thumb Code    12  sw6306.o(.text.SW6306_IsBatteryDepleted)
    SW6306_IsCharging                        0x080028e9   Thumb Code    12  sw6306.o(.text.SW6306_IsCharging)
    SW6306_IsDischarging                     0x080028f5   Thumb Code    12  sw6306.o(.text.SW6306_IsDischarging)
    SW6306_IsErrorinCharging                 0x08002901   Thumb Code    12  sw6306.o(.text.SW6306_IsErrorinCharging)
    SW6306_IsErrorinDischarging              0x0800290d   Thumb Code    12  sw6306.o(.text.SW6306_IsErrorinDischarging)
    SW6306_IsFullCharged                     0x08002919   Thumb Code    12  sw6306.o(.text.SW6306_IsFullCharged)
    SW6306_IsInitialized                     0x08002925   Thumb Code    40  sw6306.o(.text.SW6306_IsInitialized)
    SW6306_IsOverHeated                      0x0800294d   Thumb Code    24  sw6306.o(.text.SW6306_IsOverHeated)
    SW6306_IsPortA1ON                        0x08002965   Thumb Code    12  sw6306.o(.text.SW6306_IsPortA1ON)
    SW6306_IsPortA2ON                        0x08002971   Thumb Code    12  sw6306.o(.text.SW6306_IsPortA2ON)
    SW6306_IsPortC1ON                        0x0800297d   Thumb Code    12  sw6306.o(.text.SW6306_IsPortC1ON)
    SW6306_IsPortC2ON                        0x08002989   Thumb Code    12  sw6306.o(.text.SW6306_IsPortC2ON)
    SW6306_LPSet                             0x08002999   Thumb Code    88  sw6306.o(.text.SW6306_LPSet)
    SW6306_PortA1Insert                      0x080029f5   Thumb Code    84  sw6306.o(.text.SW6306_PortA1Insert)
    SW6306_PortA1Remove                      0x08002a4d   Thumb Code    84  sw6306.o(.text.SW6306_PortA1Remove)
    SW6306_PortA2Remove                      0x08002aa5   Thumb Code    84  sw6306.o(.text.SW6306_PortA2Remove)
    SW6306_PortStatusLoad                    0x08002afd   Thumb Code   200  sw6306.o(.text.SW6306_PortStatusLoad)
    SW6306_PowerLoad                         0x08002bcd   Thumb Code   308  sw6306.o(.text.SW6306_PowerLoad)
    SW6306_ReadCapacity                      0x08002d09   Thumb Code     8  sw6306.o(.text.SW6306_ReadCapacity)
    SW6306_ReadIBAT                          0x08002d11   Thumb Code     8  sw6306.o(.text.SW6306_ReadIBAT)
    SW6306_ReadIBUS                          0x08002d19   Thumb Code     8  sw6306.o(.text.SW6306_ReadIBUS)
    SW6306_ReadProtocol                      0x08002d25   Thumb Code    24  sw6306.o(.text.SW6306_ReadProtocol)
    SW6306_ReadTCHIP                         0x08002d89   Thumb Code    24  sw6306.o(.text.SW6306_ReadTCHIP)
    SW6306_ReadTNTC                          0x08002da9   Thumb Code    16  sw6306.o(.text.SW6306_ReadTNTC)
    SW6306_ReadVBAT                          0x08002db9   Thumb Code     8  sw6306.o(.text.SW6306_ReadVBAT)
    SW6306_ReadVBUS                          0x08002dc1   Thumb Code     8  sw6306.o(.text.SW6306_ReadVBUS)
    SW6306_RegsetSwitch                      0x08002dc9   Thumb Code   140  sw6306.o(.text.SW6306_RegsetSwitch)
    SW6306_StatusLoad                        0x08002e61   Thumb Code   384  sw6306.o(.text.SW6306_StatusLoad)
    SW6306_Unlock                            0x08002fed   Thumb Code   212  sw6306.o(.text.SW6306_Unlock)
    SysInit                                  0x080030c9   Thumb Code    40  bsp_py32f030x6.o(.text.SysInit)
    SysTick_Handler                          0x080030f1   Thumb Code    12  py32f0xx_it.o(.text.SysTick_Handler)
    SystemInit                               0x08003101   Thumb Code    32  system_py32f0xx.o(.text.SystemInit)
    USART1_IRQHandler                        0x08003131   Thumb Code   192  py32f0xx_bsp_usart.o(.text.USART1_IRQHandler)
    USART_IsBusy                             0x080031f5   Thumb Code    24  py32f0xx_bsp_usart.o(.text.USART_IsBusy)
    USART_bufread                            0x08003211   Thumb Code    72  py32f0xx_bsp_usart.o(.text.USART_bufread)
    USART_bufsend                            0x0800325d   Thumb Code   124  py32f0xx_bsp_usart.o(.text.USART_bufsend)
    USART_getvalidnum                        0x080032e9   Thumb Code    24  py32f0xx_bsp_usart.o(.text.USART_getvalidnum)
    $Super$$main                             0x08003309   Thumb Code    84  main.o(.text.main)
    thread_app                               0x080033b1   Thumb Code  1024  main.o(.text.thread_app)
    thread_echo                              0x08003891   Thumb Code    68  main.o(.text.thread_echo)
    thread_key                               0x080038d5   Thumb Code   624  main.o(.text.thread_key)
    thread_sleep                             0x08003c0d   Thumb Code   128  main.o(.text.thread_sleep)
    thread_trig                              0x08003c99   Thumb Code   124  main.o(.text.thread_trig)
    uprintf                                  0x08003d51   Thumb Code    44  py32f0xx_bsp_usart.o(.text.uprintf)
    __0vsprintf                              0x08003d7d   Thumb Code    30  printfa.o(i.__0vsprintf)
    __1vsprintf                              0x08003d7d   Thumb Code     0  printfa.o(i.__0vsprintf)
    __2vsprintf                              0x08003d7d   Thumb Code     0  printfa.o(i.__0vsprintf)
    __c89vsprintf                            0x08003d7d   Thumb Code     0  printfa.o(i.__0vsprintf)
    vsprintf                                 0x08003d7d   Thumb Code     0  printfa.o(i.__0vsprintf)
    __ARM_clz                                0x08003da1   Thumb Code    46  depilogue.o(i.__ARM_clz)
    __scatterload_copy                       0x08003dcf   Thumb Code    14  handlers.o(i.__scatterload_copy)
    __scatterload_null                       0x08003ddd   Thumb Code     2  handlers.o(i.__scatterload_null)
    __scatterload_zeroinit                   0x08003ddf   Thumb Code    14  handlers.o(i.__scatterload_zeroinit)
    AHBPrescTable                            0x080046a4   Data          64  system_py32f0xx.o(.rodata.AHBPrescTable)
    APBPrescTable                            0x080046e4   Data          32  system_py32f0xx.o(.rodata.APBPrescTable)
    HSIFreqTable                             0x08004704   Data          32  system_py32f0xx.o(.rodata.HSIFreqTable)
    Region$$Table$$Base                      0x0800488c   Number         0  anon$$obj.o(Region$$Table)
    Region$$Table$$Limit                     0x080048ac   Number         0  anon$$obj.o(Region$$Table)
    VECT_SRAM_TAB                            0x20000000   Data         192  system_py32f0xx.o(.ARM.__at_0x20000000)
    SystemCoreClock                          0x200000c0   Data           4  system_py32f0xx.o(.data.SystemCoreClock)
    cd_sleep                                 0x200000c4   Data           2  main.o(.data.cd_sleep)
    thread_num                               0x200000c8   Data           1  main.o(.data.thread_num)
    threads                                  0x200000cc   Data          20  main.o(.data.threads)
    I2C1_Status                              0x200000e8   Data          16  py32f0xx_bsp_i2c.o(.bss.I2C1_Status)
    forceoff                                 0x20000276   Data           1  main.o(.bss.forceoff)
    i2c_mutex                                0x20000278   Data           4  py32f0xx_bsp_i2c.o(.bss.i2c_mutex)
    inttrig                                  0x2000027c   Data           1  py32f0xx_bsp_exti.o(.bss.inttrig)
    keytrig                                  0x2000027d   Data           1  py32f0xx_bsp_exti.o(.bss.keytrig)
    ledsta                                   0x2000027e   Data           1  main.o(.bss.ledsta)
    millis                                   0x20000280   Data           4  py32f0xx_it.o(.bss.millis)
    rx_buf_ovf                               0x20000284   Data           1  py32f0xx_bsp_usart.o(.bss.rx_buf_ovf)
    wdt_cnt                                  0x200002a2   Data           2  main.o(.bss.wdt_cnt)
    __initial_sp                             0x200006a8   Data           0  startup_py32f030xx.o(STACK)



==============================================================================

Memory Map of the image

  Image Entry point : 0x080000c1

  Load Region LR_IROM1 (Base: 0x08000000, Size: 0x00004998, Max: 0x00008000, ABSOLUTE)

    Execution Region ER_IROM1 (Exec base: 0x08000000, Load base: 0x08000000, Size: 0x000048ac, Max: 0x00008000, ABSOLUTE)

    Exec Addr    Load Addr    Size         Type   Attr      Idx    E Section Name        Object

    0x08000000   0x08000000   0x000000c0   Data   RO            3    RESET               startup_py32f030xx.o
    0x080000c0   0x080000c0   0x00000000   Code   RO          630  * .ARM.Collect$$$$00000000  mc_p.l(entry.o)
    0x080000c0   0x080000c0   0x00000004   Code   RO          697    .ARM.Collect$$$$00000001  mc_p.l(entry2.o)
    0x080000c4   0x080000c4   0x00000004   Code   RO          700    .ARM.Collect$$$$00000004  mc_p.l(entry5.o)
    0x080000c8   0x080000c8   0x00000000   Code   RO          702    .ARM.Collect$$$$00000008  mc_p.l(entry7b.o)
    0x080000c8   0x080000c8   0x00000000   Code   RO          704    .ARM.Collect$$$$0000000A  mc_p.l(entry8b.o)
    0x080000c8   0x080000c8   0x00000008   Code   RO          705    .ARM.Collect$$$$0000000B  mc_p.l(entry9a.o)
    0x080000d0   0x080000d0   0x00000000   Code   RO          707    .ARM.Collect$$$$0000000D  mc_p.l(entry10a.o)
    0x080000d0   0x080000d0   0x00000000   Code   RO          709    .ARM.Collect$$$$0000000F  mc_p.l(entry11a.o)
    0x080000d0   0x080000d0   0x00000004   Code   RO          698    .ARM.Collect$$$$00002712  mc_p.l(entry2.o)
    0x080000d4   0x080000d4   0x0000001c   Code   RO            4    .text               startup_py32f030xx.o
    0x080000f0   0x080000f0   0x00000024   Code   RO          637    .text               mc_p.l(memseta.o)
    0x08000114   0x08000114   0x0000007c   Code   RO          671    .text               mf_p.l(fdiv.o)
    0x08000190   0x08000190   0x00000016   Code   RO          677    .text               mf_p.l(fflti.o)
    0x080001a6   0x080001a6   0x00000028   Code   RO          681    .text               mf_p.l(f2d.o)
    0x080001ce   0x080001ce   0x0000003e   Code   RO          718    .text               mc_p.l(uidiv_div0.o)
    0x0800020c   0x0800020c   0x00000060   Code   RO          724    .text               mc_p.l(uldiv.o)
    0x0800026c   0x0800026c   0x00000000   Code   RO          733    .text               mc_p.l(iusefp.o)
    0x0800026c   0x0800026c   0x00000082   Code   RO          734    .text               mf_p.l(fepilogue.o)
    0x080002ee   0x080002ee   0x00000002   PAD
    0x080002f0   0x080002f0   0x00000164   Code   RO          738    .text               mf_p.l(dadd.o)
    0x08000454   0x08000454   0x000000d0   Code   RO          740    .text               mf_p.l(dmul.o)
    0x08000524   0x08000524   0x000000f0   Code   RO          742    .text               mf_p.l(ddiv.o)
    0x08000614   0x08000614   0x00000040   Code   RO          744    .text               mf_p.l(dfixul.o)
    0x08000654   0x08000654   0x00000028   Code   RO          746    .text               mf_p.l(cdrcmple.o)
    0x0800067c   0x0800067c   0x00000030   Code   RO          748    .text               mc_p.l(init.o)
    0x080006ac   0x080006ac   0x00000020   Code   RO          751    .text               mc_p.l(llshl.o)
    0x080006cc   0x080006cc   0x00000022   Code   RO          753    .text               mc_p.l(llushr.o)
    0x080006ee   0x080006ee   0x00000026   Code   RO          755    .text               mc_p.l(llsshr.o)
    0x08000714   0x08000714   0x000000be   Code   RO          758    .text               mf_p.l(depilogue.o)
    0x080007d2   0x080007d2   0x00000002   PAD
    0x080007d4   0x080007d4   0x0000002c   Code   RO           15    .text.$Sub$$main    system_py32f0xx.o
    0x08000800   0x08000800   0x0000004c   Code   RO          343    .text.ASYNC_I2C_Receive  py32f0xx_bsp_i2c.o
    0x0800084c   0x0800084c   0x0000004c   Code   RO          341    .text.ASYNC_I2C_Transmit  py32f0xx_bsp_i2c.o
    0x08000898   0x08000898   0x0000007c   Code   RO          306    .text.BSP_EXTI_Config  py32f0xx_bsp_exti.o
    0x08000914   0x08000914   0x0000008c   Code   RO          321    .text.BSP_GPIO_Config  py32f0xx_bsp_gpio.o
    0x080009a0   0x080009a0   0x00000140   Code   RO          331    .text.BSP_I2C_Config  py32f0xx_bsp_i2c.o
    0x08000ae0   0x08000ae0   0x0000003c   Code   RO          382    .text.BSP_PWMChannelConfig  py32f0xx_bsp_tim.o
    0x08000b1c   0x08000b1c   0x0000003c   Code   RO          363    .text.BSP_PWR_Config  py32f0xx_bsp_pwr.o
    0x08000b58   0x08000b58   0x000000cc   Code   RO          371    .text.BSP_SystemClockConfig  py32f0xx_bsp_rcc.o
    0x08000c24   0x08000c24   0x00000058   Code   RO          380    .text.BSP_TIM_config  py32f0xx_bsp_tim.o
    0x08000c7c   0x08000c7c   0x00000154   Code   RO          394    .text.BSP_USART_Config  py32f0xx_bsp_usart.o
    0x08000dd0   0x08000dd0   0x00000018   Code   RO          347    .text.DMA1_Channel1_IRQHandler  py32f0xx_bsp_i2c.o
    0x08000de8   0x08000de8   0x00000020   Code   RO          310    .text.EXTI2_3_IRQHandler  py32f0xx_bsp_exti.o
    0x08000e08   0x08000e08   0x00000028   Code   RO          308    .text.EXTI4_15_IRQHandler  py32f0xx_bsp_exti.o
    0x08000e30   0x08000e30   0x0000000c   Code   RO          339    .text.GetI2CStatus  py32f0xx_bsp_i2c.o
    0x08000e3c   0x08000e3c   0x0000001c   Code   RO           32    .text.HardFault_Handler  py32f0xx_it.o
    0x08000e58   0x08000e58   0x00000330   Code   RO          345    .text.I2C1_IRQHandler  py32f0xx_bsp_i2c.o
    0x08001188   0x08001188   0x00000024   Code   RO          337    .text.I2C_Diagnosis  py32f0xx_bsp_i2c.o
    0x080011ac   0x080011ac   0x00000060   Code   RO          333    .text.I2C_Unlock    py32f0xx_bsp_i2c.o
    0x0800120c   0x0800120c   0x00000010   Code   RO          102    .text.Key_DebounceService_10ms  debounce_key.o
    0x0800121c   0x0800121c   0x0000004c   Code   RO          106    .text.Key_EdgeDetect  debounce_key.o
    0x08001268   0x08001268   0x0000000c   Code   RO          104    .text.Key_Init      debounce_key.o
    0x08001274   0x08001274   0x0000006c   Code   RO          100    .text.Key_Scand     debounce_key.o
    0x080012e0   0x080012e0   0x00000020   Code   RO          384    .text.LED_PWM_Set   py32f0xx_bsp_tim.o
    0x08001300   0x08001300   0x00000054   Code   RO          142    .text.LL_DMA_Init   py32f0xx_ll_dma.o
    0x08001354   0x08001354   0x000000a0   Code   RO          156    .text.LL_EXTI_Init  py32f0xx_ll_exti.o
    0x080013f4   0x080013f4   0x000000b2   Code   RO          170    .text.LL_GPIO_Init  py32f0xx_ll_gpio.o
    0x080014a6   0x080014a6   0x00000002   PAD
    0x080014a8   0x080014a8   0x000000d8   Code   RO          184    .text.LL_I2C_Init   py32f0xx_ll_i2c.o
    0x08001580   0x08001580   0x00000040   Code   RO          220    .text.LL_RCC_GetSystemClocksFreq  py32f0xx_ll_rcc.o
    0x080015c0   0x080015c0   0x0000000c   Code   RO          288    .text.LL_SetSystemCoreClock  py32f0xx_ll_utils.o
    0x080015cc   0x080015cc   0x00000080   Code   RO          254    .text.LL_TIM_Init   py32f0xx_ll_tim.o
    0x0800164c   0x0800164c   0x00000230   Code   RO          258    .text.LL_TIM_OC_Init  py32f0xx_ll_tim.o
    0x0800187c   0x0800187c   0x00000024   Code   RO          286    .text.LL_mDelay     py32f0xx_ll_utils.o
    0x080018a0   0x080018a0   0x00000002   Code   RO           30    .text.NMI_Handler   py32f0xx_it.o
    0x080018a2   0x080018a2   0x00000002   Code   RO           36    .text.PendSV_Handler  py32f0xx_it.o
    0x080018a4   0x080018a4   0x00000064   Code   RO          222    .text.RCC_GetSystemClockFreq  py32f0xx_ll_rcc.o
    0x08001908   0x08001908   0x00000002   Code   RO           34    .text.SVC_Handler   py32f0xx_it.o
    0x0800190a   0x0800190a   0x00000002   PAD
    0x0800190c   0x0800190c   0x0000015c   Code   RO          449    .text.SW6306_ADCLoad  sw6306.o
    0x08001a68   0x08001a68   0x00000094   Code   RO          447    .text.SW6306_ADCRead  sw6306.o
    0x08001afc   0x08001afc   0x0000006c   Code   RO          445    .text.SW6306_ByteModify  sw6306.o
    0x08001b68   0x08001b68   0x00000078   Code   RO          439    .text.SW6306_ByteRead  sw6306.o
    0x08001be0   0x08001be0   0x00000080   Code   RO          437    .text.SW6306_ByteWrite  sw6306.o
    0x08001c60   0x08001c60   0x00000108   Code   RO          521    .text.SW6306_CapacityLoad  sw6306.o
    0x08001d68   0x08001d68   0x00000058   Code   RO          529    .text.SW6306_Click  sw6306.o
    0x08001dc0   0x08001dc0   0x00000080   Code   RO          531    .text.SW6306_ForceOff  sw6306.o
    0x08001e40   0x08001e40   0x00000a9c   Code   RO          577    .text.SW6306_Init   sw6306.o
    0x080028dc   0x080028dc   0x0000000c   Code   RO          507    .text.SW6306_IsBatteryDepleted  sw6306.o
    0x080028e8   0x080028e8   0x0000000c   Code   RO          501    .text.SW6306_IsCharging  sw6306.o
    0x080028f4   0x080028f4   0x0000000c   Code   RO          503    .text.SW6306_IsDischarging  sw6306.o
    0x08002900   0x08002900   0x0000000c   Code   RO          511    .text.SW6306_IsErrorinCharging  sw6306.o
    0x0800290c   0x0800290c   0x0000000c   Code   RO          513    .text.SW6306_IsErrorinDischarging  sw6306.o
    0x08002918   0x08002918   0x0000000c   Code   RO          505    .text.SW6306_IsFullCharged  sw6306.o
    0x08002924   0x08002924   0x00000028   Code   RO          579    .text.SW6306_IsInitialized  sw6306.o
    0x0800294c   0x0800294c   0x00000018   Code   RO          519    .text.SW6306_IsOverHeated  sw6306.o
    0x08002964   0x08002964   0x0000000c   Code   RO          475    .text.SW6306_IsPortA1ON  sw6306.o
    0x08002970   0x08002970   0x0000000c   Code   RO          477    .text.SW6306_IsPortA2ON  sw6306.o
    0x0800297c   0x0800297c   0x0000000c   Code   RO          471    .text.SW6306_IsPortC1ON  sw6306.o
    0x08002988   0x08002988   0x00000010   Code   RO          473    .text.SW6306_IsPortC2ON  sw6306.o
    0x08002998   0x08002998   0x0000005c   Code   RO          535    .text.SW6306_LPSet  sw6306.o
    0x080029f4   0x080029f4   0x00000058   Code   RO          547    .text.SW6306_PortA1Insert  sw6306.o
    0x08002a4c   0x08002a4c   0x00000058   Code   RO          545    .text.SW6306_PortA1Remove  sw6306.o
    0x08002aa4   0x08002aa4   0x00000058   Code   RO          549    .text.SW6306_PortA2Remove  sw6306.o
    0x08002afc   0x08002afc   0x000000d0   Code   RO          469    .text.SW6306_PortStatusLoad  sw6306.o
    0x08002bcc   0x08002bcc   0x0000013c   Code   RO          479    .text.SW6306_PowerLoad  sw6306.o
    0x08002d08   0x08002d08   0x00000008   Code   RO          523    .text.SW6306_ReadCapacity  sw6306.o
    0x08002d10   0x08002d10   0x00000008   Code   RO          457    .text.SW6306_ReadIBAT  sw6306.o
    0x08002d18   0x08002d18   0x0000000c   Code   RO          453    .text.SW6306_ReadIBUS  sw6306.o
    0x08002d24   0x08002d24   0x00000064   Code   RO          489    .text.SW6306_ReadProtocol  sw6306.o
    0x08002d88   0x08002d88   0x00000020   Code   RO          461    .text.SW6306_ReadTCHIP  sw6306.o
    0x08002da8   0x08002da8   0x00000010   Code   RO          459    .text.SW6306_ReadTNTC  sw6306.o
    0x08002db8   0x08002db8   0x00000008   Code   RO          455    .text.SW6306_ReadVBAT  sw6306.o
    0x08002dc0   0x08002dc0   0x00000008   Code   RO          451    .text.SW6306_ReadVBUS  sw6306.o
    0x08002dc8   0x08002dc8   0x00000098   Code   RO          443    .text.SW6306_RegsetSwitch  sw6306.o
    0x08002e60   0x08002e60   0x0000018c   Code   RO          491    .text.SW6306_StatusLoad  sw6306.o
    0x08002fec   0x08002fec   0x000000dc   Code   RO          533    .text.SW6306_Unlock  sw6306.o
    0x080030c8   0x080030c8   0x00000028   Code   RO           48    .text.SysInit       bsp_py32f030x6.o
    0x080030f0   0x080030f0   0x00000010   Code   RO           38    .text.SysTick_Handler  py32f0xx_it.o
    0x08003100   0x08003100   0x00000030   Code   RO           13    .text.SystemInit    system_py32f0xx.o
    0x08003130   0x08003130   0x000000c4   Code   RO          408    .text.USART1_IRQHandler  py32f0xx_bsp_usart.o
    0x080031f4   0x080031f4   0x0000001c   Code   RO          396    .text.USART_IsBusy  py32f0xx_bsp_usart.o
    0x08003210   0x08003210   0x0000004c   Code   RO          406    .text.USART_bufread  py32f0xx_bsp_usart.o
    0x0800325c   0x0800325c   0x0000008c   Code   RO          398    .text.USART_bufsend  py32f0xx_bsp_usart.o
    0x080032e8   0x080032e8   0x00000020   Code   RO          402    .text.USART_getvalidnum  py32f0xx_bsp_usart.o
    0x08003308   0x08003308   0x000000a8   Code   RO           66    .text.main          main.o
    0x080033b0   0x080033b0   0x000004e0   Code   RO           56    .text.thread_app    main.o
    0x08003890   0x08003890   0x00000044   Code   RO           58    .text.thread_echo   main.o
    0x080038d4   0x080038d4   0x00000338   Code   RO           60    .text.thread_key    main.o
    0x08003c0c   0x08003c0c   0x0000008c   Code   RO           64    .text.thread_sleep  main.o
    0x08003c98   0x08003c98   0x000000b8   Code   RO           62    .text.thread_trig   main.o
    0x08003d50   0x08003d50   0x0000002c   Code   RO          418    .text.uprintf       py32f0xx_bsp_usart.o
    0x08003d7c   0x08003d7c   0x00000024   Code   RO          646    i.__0vsprintf       mc_p.l(printfa.o)
    0x08003da0   0x08003da0   0x0000002e   Code   RO          760    i.__ARM_clz         mf_p.l(depilogue.o)
    0x08003dce   0x08003dce   0x0000000e   Code   RO          764    i.__scatterload_copy  mc_p.l(handlers.o)
    0x08003ddc   0x08003ddc   0x00000002   Code   RO          765    i.__scatterload_null  mc_p.l(handlers.o)
    0x08003dde   0x08003dde   0x0000000e   Code   RO          766    i.__scatterload_zeroinit  mc_p.l(handlers.o)
    0x08003dec   0x08003dec   0x00000174   Code   RO          647    i._fp_digits        mc_p.l(printfa.o)
    0x08003f60   0x08003f60   0x000006ec   Code   RO          648    i._printf_core      mc_p.l(printfa.o)
    0x0800464c   0x0800464c   0x00000020   Code   RO          649    i._printf_post_padding  mc_p.l(printfa.o)
    0x0800466c   0x0800466c   0x0000002c   Code   RO          650    i._printf_pre_padding  mc_p.l(printfa.o)
    0x08004698   0x08004698   0x0000000a   Code   RO          652    i._sputc            mc_p.l(printfa.o)
    0x080046a2   0x080046a2   0x00000002   PAD
    0x080046a4   0x080046a4   0x00000040   Data   RO           18    .rodata.AHBPrescTable  system_py32f0xx.o
    0x080046e4   0x080046e4   0x00000020   Data   RO           19    .rodata.APBPrescTable  system_py32f0xx.o
    0x08004704   0x08004704   0x00000020   Data   RO           20    .rodata.HSIFreqTable  system_py32f0xx.o
    0x08004724   0x08004724   0x00000108   Data   RO           76    .rodata.str1.1      main.o
    0x0800482c   0x0800482c   0x0000005d   Data   RO          615    .rodata.str1.1      sw6306.o
    0x08004889   0x08004889   0x00000003   PAD
    0x0800488c   0x0800488c   0x00000020   Data   RO          763    Region$$Table       anon$$obj.o


    Execution Region RW_IRAM1 (Exec base: 0x20000000, Load base: 0x080048b0, Size: 0x000006a8, Max: 0x00001000, ABSOLUTE)

    Exec Addr    Load Addr    Size         Type   Attr      Idx    E Section Name        Object

    0x20000000   0x080048b0   0x000000c0   Data   RW           21    .ARM.__at_0x20000000  system_py32f0xx.o
    0x200000c0   0x08004970   0x00000004   Data   RW           17    .data.SystemCoreClock  system_py32f0xx.o
    0x200000c4   0x08004974   0x00000002   Data   RW           72    .data.cd_sleep      main.o
    0x200000c6   0x08004976   0x00000001   Data   RW          425    .data.rx_rd_index   py32f0xx_bsp_usart.o
    0x200000c7   0x08004977   0x00000001   Data   RW           82    .data.thread_key.ledind  main.o
    0x200000c8   0x08004978   0x00000001   Data   RW           88    .data.thread_num    main.o
    0x200000c9   0x08004979   0x00000003   PAD
    0x200000cc   0x0800497c   0x00000014   Data   RW           87    .data.threads       main.o
    0x200000e0   0x08004990   0x00000001   Data   RW          421    .data.tx_rd_index   py32f0xx_bsp_usart.o
    0x200000e1   0x08004991   0x00000007   PAD
    0x200000e8        -       0x00000010   Zero   RW          353    .bss.I2C1_Status    py32f0xx_bsp_i2c.o
    0x200000f8        -       0x00000005   Zero   RW          111    .bss.KeyValue_Array  debounce_key.o
    0x200000fd   0x08004991   0x00000001   PAD
    0x200000fe        -       0x00000002   Zero   RW          585    .bss.SW6306_ADCLoad.subpt  sw6306.o
    0x20000100        -       0x00000002   Zero   RW          584    .bss.SW6306_ADCRead.subpt  sw6306.o
    0x20000102        -       0x00000002   Zero   RW          583    .bss.SW6306_ByteModify.subpt  sw6306.o
    0x20000104        -       0x00000002   Zero   RW          589    .bss.SW6306_CapacityLoad.subpt  sw6306.o
    0x20000106        -       0x00000002   Zero   RW          590    .bss.SW6306_Click.subpt  sw6306.o
    0x20000108        -       0x00000002   Zero   RW          591    .bss.SW6306_ForceOff.subpt  sw6306.o
    0x2000010a        -       0x00000002   Zero   RW          614    .bss.SW6306_Init.subpt  sw6306.o
    0x2000010c        -       0x00000002   Zero   RW          593    .bss.SW6306_LPSet.subpt  sw6306.o
    0x2000010e        -       0x00000002   Zero   RW          616    .bss.SW6306_PDSet.subpt  sw6306.o
    0x20000110        -       0x00000002   Zero   RW          599    .bss.SW6306_PortA1Insert.subpt  sw6306.o
    0x20000112        -       0x00000002   Zero   RW          598    .bss.SW6306_PortA1Remove.subpt  sw6306.o
    0x20000114        -       0x00000002   Zero   RW          600    .bss.SW6306_PortA2Remove.subpt  sw6306.o
    0x20000116        -       0x00000002   Zero   RW          586    .bss.SW6306_PortStatusLoad.subpt  sw6306.o
    0x20000118        -       0x00000002   Zero   RW          587    .bss.SW6306_PowerLoad.subpt  sw6306.o
    0x2000011a        -       0x00000002   Zero   RW          582    .bss.SW6306_RegsetSwitch.subpt  sw6306.o
    0x2000011c        -       0x00000034   Zero   RW          581    .bss.SW6306_Status  sw6306.o
    0x20000150        -       0x00000002   Zero   RW          588    .bss.SW6306_StatusLoad.subpt  sw6306.o
    0x20000152        -       0x00000002   Zero   RW          617    .bss.SW6306_UFCSSet.subpt  sw6306.o
    0x20000154        -       0x00000002   Zero   RW          592    .bss.SW6306_Unlock.subpt  sw6306.o
    0x20000156        -       0x00000020   Zero   RW          426    .bss.USART_rx_buffer  py32f0xx_bsp_usart.o
    0x20000176        -       0x00000100   Zero   RW          422    .bss.USART_tx_buffer  py32f0xx_bsp_usart.o
    0x20000276        -       0x00000001   Zero   RW           71    .bss.forceoff       main.o
    0x20000277   0x08004991   0x00000001   PAD
    0x20000278        -       0x00000004   Zero   RW          354    .bss.i2c_mutex      py32f0xx_bsp_i2c.o
    0x2000027c        -       0x00000001   Zero   RW          312    .bss.inttrig        py32f0xx_bsp_exti.o
    0x2000027d        -       0x00000001   Zero   RW          313    .bss.keytrig        py32f0xx_bsp_exti.o
    0x2000027e        -       0x00000001   Zero   RW           70    .bss.ledsta         main.o
    0x2000027f   0x08004991   0x00000001   PAD
    0x20000280        -       0x00000004   Zero   RW           40    .bss.millis         py32f0xx_it.o
    0x20000284        -       0x00000001   Zero   RW          423    .bss.rx_buf_ovf     py32f0xx_bsp_usart.o
    0x20000285        -       0x00000001   Zero   RW          424    .bss.rx_wr_index    py32f0xx_bsp_usart.o
    0x20000286        -       0x00000002   Zero   RW           73    .bss.thread_app.deattach_delay  main.o
    0x20000288        -       0x00000004   Zero   RW           74    .bss.thread_app.endmillis  main.o
    0x2000028c        -       0x00000002   Zero   RW           75    .bss.thread_app.subpt  main.o
    0x2000028e        -       0x00000002   Zero   RW           83    .bss.thread_key.cd_reset  main.o
    0x20000290        -       0x00000001   Zero   RW           79    .bss.thread_key.cnt  main.o
    0x20000291   0x08004991   0x00000003   PAD
    0x20000294        -       0x00000004   Zero   RW           84    .bss.thread_key.endmillis  main.o
    0x20000298        -       0x00000001   Zero   RW           80    .bss.thread_key.holding  main.o
    0x20000299        -       0x00000001   Zero   RW           81    .bss.thread_key.leddir  main.o
    0x2000029a        -       0x00000001   Zero   RW           78    .bss.thread_key.step  main.o
    0x2000029b   0x08004991   0x00000001   PAD
    0x2000029c        -       0x00000002   Zero   RW           85    .bss.thread_key.subpt  main.o
    0x2000029e        -       0x00000002   Zero   RW           86    .bss.thread_trig.subpt  main.o
    0x200002a0        -       0x00000001   Zero   RW          420    .bss.tx_wr_index    py32f0xx_bsp_usart.o
    0x200002a1   0x08004991   0x00000001   PAD
    0x200002a2        -       0x00000002   Zero   RW           77    .bss.wdt_cnt        main.o
    0x200002a4   0x08004991   0x00000004   PAD
    0x200002a8        -       0x00000400   Zero   RW            1    STACK               startup_py32f030xx.o


==============================================================================

Image component sizes


      Code (inc. data)   RO Data    RW Data    ZI Data      Debug   Object Name

        40          0          0          0          0        462   bsp_py32f030x6.o
       212          8          0          0          5       3181   debounce_key.o
      2632        616        264         24         26       7275   main.o
       196         28          0          0          2       3821   py32f0xx_bsp_exti.o
       140          4          0          0          0       2546   py32f0xx_bsp_gpio.o
      1456         84          0          0         20      18386   py32f0xx_bsp_i2c.o
        60          8          0          0          0       1681   py32f0xx_bsp_pwr.o
       204         32          0          0          0       3508   py32f0xx_bsp_rcc.o
       180         20          0          0          0       3810   py32f0xx_bsp_tim.o
       856         60          0          2        291      12781   py32f0xx_bsp_usart.o
        50         12          0          0          4       1465   py32f0xx_it.o
        84         12          0          0          0       3129   py32f0xx_ll_dma.o
       160         12          0          0          0       2665   py32f0xx_ll_exti.o
       178          0          0          0          0       3876   py32f0xx_ll_gpio.o
       216         16          0          0          0       3862   py32f0xx_ll_i2c.o
       164         32          0          0          0       7522   py32f0xx_ll_rcc.o
       688         36          0          0          0      11358   py32f0xx_ll_tim.o
        48          8          0          0          0       6640   py32f0xx_ll_utils.o
        28          8        192          0       1024        652   startup_py32f030xx.o
      6076        686         93          0         88      22636   sw6306.o
        92         24        128        196          0       2501   system_py32f0xx.o

    ----------------------------------------------------------------------
     13764       1706        712        228       1476     123757   Object Totals
         0          0         32          0          0          0   (incl. Generated)
         4          0          3          6         16          0   (incl. Padding)

    ----------------------------------------------------------------------

      Code (inc. data)   RO Data    RW Data    ZI Data      Debug   Library Member Name

         0          0          0          0          0          0   entry.o
         0          0          0          0          0          0   entry10a.o
         0          0          0          0          0          0   entry11a.o
         8          4          0          0          0          0   entry2.o
         4          0          0          0          0          0   entry5.o
         0          0          0          0          0          0   entry7b.o
         0          0          0          0          0          0   entry8b.o
         8          4          0          0          0          0   entry9a.o
        30          0          0          0          0          0   handlers.o
        48         10          0          0          0         68   init.o
         0          0          0          0          0          0   iusefp.o
        32          0          0          0          0         68   llshl.o
        38          0          0          0          0         68   llsshr.o
        34          0          0          0          0         68   llushr.o
        36          0          0          0          0        100   memseta.o
      2266         96          0          0          0        460   printfa.o
        62          0          0          0          0         72   uidiv_div0.o
        96          0          0          0          0         84   uldiv.o
        40          2          0          0          0         68   cdrcmple.o
       356          4          0          0          0        140   dadd.o
       240          6          0          0          0         84   ddiv.o
       236          0          0          0          0        216   depilogue.o
        64         10          0          0          0         68   dfixul.o
       208          6          0          0          0         88   dmul.o
        40          0          0          0          0         60   f2d.o
       124          0          0          0          0         72   fdiv.o
       130          0          0          0          0        144   fepilogue.o
        22          0          0          0          0         68   fflti.o

    ----------------------------------------------------------------------
      4128        142          0          0          0       1996   Library Totals
         6          0          0          0          0          0   (incl. Padding)

    ----------------------------------------------------------------------

      Code (inc. data)   RO Data    RW Data    ZI Data      Debug   Library Name

      2662        114          0          0          0        988   mc_p.l
      1460         28          0          0          0       1008   mf_p.l

    ----------------------------------------------------------------------
      4128        142          0          0          0       1996   Library Totals

    ----------------------------------------------------------------------

==============================================================================


      Code (inc. data)   RO Data    RW Data    ZI Data      Debug   

     17892       1848        712        228       1476     124549   Grand Totals
     17892       1848        712        228       1476     124549   ELF Image Totals
     17892       1848        712        228          0          0   ROM Totals

==============================================================================

    Total RO  Size (Code + RO Data)                18604 (  18.17kB)
    Total RW  Size (RW Data + ZI Data)              1704 (   1.66kB)
    Total ROM Size (Code + RO Data + RW Data)      18832 (  18.39kB)

==============================================================================

