Component: ARM Compiler 6.15 Tool: armlink [5dd79300]

==============================================================================

Section Cross References

    startup_py32f030xx.o(RESET) refers to startup_py32f030xx.o(STACK) for __initial_sp
    startup_py32f030xx.o(RESET) refers to startup_py32f030xx.o(.text) for Reset_Handler
    startup_py32f030xx.o(RESET) refers to py32f0xx_it.o(.text.NMI_Handler) for NMI_Handler
    startup_py32f030xx.o(RESET) refers to py32f0xx_it.o(.text.HardFault_Handler) for HardFault_Handler
    startup_py32f030xx.o(RESET) refers to py32f0xx_it.o(.text.SVC_Handler) for SVC_Handler
    startup_py32f030xx.o(RESET) refers to py32f0xx_it.o(.text.PendSV_Handler) for PendSV_Handler
    startup_py32f030xx.o(RESET) refers to py32f0xx_it.o(.text.SysTick_Handler) for SysTick_Handler
    startup_py32f030xx.o(RESET) refers to py32f0xx_bsp_exti.o(.text.EXTI2_3_IRQHandler) for EXTI2_3_IRQHandler
    startup_py32f030xx.o(RESET) refers to py32f0xx_bsp_exti.o(.text.EXTI4_15_IRQHandler) for EXTI4_15_IRQHandler
    startup_py32f030xx.o(RESET) refers to py32f0xx_bsp_i2c.o(.text.I2C1_IRQHandler) for I2C1_IRQHandler
    startup_py32f030xx.o(RESET) refers to py32f0xx_bsp_usart.o(.text.USART1_IRQHandler) for USART1_IRQHandler
    startup_py32f030xx.o(.text) refers to system_py32f0xx.o(.text.SystemInit) for SystemInit
    startup_py32f030xx.o(.text) refers to entry.o(.ARM.Collect$$$$00000000) for __main
    system_py32f0xx.o(.text.SystemCoreClockUpdate) refers to system_py32f0xx.o(.rodata.HSIFreqTable) for HSIFreqTable
    system_py32f0xx.o(.text.SystemCoreClockUpdate) refers to system_py32f0xx.o(.data.SystemCoreClock) for SystemCoreClock
    system_py32f0xx.o(.text.SystemCoreClockUpdate) refers to system_py32f0xx.o(.rodata.AHBPrescTable) for AHBPrescTable
    system_py32f0xx.o(.ARM.exidx.text.SystemCoreClockUpdate) refers to system_py32f0xx.o(.text.SystemCoreClockUpdate) for [Anonymous Symbol]
    system_py32f0xx.o(.ARM.exidx.text.SystemInit) refers to system_py32f0xx.o(.text.SystemInit) for [Anonymous Symbol]
    system_py32f0xx.o(.text.$Sub$$main) refers to main.o(.text.main) for $Super$$main
    system_py32f0xx.o(.text.$Sub$$main) refers to system_py32f0xx.o(.ARM.__at_0x20000000) for VECT_SRAM_TAB
    system_py32f0xx.o(.ARM.exidx.text.$Sub$$main) refers to system_py32f0xx.o(.text.$Sub$$main) for [Anonymous Symbol]
    py32f0xx_it.o(.ARM.exidx.text.NMI_Handler) refers to py32f0xx_it.o(.text.NMI_Handler) for [Anonymous Symbol]
    py32f0xx_it.o(.ARM.exidx.text.HardFault_Handler) refers to py32f0xx_it.o(.text.HardFault_Handler) for [Anonymous Symbol]
    py32f0xx_it.o(.ARM.exidx.text.SVC_Handler) refers to py32f0xx_it.o(.text.SVC_Handler) for [Anonymous Symbol]
    py32f0xx_it.o(.ARM.exidx.text.PendSV_Handler) refers to py32f0xx_it.o(.text.PendSV_Handler) for [Anonymous Symbol]
    py32f0xx_it.o(.text.SysTick_Handler) refers to py32f0xx_it.o(.bss.millis) for millis
    py32f0xx_it.o(.ARM.exidx.text.SysTick_Handler) refers to py32f0xx_it.o(.text.SysTick_Handler) for [Anonymous Symbol]
    bsp_py32f030x6.o(.text.SysInit) refers to py32f0xx_bsp_rcc.o(.text.BSP_SystemClockConfig) for BSP_SystemClockConfig
    bsp_py32f030x6.o(.text.SysInit) refers to py32f0xx_bsp_pwr.o(.text.BSP_PWR_Config) for BSP_PWR_Config
    bsp_py32f030x6.o(.text.SysInit) refers to py32f0xx_bsp_gpio.o(.text.BSP_GPIO_Config) for BSP_GPIO_Config
    bsp_py32f030x6.o(.text.SysInit) refers to py32f0xx_bsp_exti.o(.text.BSP_EXTI_Config) for BSP_EXTI_Config
    bsp_py32f030x6.o(.text.SysInit) refers to py32f0xx_bsp_tim.o(.text.BSP_TIM_config) for BSP_TIM_config
    bsp_py32f030x6.o(.text.SysInit) refers to py32f0xx_bsp_tim.o(.text.BSP_PWMChannelConfig) for BSP_PWMChannelConfig
    bsp_py32f030x6.o(.text.SysInit) refers to py32f0xx_bsp_usart.o(.text.BSP_USART_Config) for BSP_USART_Config
    bsp_py32f030x6.o(.text.SysInit) refers to py32f0xx_bsp_i2c.o(.text.BSP_I2C_Config) for BSP_I2C_Config
    bsp_py32f030x6.o(.ARM.exidx.text.SysInit) refers to bsp_py32f030x6.o(.text.SysInit) for [Anonymous Symbol]
    main.o(.text.thread_app) refers to sw6306.o(.text.SW6306_Init) for SW6306_Init
    main.o(.text.thread_app) refers to py32f0xx_bsp_usart.o(.text.uprintf) for uprintf
    main.o(.text.thread_app) refers to sw6306.o(.text.SW6306_ADCLoad) for SW6306_ADCLoad
    main.o(.text.thread_app) refers to sw6306.o(.text.SW6306_PortStatusLoad) for SW6306_PortStatusLoad
    main.o(.text.thread_app) refers to sw6306.o(.text.SW6306_StatusLoad) for SW6306_StatusLoad
    main.o(.text.thread_app) refers to sw6306.o(.text.SW6306_PowerLoad) for SW6306_PowerLoad
    main.o(.text.thread_app) refers to sw6306.o(.text.SW6306_CapacityLoad) for SW6306_CapacityLoad
    main.o(.text.thread_app) refers to sw6306.o(.text.SW6306_IsInitialized) for SW6306_IsInitialized
    main.o(.text.thread_app) refers to sw6306.o(.text.SW6306_IsCharging) for SW6306_IsCharging
[...]
    [Anonymous Symbol]                       0x080019c4   Section        0  py32f0xx_bsp_usart.o(.text.LL_USART_IsActiveFlag_PE)
    LL_USART_IsActiveFlag_RXNE               0x080019d1   Thumb Code    12  py32f0xx_bsp_usart.o(.text.LL_USART_IsActiveFlag_RXNE)
    [Anonymous Symbol]                       0x080019d0   Section        0  py32f0xx_bsp_usart.o(.text.LL_USART_IsActiveFlag_RXNE)
    LL_USART_IsActiveFlag_TXE                0x080019dd   Thumb Code    16  py32f0xx_bsp_usart.o(.text.LL_USART_IsActiveFlag_TXE)
    [Anonymous Symbol]                       0x080019dc   Section        0  py32f0xx_bsp_usart.o(.text.LL_USART_IsActiveFlag_TXE)
    __arm_cp.29_0                            0x080019e8   Number         4  py32f0xx_bsp_usart.o(.text.LL_USART_IsActiveFlag_TXE)
    LL_USART_IsEnabledIT_TXE                 0x080019ed   Thumb Code    12  py32f0xx_bsp_usart.o(.text.LL_USART_IsEnabledIT_TXE)
    [Anonymous Symbol]                       0x080019ec   Section        0  py32f0xx_bsp_usart.o(.text.LL_USART_IsEnabledIT_TXE)
    LL_USART_ReceiveData8                    0x080019f9   Thumb Code     8  py32f0xx_bsp_usart.o(.text.LL_USART_ReceiveData8)
    [Anonymous Symbol]                       0x080019f8   Section        0  py32f0xx_bsp_usart.o(.text.LL_USART_ReceiveData8)
    LL_USART_SetBaudRate                     0x08001a01   Thumb Code    68  py32f0xx_bsp_usart.o(.text.LL_USART_SetBaudRate)
    [Anonymous Symbol]                       0x08001a00   Section        0  py32f0xx_bsp_usart.o(.text.LL_USART_SetBaudRate)
    __arm_cp.2_0                             0x08001a40   Number         4  py32f0xx_bsp_usart.o(.text.LL_USART_SetBaudRate)
    LL_USART_SetDataWidth                    0x08001a45   Thumb Code    16  py32f0xx_bsp_usart.o(.text.LL_USART_SetDataWidth)
    [Anonymous Symbol]                       0x08001a44   Section        0  py32f0xx_bsp_usart.o(.text.LL_USART_SetDataWidth)
    LL_USART_SetHWFlowCtrl                   0x08001a55   Thumb Code    20  py32f0xx_bsp_usart.o(.text.LL_USART_SetHWFlowCtrl)
    [Anonymous Symbol]                       0x08001a54   Section        0  py32f0xx_bsp_usart.o(.text.LL_USART_SetHWFlowCtrl)
    __arm_cp.6_0                             0x08001a64   Number         4  py32f0xx_bsp_usart.o(.text.LL_USART_SetHWFlowCtrl)
    LL_USART_SetParity                       0x08001a69   Thumb Code    16  py32f0xx_bsp_usart.o(.text.LL_USART_SetParity)
    [Anonymous Symbol]                       0x08001a68   Section        0  py32f0xx_bsp_usart.o(.text.LL_USART_SetParity)
    LL_USART_SetStopBitsLength               0x08001a79   Thumb Code    20  py32f0xx_bsp_usart.o(.text.LL_USART_SetStopBitsLength)
    [Anonymous Symbol]                       0x08001a78   Section        0  py32f0xx_bsp_usart.o(.text.LL_USART_SetStopBitsLength)
    __arm_cp.4_0                             0x08001a88   Number         4  py32f0xx_bsp_usart.o(.text.LL_USART_SetStopBitsLength)
    LL_USART_SetTransferDirection            0x08001a8d   Thumb Code    16  py32f0xx_bsp_usart.o(.text.LL_USART_SetTransferDirection)
    [Anonymous Symbol]                       0x08001a8c   Section        0  py32f0xx_bsp_usart.o(.text.LL_USART_SetTransferDirection)
    __arm_cp.7_0                             0x08001a98   Number         4  py32f0xx_bsp_usart.o(.text.LL_USART_SetTransferDirection)
    LL_USART_TransmitData8                   0x08001a9d   Thumb Code    12  py32f0xx_bsp_usart.o(.text.LL_USART_TransmitData8)
    [Anonymous Symbol]                       0x08001a9c   Section        0  py32f0xx_bsp_usart.o(.text.LL_USART_TransmitData8)
    __arm_cp.22_0                            0x08001aa4   Number         4  py32f0xx_bsp_usart.o(.text.LL_USART_TransmitData8)
    [Anonymous Symbol]                       0x08001aa8   Section        0  py32f0xx_ll_utils.o(.text.LL_mDelay)
    __arm_cp.2_0                             0x08001acc   Number         4  py32f0xx_ll_utils.o(.text.LL_mDelay)
    [Anonymous Symbol]                       0x08001ad0   Section        0  py32f0xx_it.o(.text.NMI_Handler)
    OC1Config                                0x08001ad5   Thumb Code   136  py32f0xx_ll_tim.o(.text.OC1Config)
    [Anonymous Symbol]                       0x08001ad4   Section        0  py32f0xx_ll_tim.o(.text.OC1Config)
    __arm_cp.13_0                            0x08001b50   Number         4  py32f0xx_ll_tim.o(.text.OC1Config)
    __arm_cp.13_1                            0x08001b54   Number         4  py32f0xx_ll_tim.o(.text.OC1Config)
    __arm_cp.13_2                            0x08001b58   Number         4  py32f0xx_ll_tim.o(.text.OC1Config)
    OC2Config                                0x08001b5d   Thumb Code   152  py32f0xx_ll_tim.o(.text.OC2Config)
    [Anonymous Symbol]                       0x08001b5c   Section        0  py32f0xx_ll_tim.o(.text.OC2Config)
    __arm_cp.14_1                            0x08001be8   Number         4  py32f0xx_ll_tim.o(.text.OC2Config)
    __arm_cp.14_2                            0x08001bec   Number         4  py32f0xx_ll_tim.o(.text.OC2Config)
    __arm_cp.14_3                            0x08001bf0   Number         4  py32f0xx_ll_tim.o(.text.OC2Config)
    OC3Config                                0x08001bf5   Thumb Code   148  py32f0xx_ll_tim.o(.text.OC3Config)
    [Anonymous Symbol]                       0x08001bf4   Section        0  py32f0xx_ll_tim.o(.text.OC3Config)
    __arm_cp.15_0                            0x08001c80   Number         4  py32f0xx_ll_tim.o(.text.OC3Config)
    __arm_cp.15_4                            0x08001c84   Number         4  py32f0xx_ll_tim.o(.text.OC3Config)
    OC4Config                                0x08001c89   Thumb Code   124  py32f0xx_ll_tim.o(.text.OC4Config)
    [Anonymous Symbol]                       0x08001c88   Section        0  py32f0xx_ll_tim.o(.text.OC4Config)
    __arm_cp.16_0                            0x08001cf8   Number         4  py32f0xx_ll_tim.o(.text.OC4Config)
    __arm_cp.16_1                            0x08001cfc   Number         4  py32f0xx_ll_tim.o(.text.OC4Config)
    __arm_cp.16_2                            0x08001d00   Number         4  py32f0xx_ll_tim.o(.text.OC4Config)
    [Anonymous Symbol]                       0x08001d04   Section        0  py32f0xx_it.o(.text.PendSV_Handler)
    [Anonymous Symbol]                       0x08001d08   Section        0  py32f0xx_ll_rcc.o(.text.RCC_GetHCLKClockFreq)
    __arm_cp.9_0                             0x08001d24   Number         4  py32f0xx_ll_rcc.o(.text.RCC_GetHCLKClockFreq)
    [Anonymous Symbol]                       0x08001d28   Section        0  py32f0xx_ll_rcc.o(.text.RCC_GetPCLK1ClockFreq)
    __arm_cp.10_0                            0x08001d44   Number         4  py32f0xx_ll_rcc.o(.text.RCC_GetPCLK1ClockFreq)
    [Anonymous Symbol]                       0x08001d48   Section        0  py32f0xx_ll_rcc.o(.text.RCC_GetSystemClockFreq)
    __arm_cp.8_0                             0x08001d90   Number         4  py32f0xx_ll_rcc.o(.text.RCC_GetSystemClockFreq)
    __arm_cp.8_1                             0x08001d94   Number         4  py32f0xx_ll_rcc.o(.text.RCC_GetSystemClockFreq)
    __arm_cp.8_2                             0x08001d98   Number         4  py32f0xx_ll_rcc.o(.text.RCC_GetSystemClockFreq)
    [Anonymous Symbol]                       0x08001d9c   Section        0  py32f0xx_ll_rcc.o(.text.RCC_PLL_GetFreqDomain_SYS)
    __arm_cp.14_0                            0x08001db4   Number         4  py32f0xx_ll_rcc.o(.text.RCC_PLL_GetFreqDomain_SYS)
    [Anonymous Symbol]                       0x08001db8   Section        0  py32f0xx_it.o(.text.SVC_Handler)
    [Anonymous Symbol]                       0x08001dbc   Section        0  sw6306.o(.text.SW6306_ADCLoad)
    __arm_cp.5_0                             0x08001ec8   Number         4  sw6306.o(.text.SW6306_ADCLoad)
    __arm_cp.5_2                             0x08001ecc   Number         4  sw6306.o(.text.SW6306_ADCLoad)
    [Anonymous Symbol]                       0x08001ed0   Section        0  sw6306.o(.text.SW6306_ADCRead)
    __arm_cp.4_0                             0x08001f34   Number         4  sw6306.o(.text.SW6306_ADCRead)
    [Anonymous Symbol]                       0x08001f38   Section        0  sw6306.o(.text.SW6306_ByteModify)
    __arm_cp.3_0                             0x08001f94   Number         4  sw6306.o(.text.SW6306_ByteModify)
    [Anonymous Symbol]                       0x08001f98   Section        0  sw6306.o(.text.SW6306_ByteRead)
    __arm_cp.1_0                             0x08001fe4   Number         4  sw6306.o(.text.SW6306_ByteRead)
    [Anonymous Symbol]                       0x08001fe8   Section        0  sw6306.o(.text.SW6306_ByteWrite)
    [Anonymous Symbol]                       0x08002014   Section        0  sw6306.o(.text.SW6306_CapacityLoad)
    __arm_cp.38_0                            0x080020d0   Number         4  sw6306.o(.text.SW6306_CapacityLoad)
    __arm_cp.38_1                            0x080020d4   Number         4  sw6306.o(.text.SW6306_CapacityLoad)
    [Anonymous Symbol]                       0x080020d8   Section        0  sw6306.o(.text.SW6306_Click)
    __arm_cp.42_0                            0x08002118   Number         4  sw6306.o(.text.SW6306_Click)
    [Anonymous Symbol]                       0x0800211c   Section        0  sw6306.o(.text.SW6306_ForceOff)
    __arm_cp.43_0                            0x08002170   Number         4  sw6306.o(.text.SW6306_ForceOff)
    [Anonymous Symbol]                       0x08002174   Section        0  sw6306.o(.text.SW6306_Init)
    __arm_cp.6_0                             0x0800248c   Number         4  sw6306.o(.text.SW6306_Init)
    __arm_cp.6_1                             0x08002490   Number         4  sw6306.o(.text.SW6306_Init)
    [Anonymous Symbol]                       0x08002494   Section        0  sw6306.o(.text.SW6306_IsBatteryDepleted)
    __arm_cp.30_0                            0x080024a0   Number         4  sw6306.o(.text.SW6306_IsBatteryDepleted)
    [Anonymous Symbol]                       0x080024a4   Section        0  sw6306.o(.text.SW6306_IsCharging)
    [Anonymous Symbol]                       0x080024b0   Section        0  sw6306.o(.text.SW6306_IsDischarging)
    [Anonymous Symbol]                       0x080024bc   Section        0  sw6306.o(.text.SW6306_IsFullCharged)
    [Anonymous Symbol]                       0x080024c8   Section        0  sw6306.o(.text.SW6306_IsInitialized)
    [Anonymous Symbol]                       0x080024f0   Section        0  sw6306.o(.text.SW6306_IsOverHeated)
    [Anonymous Symbol]                       0x08002508   Section        0  sw6306.o(.text.SW6306_IsPortA1ON)
    [Anonymous Symbol]                       0x08002514   Section        0  sw6306.o(.text.SW6306_IsPortA2ON)
    [Anonymous Symbol]                       0x08002520   Section        0  sw6306.o(.text.SW6306_IsPortC1ON)
    [Anonymous Symbol]                       0x0800252c   Section        0  sw6306.o(.text.SW6306_IsPortC2ON)
    [Anonymous Symbol]                       0x08002538   Section        0  sw6306.o(.text.SW6306_LPSet)
    __arm_cp.45_0                            0x0800257c   Number         4  sw6306.o(.text.SW6306_LPSet)
    [Anonymous Symbol]                       0x08002580   Section        0  sw6306.o(.text.SW6306_PortStatusLoad)
    __arm_cp.14_0                            0x0800261c   Number         4  sw6306.o(.text.SW6306_PortStatusLoad)
    [Anonymous Symbol]                       0x08002620   Section        0  sw6306.o(.text.SW6306_PowerLoad)
    __arm_cp.19_0                            0x08002710   Number         4  sw6306.o(.text.SW6306_PowerLoad)
    [Anonymous Symbol]                       0x08002714   Section        0  sw6306.o(.text.SW6306_ReadCapacity)
    [Anonymous Symbol]                       0x0800271c   Section        0  sw6306.o(.text.SW6306_ReadIBAT)
    [Anonymous Symbol]                       0x08002724   Section        0  sw6306.o(.text.SW6306_ReadIBUS)
    [Anonymous Symbol]                       0x0800272c   Section        0  sw6306.o(.text.SW6306_ReadTCHIP)
    __arm_cp.12_1                            0x0800274c   Number         4  sw6306.o(.text.SW6306_ReadTCHIP)
    __arm_cp.12_2                            0x08002750   Number         4  sw6306.o(.text.SW6306_ReadTCHIP)
    __arm_cp.12_3                            0x08002754   Number         4  sw6306.o(.text.SW6306_ReadTCHIP)
    [Anonymous Symbol]                       0x08002758   Section        0  sw6306.o(.text.SW6306_ReadTNTC)
    [Anonymous Symbol]                       0x08002768   Section        0  sw6306.o(.text.SW6306_ReadVBAT)
    [Anonymous Symbol]                       0x08002770   Section        0  sw6306.o(.text.SW6306_ReadVBUS)
    [Anonymous Symbol]                       0x08002778   Section        0  sw6306.o(.text.SW6306_RegsetSwitch)
    __arm_cp.2_0                             0x080027dc   Number         4  sw6306.o(.text.SW6306_RegsetSwitch)
    __arm_cp.2_1                             0x080027e0   Number         4  sw6306.o(.text.SW6306_RegsetSwitch)
    [Anonymous Symbol]                       0x080027e4   Section        0  sw6306.o(.text.SW6306_StatusLoad)
    __arm_cp.24_0                            0x080028e0   Number         4  sw6306.o(.text.SW6306_StatusLoad)
    __arm_cp.24_1                            0x080028e4   Number         4  sw6306.o(.text.SW6306_StatusLoad)
    [Anonymous Symbol]                       0x080028e8   Section        0  sw6306.o(.text.SW6306_Unlock)
    __arm_cp.44_0                            0x08002978   Number         4  sw6306.o(.text.SW6306_Unlock)
    [Anonymous Symbol]                       0x0800297c   Section        0  bsp_py32f030x6.o(.text.SysInit)
    [Anonymous Symbol]                       0x080029a4   Section        0  py32f0xx_it.o(.text.SysTick_Handler)
    __arm_cp.4_0                             0x080029b0   Number         4  py32f0xx_it.o(.text.SysTick_Handler)
    [Anonymous Symbol]                       0x080029b4   Section        0  system_py32f0xx.o(.text.SystemInit)
    __arm_cp.1_0                             0x080029d4   Number         4  system_py32f0xx.o(.text.SystemInit)
    __arm_cp.1_1                             0x080029d8   Number         4  system_py32f0xx.o(.text.SystemInit)
    __arm_cp.1_2                             0x080029dc   Number         4  system_py32f0xx.o(.text.SystemInit)
    __arm_cp.1_3                             0x080029e0   Number         4  system_py32f0xx.o(.text.SystemInit)
    [Anonymous Symbol]                       0x080029e4   Section        0  py32f0xx_bsp_usart.o(.text.USART1_IRQHandler)
    __arm_cp.28_6                            0x08002a8c   Number         4  py32f0xx_bsp_usart.o(.text.USART1_IRQHandler)
    [Anonymous Symbol]                       0x08002a90   Section        0  py32f0xx_bsp_usart.o(.text.USART_bufread)
    __arm_cp.27_2                            0x08002ad8   Number         4  py32f0xx_bsp_usart.o(.text.USART_bufread)
    [Anonymous Symbol]                       0x08002adc   Section        0  py32f0xx_bsp_usart.o(.text.USART_bufsend)
    __arm_cp.20_0                            0x08002b50   Number         4  py32f0xx_bsp_usart.o(.text.USART_bufsend)
    __arm_cp.20_1                            0x08002b54   Number         4  py32f0xx_bsp_usart.o(.text.USART_bufsend)
    __arm_cp.20_2                            0x08002b58   Number         4  py32f0xx_bsp_usart.o(.text.USART_bufsend)
    [Anonymous Symbol]                       0x08002b5c   Section        0  py32f0xx_bsp_usart.o(.text.USART_getvalidnum)
    __arm_cp.25_0                            0x08002b78   Number         4  py32f0xx_bsp_usart.o(.text.USART_getvalidnum)
    __arm_cp.25_1                            0x08002b7c   Number         4  py32f0xx_bsp_usart.o(.text.USART_getvalidnum)
    __NVIC_EnableIRQ                         0x08002b81   Thumb Code    16  py32f0xx_bsp_exti.o(.text.__NVIC_EnableIRQ)
    [Anonymous Symbol]                       0x08002b80   Section        0  py32f0xx_bsp_exti.o(.text.__NVIC_EnableIRQ)
    __NVIC_EnableIRQ                         0x08002b91   Thumb Code    12  py32f0xx_bsp_i2c.o(.text.__NVIC_EnableIRQ)
    [Anonymous Symbol]                       0x08002b90   Section        0  py32f0xx_bsp_i2c.o(.text.__NVIC_EnableIRQ)
    __NVIC_EnableIRQ                         0x08002b9d   Thumb Code    16  py32f0xx_bsp_usart.o(.text.__NVIC_EnableIRQ)
    [Anonymous Symbol]                       0x08002b9c   Section        0  py32f0xx_bsp_usart.o(.text.__NVIC_EnableIRQ)
    __arm_cp.19_0                            0x08002ba8   Number         4  py32f0xx_bsp_usart.o(.text.__NVIC_EnableIRQ)
    __NVIC_SetPriority                       0x08002bad   Thumb Code    28  py32f0xx_bsp_exti.o(.text.__NVIC_SetPriority)
    [Anonymous Symbol]                       0x08002bac   Section        0  py32f0xx_bsp_exti.o(.text.__NVIC_SetPriority)
    __arm_cp.2_0                             0x08002bc4   Number         4  py32f0xx_bsp_exti.o(.text.__NVIC_SetPriority)
    __NVIC_SetPriority                       0x08002bc9   Thumb Code    20  py32f0xx_bsp_i2c.o(.text.__NVIC_SetPriority)
    [Anonymous Symbol]                       0x08002bc8   Section        0  py32f0xx_bsp_i2c.o(.text.__NVIC_SetPriority)
    __arm_cp.7_0                             0x08002bd8   Number         4  py32f0xx_bsp_i2c.o(.text.__NVIC_SetPriority)
    __NVIC_SetPriority                       0x08002bdd   Thumb Code    24  py32f0xx_bsp_usart.o(.text.__NVIC_SetPriority)
    [Anonymous Symbol]                       0x08002bdc   Section        0  py32f0xx_bsp_usart.o(.text.__NVIC_SetPriority)
    __arm_cp.18_0                            0x08002bf0   Number         4  py32f0xx_bsp_usart.o(.text.__NVIC_SetPriority)
    __NVIC_SystemReset                       0x08002bf5   Thumb Code    28  main.o(.text.__NVIC_SystemReset)
    [Anonymous Symbol]                       0x08002bf4   Section        0  main.o(.text.__NVIC_SystemReset)
    __arm_cp.1_0                             0x08002c08   Number         4  main.o(.text.__NVIC_SystemReset)
    __arm_cp.1_1                             0x08002c0c   Number         4  main.o(.text.__NVIC_SystemReset)
    [Anonymous Symbol]                       0x08002c10   Section        0  main.o(.text.main)
    __arm_cp.7_0                             0x08002ca8   Number         4  main.o(.text.main)
    __arm_cp.7_4                             0x08002cf8   Number         4  main.o(.text.main)
    __arm_cp.7_5                             0x08002cfc   Number         4  main.o(.text.main)
    __arm_cp.7_6                             0x08002d00   Number         4  main.o(.text.main)
    __arm_cp.7_7                             0x08002d04   Number         4  main.o(.text.main)
    [Anonymous Symbol]                       0x08002d08   Section        0  main.o(.text.thread_app)
    __arm_cp.0_0                             0x08003028   Number         4  main.o(.text.thread_app)
    __arm_cp.0_1                             0x0800302c   Number         4  main.o(.text.thread_app)
    __arm_cp.0_2                             0x08003030   Number         4  main.o(.text.thread_app)
    __arm_cp.0_3                             0x08003034   Number         4  main.o(.text.thread_app)
    __arm_cp.0_11                            0x080030cc   Number         4  main.o(.text.thread_app)
    __arm_cp.0_12                            0x080030d0   Number         4  main.o(.text.thread_app)
    __arm_cp.0_13                            0x080030d4   Number         4  main.o(.text.thread_app)
    __arm_cp.0_14                            0x080030d8   Number         4  main.o(.text.thread_app)
    __arm_cp.0_15                            0x080030dc   Number         4  main.o(.text.thread_app)
    __arm_cp.0_16                            0x080030e0   Number         4  main.o(.text.thread_app)
    __arm_cp.0_17                            0x080030e4   Number         4  main.o(.text.thread_app)
    __arm_cp.0_18                            0x080030e8   Number         4  main.o(.text.thread_app)
    __arm_cp.0_19                            0x080030ec   Number         4  main.o(.text.thread_app)
    __arm_cp.0_23                            0x080030f0   Number         4  main.o(.text.thread_app)
    [Anonymous Symbol]                       0x080030f4   Section        0  main.o(.text.thread_echo)
    [Anonymous Symbol]                       0x0800313c   Section        0  main.o(.text.thread_key)
    __arm_cp.3_0                             0x080032d8   Number         4  main.o(.text.thread_key)
    __arm_cp.3_1                             0x080032dc   Number         4  main.o(.text.thread_key)
    __arm_cp.3_2                             0x080032e0   Number         4  main.o(.text.thread_key)
    __arm_cp.3_3                             0x080032e4   Number         4  main.o(.text.thread_key)
    __arm_cp.3_4                             0x080032e8   Number         4  main.o(.text.thread_key)
    __arm_cp.3_5                             0x080032ec   Number         4  main.o(.text.thread_key)
    __arm_cp.3_7                             0x080032fc   Number         4  main.o(.text.thread_key)
    __arm_cp.3_10                            0x0800333c   Number         4  main.o(.text.thread_key)
    __arm_cp.3_11                            0x08003340   Number         4  main.o(.text.thread_key)
    __arm_cp.3_13                            0x08003358   Number         4  main.o(.text.thread_key)
    __arm_cp.3_14                            0x0800335c   Number         4  main.o(.text.thread_key)
    __arm_cp.3_15                            0x08003360   Number         4  main.o(.text.thread_key)
    [Anonymous Symbol]                       0x08003364   Section        0  main.o(.text.thread_trig)
    __arm_cp.6_0                             0x080033a0   Number         4  main.o(.text.thread_trig)
    __arm_cp.6_2                             0x080033bc   Number         4  main.o(.text.thread_trig)
    [Anonymous Symbol]                       0x080033c0   Section        0  py32f0xx_bsp_usart.o(.text.uprintf)
    i.__0vsprintf                            0x080033ec   Section        0  printfa.o(i.__0vsprintf)
    i.__ARM_clz                              0x08003410   Section        0  depilogue.o(i.__ARM_clz)
    i.__scatterload_copy                     0x0800343e   Section       14  handlers.o(i.__scatterload_copy)
    i.__scatterload_null                     0x0800344c   Section        2  handlers.o(i.__scatterload_null)
    i.__scatterload_zeroinit                 0x0800344e   Section       14  handlers.o(i.__scatterload_zeroinit)
    _fp_digits                               0x0800345d   Thumb Code   344  printfa.o(i._fp_digits)
    i._fp_digits                             0x0800345c   Section        0  printfa.o(i._fp_digits)
    _printf_core                             0x080035d1   Thumb Code  1754  printfa.o(i._printf_core)
    i._printf_core                           0x080035d0   Section        0  printfa.o(i._printf_core)
    _printf_post_padding                     0x08003cbd   Thumb Code    32  printfa.o(i._printf_post_padding)
    i._printf_post_padding                   0x08003cbc   Section        0  printfa.o(i._printf_post_padding)
    _printf_pre_padding                      0x08003cdd   Thumb Code    44  printfa.o(i._printf_pre_padding)
    i._printf_pre_padding                    0x08003cdc   Section        0  printfa.o(i._printf_pre_padding)
    _sputc                                   0x08003d09   Thumb Code    10  printfa.o(i._sputc)
    i._sputc                                 0x08003d08   Section        0  printfa.o(i._sputc)
    .L.str.15                                0x08003d94   Data          26  main.o(.rodata.str1.1)
    [Anonymous Symbol]                       0x08003d94   Section        0  main.o(.rodata.str1.1)
    .L.str.9                                 0x08003dae   Data          15  main.o(.rodata.str1.1)
    .L.str.7                                 0x08003dbd   Data          23  main.o(.rodata.str1.1)
    .L.str.8                                 0x08003dd4   Data          23  main.o(.rodata.str1.1)
    .L.str.11                                0x08003deb   Data          22  main.o(.rodata.str1.1)
    .L.str.13                                0x08003e01   Data          22  main.o(.rodata.str1.1)
    .L.str.14                                0x08003e17   Data          22  main.o(.rodata.str1.1)
    .L.str.10                                0x08003e2d   Data          22  main.o(.rodata.str1.1)
    .L.str.12                                0x08003e43   Data          22  main.o(.rodata.str1.1)
    rx_rd_index                              0x200000c4   Data           1  py32f0xx_bsp_usart.o(.data.rx_rd_index)
    [Anonymous Symbol]                       0x200000c4   Section        0  py32f0xx_bsp_usart.o(.data.rx_rd_index)
    tx_rd_index                              0x200000c5   Data           1  py32f0xx_bsp_usart.o(.data.tx_rd_index)
    [Anonymous Symbol]                       0x200000c5   Section        0  py32f0xx_bsp_usart.o(.data.tx_rd_index)
    KeyValue_Array                           0x200000d8   Data           5  debounce_key.o(.bss.KeyValue_Array)
    [Anonymous Symbol]                       0x200000d8   Section        0  debounce_key.o(.bss.KeyValue_Array)
    SW6306_ADCLoad.swld_steps                0x200000dd   Data           1  sw6306.o(.bss.SW6306_ADCLoad.swld_steps)
    [Anonymous Symbol]                       0x200000dd   Section        0  sw6306.o(.bss.SW6306_ADCLoad.swld_steps)
    SW6306_ADCRead.sw_steps                  0x200000de   Data           1  sw6306.o(.bss.SW6306_ADCRead.sw_steps)
    [Anonymous Symbol]                       0x200000de   Section        0  sw6306.o(.bss.SW6306_ADCRead.sw_steps)
    SW6306_ByteModify.swmd_steps             0x200000df   Data           1  sw6306.o(.bss.SW6306_ByteModify.swmd_steps)
    [Anonymous Symbol]                       0x200000df   Section        0  sw6306.o(.bss.SW6306_ByteModify.swmd_steps)
    SW6306_ByteRead.swrd_steps               0x200000e0   Data           1  sw6306.o(.bss.SW6306_ByteRead.swrd_steps)
    [Anonymous Symbol]                       0x200000e0   Section        0  sw6306.o(.bss.SW6306_ByteRead.swrd_steps)
    SW6306_CapacityLoad.steps                0x200000e1   Data           1  sw6306.o(.bss.SW6306_CapacityLoad.steps)
    [Anonymous Symbol]                       0x200000e1   Section        0  sw6306.o(.bss.SW6306_CapacityLoad.steps)
    SW6306_Click.steps                       0x200000e2   Data           1  sw6306.o(.bss.SW6306_Click.steps)
    [Anonymous Symbol]                       0x200000e2   Section        0  sw6306.o(.bss.SW6306_Click.steps)
    SW6306_ForceOff.steps                    0x200000e3   Data           1  sw6306.o(.bss.SW6306_ForceOff.steps)
    [Anonymous Symbol]                       0x200000e3   Section        0  sw6306.o(.bss.SW6306_ForceOff.steps)
    SW6306_Init.steps                        0x200000e4   Data           1  sw6306.o(.bss.SW6306_Init.steps)
    [Anonymous Symbol]                       0x200000e4   Section        0  sw6306.o(.bss.SW6306_Init.steps)
    SW6306_LPSet.steps                       0x200000e5   Data           1  sw6306.o(.bss.SW6306_LPSet.steps)
    [Anonymous Symbol]                       0x200000e5   Section        0  sw6306.o(.bss.SW6306_LPSet.steps)
    SW6306_PortStatusLoad.steps              0x200000e6   Data           1  sw6306.o(.bss.SW6306_PortStatusLoad.steps)
    [Anonymous Symbol]                       0x200000e6   Section        0  sw6306.o(.bss.SW6306_PortStatusLoad.steps)
    SW6306_PowerLoad.steps                   0x200000e7   Data           1  sw6306.o(.bss.SW6306_PowerLoad.steps)
    [Anonymous Symbol]                       0x200000e7   Section        0  sw6306.o(.bss.SW6306_PowerLoad.steps)
    SW6306_RegsetSwitch.steps                0x200000e8   Data           1  sw6306.o(.bss.SW6306_RegsetSwitch.steps)
    [Anonymous Symbol]                       0x200000e8   Section        0  sw6306.o(.bss.SW6306_RegsetSwitch.steps)
    SW6306_Status                            0x200000ec   Data          48  sw6306.o(.bss.SW6306_Status)
    [Anonymous Symbol]                       0x200000ec   Section        0  sw6306.o(.bss.SW6306_Status)
    SW6306_StatusLoad.steps                  0x2000011c   Data           1  sw6306.o(.bss.SW6306_StatusLoad.steps)
    [Anonymous Symbol]                       0x2000011c   Section        0  sw6306.o(.bss.SW6306_StatusLoad.steps)
    SW6306_Unlock.steps                      0x2000011d   Data           1  sw6306.o(.bss.SW6306_Unlock.steps)
    [Anonymous Symbol]                       0x2000011d   Section        0  sw6306.o(.bss.SW6306_Unlock.steps)
    USART_rx_buffer                          0x2000011e   Data          32  py32f0xx_bsp_usart.o(.bss.USART_rx_buffer)
    [Anonymous Symbol]                       0x2000011e   Section        0  py32f0xx_bsp_usart.o(.bss.USART_rx_buffer)
    USART_tx_buffer                          0x2000013e   Data         256  py32f0xx_bsp_usart.o(.bss.USART_tx_buffer)
    [Anonymous Symbol]                       0x2000013e   Section        0  py32f0xx_bsp_usart.o(.bss.USART_tx_buffer)
    rx_wr_index                              0x20000259   Data           1  py32f0xx_bsp_usart.o(.bss.rx_wr_index)
    [Anonymous Symbol]                       0x20000259   Section        0  py32f0xx_bsp_usart.o(.bss.rx_wr_index)
    thread_app.endmillis                     0x2000025c   Data           4  main.o(.bss.thread_app.endmillis)
    [Anonymous Symbol]                       0x2000025c   Section        0  main.o(.bss.thread_app.endmillis)
    thread_key.cd_reset                      0x20000260   Data           2  main.o(.bss.thread_key.cd_reset)
    [Anonymous Symbol]                       0x20000260   Section        0  main.o(.bss.thread_key.cd_reset)
    thread_key.cnt                           0x20000262   Data           1  main.o(.bss.thread_key.cnt)
    [Anonymous Symbol]                       0x20000262   Section        0  main.o(.bss.thread_key.cnt)
    thread_key.endmillis                     0x20000264   Data           4  main.o(.bss.thread_key.endmillis)
    [Anonymous Symbol]                       0x20000264   Section        0  main.o(.bss.thread_key.endmillis)
    thread_key.holding                       0x20000268   Data           1  main.o(.bss.thread_key.holding)
    [Anonymous Symbol]                       0x20000268   Section        0  main.o(.bss.thread_key.holding)
    thread_key.leddir                        0x20000269   Data           1  main.o(.bss.thread_key.leddir)
    [Anonymous Symbol]                       0x20000269   Section        0  main.o(.bss.thread_key.leddir)
    thread_key.ledind                        0x2000026a   Data           1  main.o(.bss.thread_key.ledind)
    [Anonymous Symbol]                       0x2000026a   Section        0  main.o(.bss.thread_key.ledind)
    thread_key.ledsta                        0x2000026b   Data           1  main.o(.bss.thread_key.ledsta)
    [Anonymous Symbol]                       0x2000026b   Section        0  main.o(.bss.thread_key.ledsta)
    thread_key.step                          0x2000026c   Data           1  main.o(.bss.thread_key.step)
    [Anonymous Symbol]                       0x2000026c   Section        0  main.o(.bss.thread_key.step)
    tx_wr_index                              0x2000026d   Data           1  py32f0xx_bsp_usart.o(.bss.tx_wr_index)
    [Anonymous Symbol]                       0x2000026d   Section        0  py32f0xx_bsp_usart.o(.bss.tx_wr_index)
    STACK                                    0x20000270   Section     1024  startup_py32f030xx.o(STACK)

    Global Symbols

    Symbol Name                              Value     Ov Type        Size  Object(Section)

    BuildAttributes$$THM_ISAv3M$S$PE$A:L22$X:L11$S22$IEEE1$IW$~IW$USESV6$~STKCKD$USESV7$~SHL$OTIME$ROPI$EBA8$MICROLIB$REQ8$PRES8$EABIv2 0x00000000   Number         0  anon$$obj.o ABSOLUTE
    __cpp_initialize__aeabi_                  - Undefined Weak Reference
    __cxa_finalize                            - Undefined Weak Reference
    __decompress                              - Undefined Weak Reference
    _clock_init                               - Undefined Weak Reference
    _microlib_exit                            - Undefined Weak Reference
    __Vectors_Size                           0x000000c0   Number         0  startup_py32f030xx.o ABSOLUTE
    __Vectors                                0x08000000   Data           4  startup_py32f030xx.o(RESET)
    __Vectors_End                            0x080000c0   Data           0  startup_py32f030xx.o(RESET)
    __main                                   0x080000c1   Thumb Code     0  entry.o(.ARM.Collect$$$$00000000)
    _main_stk                                0x080000c1   Thumb Code     0  entry2.o(.ARM.Collect$$$$00000001)
    _main_scatterload                        0x080000c5   Thumb Code     0  entry5.o(.ARM.Collect$$$$00000004)
    __main_after_scatterload                 0x080000c9   Thumb Code     0  entry5.o(.ARM.Collect$$$$00000004)
    _main_clock                              0x080000c9   Thumb Code     0  entry7b.o(.ARM.Collect$$$$00000008)
    _main_cpp_init                           0x080000c9   Thumb Code     0  entry8b.o(.ARM.Collect$$$$0000000A)
    _main_init                               0x080000c9   Thumb Code     0  entry9a.o(.ARM.Collect$$$$0000000B)
    __rt_final_cpp                           0x080000d1   Thumb Code     0  entry10a.o(.ARM.Collect$$$$0000000D)
    __rt_final_exit                          0x080000d1   Thumb Code     0  entry11a.o(.ARM.Collect$$$$0000000F)
    Reset_Handler                            0x080000d5   Thumb Code     8  startup_py32f030xx.o(.text)
    ADC_COMP_IRQHandler                      0x080000e7   Thumb Code     0  startup_py32f030xx.o(.text)
    DMA1_Channel1_IRQHandler                 0x080000e7   Thumb Code     0  startup_py32f030xx.o(.text)
    DMA1_Channel2_3_IRQHandler               0x080000e7   Thumb Code     0  startup_py32f030xx.o(.text)
    EXTI0_1_IRQHandler                       0x080000e7   Thumb Code     0  startup_py32f030xx.o(.text)
    FLASH_IRQHandler                         0x080000e7   Thumb Code     0  startup_py32f030xx.o(.text)
    LED_IRQHandler                           0x080000e7   Thumb Code     0  startup_py32f030xx.o(.text)
    LPTIM1_IRQHandler                        0x080000e7   Thumb Code     0  startup_py32f030xx.o(.text)
    PVD_IRQHandler                           0x080000e7   Thumb Code     0  startup_py32f030xx.o(.text)
    RCC_IRQHandler                           0x080000e7   Thumb Code     0  startup_py32f030xx.o(.text)
    RTC_IRQHandler                           0x080000e7   Thumb Code     0  startup_py32f030xx.o(.text)
    SPI1_IRQHandler                          0x080000e7   Thumb Code     0  startup_py32f030xx.o(.text)
    SPI2_IRQHandler                          0x080000e7   Thumb Code     0  startup_py32f030xx.o(.text)
    TIM14_IRQHandler                         0x080000e7   Thumb Code     0  startup_py32f030xx.o(.text)
    TIM16_IRQHandler                         0x080000e7   Thumb Code     0  startup_py32f030xx.o(.text)
    TIM17_IRQHandler                         0x080000e7   Thumb Code     0  startup_py32f030xx.o(.text)
    TIM1_BRK_UP_TRG_COM_IRQHandler           0x080000e7   Thumb Code     0  startup_py32f030xx.o(.text)
    TIM1_CC_IRQHandler                       0x080000e7   Thumb Code     0  startup_py32f030xx.o(.text)
    TIM3_IRQHandler                          0x080000e7   Thumb Code     0  startup_py32f030xx.o(.text)
    USART2_IRQHandler                        0x080000e7   Thumb Code     0  startup_py32f030xx.o(.text)
    WWDG_IRQHandler                          0x080000e7   Thumb Code     0  startup_py32f030xx.o(.text)
    __aeabi_dmul                             0x080000f1   Thumb Code   202  dmul.o(.text)
    __aeabi_ddiv                             0x080001c1   Thumb Code   234  ddiv.o(.text)
    __aeabi_i2f                              0x080002b1   Thumb Code    22  fflti.o(.text)
    __aeabi_f2d                              0x080002c7   Thumb Code    40  f2d.o(.text)
    __aeabi_d2f                              0x080002ef   Thumb Code    56  d2f.o(.text)
    __aeabi_uidiv                            0x08000327   Thumb Code     0  uidiv_div0.o(.text)
    __aeabi_uidivmod                         0x08000327   Thumb Code    62  uidiv_div0.o(.text)
    __aeabi_uldivmod                         0x08000365   Thumb Code    96  uldiv.o(.text)
    __I$use$fp                               0x080003c5   Thumb Code     0  iusefp.o(.text)
    _float_round                             0x080003c5   Thumb Code    16  fepilogue.o(.text)
    _float_epilogue                          0x080003d5   Thumb Code   114  fepilogue.o(.text)
    _double_round                            0x08000447   Thumb Code    26  depilogue.o(.text)
    _double_epilogue                         0x08000461   Thumb Code   164  depilogue.o(.text)
    __aeabi_dadd                             0x08000505   Thumb Code   328  dadd.o(.text)
    __aeabi_dsub                             0x0800064d   Thumb Code    12  dadd.o(.text)
    __aeabi_drsub                            0x08000659   Thumb Code    12  dadd.o(.text)
    __aeabi_d2ulz                            0x08000669   Thumb Code    54  dfixul.o(.text)
    __aeabi_cdrcmple                         0x080006a9   Thumb Code    38  cdrcmple.o(.text)
    __scatterload                            0x080006d1   Thumb Code    28  init.o(.text)
    __scatterload_rt2                        0x080006d1   Thumb Code     0  init.o(.text)
    __aeabi_llsl                             0x080006f5   Thumb Code    32  llshl.o(.text)
    _ll_shift_l                              0x080006f5   Thumb Code     0  llshl.o(.text)
    __aeabi_llsr                             0x08000715   Thumb Code    34  llushr.o(.text)
    _ll_ushift_r                             0x08000715   Thumb Code     0  llushr.o(.text)
    __aeabi_lasr                             0x08000737   Thumb Code    38  llsshr.o(.text)
    _ll_sshift_r                             0x08000737   Thumb Code     0  llsshr.o(.text)
    main                                     0x0800075d   Thumb Code    44  system_py32f0xx.o(.text.$Sub$$main)
    ASYNC_I2C_Receive                        0x08000789   Thumb Code    92  py32f0xx_bsp_i2c.o(.text.ASYNC_I2C_Receive)
    ASYNC_I2C_Transmit                       0x080007e5   Thumb Code   100  py32f0xx_bsp_i2c.o(.text.ASYNC_I2C_Transmit)
    BSP_EXTI_Config                          0x08000849   Thumb Code    92  py32f0xx_bsp_exti.o(.text.BSP_EXTI_Config)
    BSP_GPIO_Config                          0x080008a5   Thumb Code   128  py32f0xx_bsp_gpio.o(.text.BSP_GPIO_Config)
    BSP_I2C_Config                           0x08000925   Thumb Code   136  py32f0xx_bsp_i2c.o(.text.BSP_I2C_Config)
    BSP_PWMChannelConfig                     0x080009ad   Thumb Code    60  py32f0xx_bsp_tim.o(.text.BSP_PWMChannelConfig)
    BSP_PWR_Config                           0x080009e9   Thumb Code    24  py32f0xx_bsp_pwr.o(.text.BSP_PWR_Config)
    BSP_SystemClockConfig                    0x08000a01   Thumb Code   104  py32f0xx_bsp_rcc.o(.text.BSP_SystemClockConfig)
    BSP_TIM_config                           0x08000a69   Thumb Code    60  py32f0xx_bsp_tim.o(.text.BSP_TIM_config)
    BSP_USART_Config                         0x08000aa5   Thumb Code   132  py32f0xx_bsp_usart.o(.text.BSP_USART_Config)
    EXTI2_3_IRQHandler                       0x08000b29   Thumb Code    40  py32f0xx_bsp_exti.o(.text.EXTI2_3_IRQHandler)
    EXTI4_15_IRQHandler                      0x08000b51   Thumb Code    44  py32f0xx_bsp_exti.o(.text.EXTI4_15_IRQHandler)
    HardFault_Handler                        0x08000b7d   Thumb Code     2  py32f0xx_it.o(.text.HardFault_Handler)
    I2C1_IRQHandler                          0x08000b81   Thumb Code   592  py32f0xx_bsp_i2c.o(.text.I2C1_IRQHandler)
    I2C_Diagnosis                            0x08000dd1   Thumb Code    24  py32f0xx_bsp_i2c.o(.text.I2C_Diagnosis)
    I2C_Unlock                               0x08000de9   Thumb Code   124  py32f0xx_bsp_i2c.o(.text.I2C_Unlock)
    Key_DebounceService_10ms                 0x08000e71   Thumb Code    16  debounce_key.o(.text.Key_DebounceService_10ms)
    Key_EdgeDetect                           0x08000e81   Thumb Code    88  debounce_key.o(.text.Key_EdgeDetect)
    Key_Init                                 0x08000ed9   Thumb Code    16  debounce_key.o(.text.Key_Init)
    Key_Scand                                0x08000ee9   Thumb Code    96  debounce_key.o(.text.Key_Scand)
    LED_PWM_Set                              0x08000f49   Thumb Code    34  py32f0xx_bsp_tim.o(.text.LED_PWM_Set)
    LL_EXTI_Init                             0x08001099   Thumb Code   152  py32f0xx_ll_exti.o(.text.LL_EXTI_Init)
    LL_GPIO_Init                             0x08001179   Thumb Code   128  py32f0xx_ll_gpio.o(.text.LL_GPIO_Init)
    LL_I2C_Init                              0x08001501   Thumb Code    58  py32f0xx_ll_i2c.o(.text.LL_I2C_Init)
    LL_RCC_GetSystemClocksFreq               0x080016b5   Thumb Code    24  py32f0xx_ll_rcc.o(.text.LL_RCC_GetSystemClocksFreq)
    LL_SetSystemCoreClock                    0x080017b1   Thumb Code    12  py32f0xx_ll_utils.o(.text.LL_SetSystemCoreClock)
    LL_TIM_Init                              0x080017e9   Thumb Code   148  py32f0xx_ll_tim.o(.text.LL_TIM_Init)
    LL_TIM_OC_Init                           0x0800187d   Thumb Code    80  py32f0xx_ll_tim.o(.text.LL_TIM_OC_Init)
    LL_mDelay                                0x08001aa9   Thumb Code    40  py32f0xx_ll_utils.o(.text.LL_mDelay)
    NMI_Handler                              0x08001ad1   Thumb Code     2  py32f0xx_it.o(.text.NMI_Handler)
    PendSV_Handler                           0x08001d05   Thumb Code     2  py32f0xx_it.o(.text.PendSV_Handler)
    RCC_GetHCLKClockFreq                     0x08001d09   Thumb Code    32  py32f0xx_ll_rcc.o(.text.RCC_GetHCLKClockFreq)
    RCC_GetPCLK1ClockFreq                    0x08001d29   Thumb Code    32  py32f0xx_ll_rcc.o(.text.RCC_GetPCLK1ClockFreq)
    RCC_GetSystemClockFreq                   0x08001d49   Thumb Code    84  py32f0xx_ll_rcc.o(.text.RCC_GetSystemClockFreq)
    RCC_PLL_GetFreqDomain_SYS                0x08001d9d   Thumb Code    28  py32f0xx_ll_rcc.o(.text.RCC_PLL_GetFreqDomain_SYS)
    SVC_Handler                              0x08001db9   Thumb Code     2  py32f0xx_it.o(.text.SVC_Handler)
    SW6306_ADCLoad                           0x08001dbd   Thumb Code   276  sw6306.o(.text.SW6306_ADCLoad)
    SW6306_ADCRead                           0x08001ed1   Thumb Code   104  sw6306.o(.text.SW6306_ADCRead)
    SW6306_ByteModify                        0x08001f39   Thumb Code    96  sw6306.o(.text.SW6306_ByteModify)
    SW6306_ByteRead                          0x08001f99   Thumb Code    80  sw6306.o(.text.SW6306_ByteRead)
    SW6306_ByteWrite                         0x08001fe9   Thumb Code    44  sw6306.o(.text.SW6306_ByteWrite)
    SW6306_CapacityLoad                      0x08002015   Thumb Code   196  sw6306.o(.text.SW6306_CapacityLoad)
    SW6306_Click                             0x080020d9   Thumb Code    68  sw6306.o(.text.SW6306_Click)
    SW6306_ForceOff                          0x0800211d   Thumb Code    88  sw6306.o(.text.SW6306_ForceOff)
    SW6306_Init                              0x08002175   Thumb Code   800  sw6306.o(.text.SW6306_Init)
    SW6306_IsBatteryDepleted                 0x08002495   Thumb Code    16  sw6306.o(.text.SW6306_IsBatteryDepleted)
    SW6306_IsCharging                        0x080024a5   Thumb Code    12  sw6306.o(.text.SW6306_IsCharging)
    SW6306_IsDischarging                     0x080024b1   Thumb Code    12  sw6306.o(.text.SW6306_IsDischarging)
    SW6306_IsFullCharged                     0x080024bd   Thumb Code    12  sw6306.o(.text.SW6306_IsFullCharged)
    SW6306_IsInitialized                     0x080024c9   Thumb Code    40  sw6306.o(.text.SW6306_IsInitialized)
    SW6306_IsOverHeated                      0x080024f1   Thumb Code    24  sw6306.o(.text.SW6306_IsOverHeated)
    SW6306_IsPortA1ON                        0x08002509   Thumb Code    12  sw6306.o(.text.SW6306_IsPortA1ON)
    SW6306_IsPortA2ON                        0x08002515   Thumb Code    12  sw6306.o(.text.SW6306_IsPortA2ON)
    SW6306_IsPortC1ON                        0x08002521   Thumb Code    12  sw6306.o(.text.SW6306_IsPortC1ON)
    SW6306_IsPortC2ON                        0x0800252d   Thumb Code    12  sw6306.o(.text.SW6306_IsPortC2ON)
    SW6306_LPSet                             0x08002539   Thumb Code    72  sw6306.o(.text.SW6306_LPSet)
    SW6306_PortStatusLoad                    0x08002581   Thumb Code   160  sw6306.o(.text.SW6306_PortStatusLoad)
    SW6306_PowerLoad                         0x08002621   Thumb Code   244  sw6306.o(.text.SW6306_PowerLoad)
    SW6306_ReadCapacity                      0x08002715   Thumb Code     8  sw6306.o(.text.SW6306_ReadCapacity)
    SW6306_ReadIBAT                          0x0800271d   Thumb Code     8  sw6306.o(.text.SW6306_ReadIBAT)
    SW6306_ReadIBUS                          0x08002725   Thumb Code     8  sw6306.o(.text.SW6306_ReadIBUS)
    SW6306_ReadTCHIP                         0x0800272d   Thumb Code    44  sw6306.o(.text.SW6306_ReadTCHIP)
    SW6306_ReadTNTC                          0x08002759   Thumb Code    16  sw6306.o(.text.SW6306_ReadTNTC)
    SW6306_ReadVBAT                          0x08002769   Thumb Code     8  sw6306.o(.text.SW6306_ReadVBAT)
    SW6306_ReadVBUS                          0x08002771   Thumb Code     8  sw6306.o(.text.SW6306_ReadVBUS)
    SW6306_RegsetSwitch                      0x08002779   Thumb Code   108  sw6306.o(.text.SW6306_RegsetSwitch)
    SW6306_StatusLoad                        0x080027e5   Thumb Code   260  sw6306.o(.text.SW6306_StatusLoad)
    SW6306_Unlock                            0x080028e9   Thumb Code   148  sw6306.o(.text.SW6306_Unlock)
    SysInit                                  0x0800297d   Thumb Code    40  bsp_py32f030x6.o(.text.SysInit)
    SysTick_Handler                          0x080029a5   Thumb Code    16  py32f0xx_it.o(.text.SysTick_Handler)
    SystemInit                               0x080029b5   Thumb Code    48  system_py32f0xx.o(.text.SystemInit)
    USART1_IRQHandler                        0x080029e5   Thumb Code   172  py32f0xx_bsp_usart.o(.text.USART1_IRQHandler)
    USART_bufread                            0x08002a91   Thumb Code    76  py32f0xx_bsp_usart.o(.text.USART_bufread)
    USART_bufsend                            0x08002add   Thumb Code   128  py32f0xx_bsp_usart.o(.text.USART_bufsend)
    USART_getvalidnum                        0x08002b5d   Thumb Code    36  py32f0xx_bsp_usart.o(.text.USART_getvalidnum)
    $Super$$main                             0x08002c11   Thumb Code   248  main.o(.text.main)
    thread_app                               0x08002d09   Thumb Code  1004  main.o(.text.thread_app)
    thread_echo                              0x080030f5   Thumb Code    70  main.o(.text.thread_echo)
    thread_key                               0x0800313d   Thumb Code   552  main.o(.text.thread_key)
    thread_trig                              0x08003365   Thumb Code    92  main.o(.text.thread_trig)
    uprintf                                  0x080033c1   Thumb Code    44  py32f0xx_bsp_usart.o(.text.uprintf)
    __0vsprintf                              0x080033ed   Thumb Code    30  printfa.o(i.__0vsprintf)
    __1vsprintf                              0x080033ed   Thumb Code     0  printfa.o(i.__0vsprintf)
    __2vsprintf                              0x080033ed   Thumb Code     0  printfa.o(i.__0vsprintf)
    __c89vsprintf                            0x080033ed   Thumb Code     0  printfa.o(i.__0vsprintf)
    vsprintf                                 0x080033ed   Thumb Code     0  printfa.o(i.__0vsprintf)
    __ARM_clz                                0x08003411   Thumb Code    46  depilogue.o(i.__ARM_clz)
    __scatterload_copy                       0x0800343f   Thumb Code    14  handlers.o(i.__scatterload_copy)
    __scatterload_null                       0x0800344d   Thumb Code     2  handlers.o(i.__scatterload_null)
    __scatterload_zeroinit                   0x0800344f   Thumb Code    14  handlers.o(i.__scatterload_zeroinit)
    AHBPrescTable                            0x08003d14   Data          64  system_py32f0xx.o(.rodata.AHBPrescTable)
    APBPrescTable                            0x08003d54   Data          32  system_py32f0xx.o(.rodata.APBPrescTable)
    HSIFreqTable                             0x08003d74   Data          32  system_py32f0xx.o(.rodata.HSIFreqTable)
    Region$$Table$$Base                      0x08003e5c   Number         0  anon$$obj.o(Region$$Table)
    Region$$Table$$Limit                     0x08003e7c   Number         0  anon$$obj.o(Region$$Table)
    VECT_SRAM_TAB                            0x20000000   Data         192  system_py32f0xx.o(.ARM.__at_0x20000000)
    SystemCoreClock                          0x200000c0   Data           4  system_py32f0xx.o(.data.SystemCoreClock)
    I2C1_Status                              0x200000c8   Data          16  py32f0xx_bsp_i2c.o(.bss.I2C1_Status)
    cd_sleep                                 0x2000023e   Data           2  main.o(.bss.cd_sleep)
    forceoff                                 0x20000240   Data           1  main.o(.bss.forceoff)
    i2cwdtovf                                0x20000244   Data           4  py32f0xx_bsp_i2c.o(.bss.i2cwdtovf)
    inttrig                                  0x20000248   Data           1  py32f0xx_bsp_exti.o(.bss.inttrig)
    keytrig                                  0x20000249   Data           1  py32f0xx_bsp_exti.o(.bss.keytrig)
    main_looping                             0x2000024a   Data           1  main.o(.bss.main_looping)
    millis                                   0x2000024c   Data           4  py32f0xx_it.o(.bss.millis)
    pt1                                      0x20000250   Data           2  main.o(.bss.pt1)
    pt2                                      0x20000252   Data           2  main.o(.bss.pt2)
    pt3                                      0x20000254   Data           2  main.o(.bss.pt3)
    pt4                                      0x20000256   Data           2  main.o(.bss.pt4)
    rx_buf_ovf                               0x20000258   Data           1  py32f0xx_bsp_usart.o(.bss.rx_buf_ovf)
    __initial_sp                             0x20000670   Data           0  startup_py32f030xx.o(STACK)



==============================================================================

Memory Map of the image

  Image Entry point : 0x080000c1

  Load Region LR_IROM1 (Base: 0x08000000, Size: 0x00003f48, Max: 0x00008000, ABSOLUTE)

    Execution Region ER_IROM1 (Exec base: 0x08000000, Load base: 0x08000000, Size: 0x00003e7c, Max: 0x00008000, ABSOLUTE)

    Exec Addr    Load Addr    Size         Type   Attr      Idx    E Section Name        Object

    0x08000000   0x08000000   0x000000c0   Data   RO            3    RESET               startup_py32f030xx.o
    0x080000c0   0x080000c0   0x00000000   Code   RO          981  * .ARM.Collect$$$$00000000  mc_p.l(entry.o)
    0x080000c0   0x080000c0   0x00000004   Code   RO         1032    .ARM.Collect$$$$00000001  mc_p.l(entry2.o)
    0x080000c4   0x080000c4   0x00000004   Code   RO         1035    .ARM.Collect$$$$00000004  mc_p.l(entry5.o)
    0x080000c8   0x080000c8   0x00000000   Code   RO         1037    .ARM.Collect$$$$00000008  mc_p.l(entry7b.o)
    0x080000c8   0x080000c8   0x00000000   Code   RO         1039    .ARM.Collect$$$$0000000A  mc_p.l(entry8b.o)
    0x080000c8   0x080000c8   0x00000008   Code   RO         1040    .ARM.Collect$$$$0000000B  mc_p.l(entry9a.o)
    0x080000d0   0x080000d0   0x00000000   Code   RO         1042    .ARM.Collect$$$$0000000D  mc_p.l(entry10a.o)
    0x080000d0   0x080000d0   0x00000000   Code   RO         1044    .ARM.Collect$$$$0000000F  mc_p.l(entry11a.o)
    0x080000d0   0x080000d0   0x00000004   Code   RO         1033    .ARM.Collect$$$$00002712  mc_p.l(entry2.o)
    0x080000d4   0x080000d4   0x0000001c   Code   RO            4    .text               startup_py32f030xx.o
    0x080000f0   0x080000f0   0x000000d0   Code   RO         1020    .text               mf_p.l(dmul.o)
    0x080001c0   0x080001c0   0x000000f0   Code   RO         1022    .text               mf_p.l(ddiv.o)
    0x080002b0   0x080002b0   0x00000016   Code   RO         1024    .text               mf_p.l(fflti.o)
    0x080002c6   0x080002c6   0x00000028   Code   RO         1028    .text               mf_p.l(f2d.o)
    0x080002ee   0x080002ee   0x00000038   Code   RO         1030    .text               mf_p.l(d2f.o)
    0x08000326   0x08000326   0x0000003e   Code   RO         1055    .text               mc_p.l(uidiv_div0.o)
    0x08000364   0x08000364   0x00000060   Code   RO         1061    .text               mc_p.l(uldiv.o)
    0x080003c4   0x080003c4   0x00000000   Code   RO         1063    .text               mc_p.l(iusefp.o)
    0x080003c4   0x080003c4   0x00000082   Code   RO         1064    .text               mf_p.l(fepilogue.o)
    0x08000446   0x08000446   0x000000be   Code   RO         1066    .text               mf_p.l(depilogue.o)
    0x08000504   0x08000504   0x00000164   Code   RO         1070    .text               mf_p.l(dadd.o)
    0x08000668   0x08000668   0x00000040   Code   RO         1072    .text               mf_p.l(dfixul.o)
    0x080006a8   0x080006a8   0x00000028   Code   RO         1074    .text               mf_p.l(cdrcmple.o)
    0x080006d0   0x080006d0   0x00000024   Code   RO         1076    .text               mc_p.l(init.o)
    0x080006f4   0x080006f4   0x00000020   Code   RO         1079    .text               mc_p.l(llshl.o)
    0x08000714   0x08000714   0x00000022   Code   RO         1081    .text               mc_p.l(llushr.o)
    0x08000736   0x08000736   0x00000026   Code   RO         1083    .text               mc_p.l(llsshr.o)
    0x0800075c   0x0800075c   0x0000002c   Code   RO           15    .text.$Sub$$main    system_py32f0xx.o
    0x08000788   0x08000788   0x0000005c   Code   RO          640    .text.ASYNC_I2C_Receive  py32f0xx_bsp_i2c.o
    0x080007e4   0x080007e4   0x00000064   Code   RO          636    .text.ASYNC_I2C_Transmit  py32f0xx_bsp_i2c.o
    0x08000848   0x08000848   0x0000005c   Code   RO          529    .text.BSP_EXTI_Config  py32f0xx_bsp_exti.o
    0x080008a4   0x080008a4   0x00000080   Code   RO          555    .text.BSP_GPIO_Config  py32f0xx_bsp_gpio.o
    0x08000924   0x08000924   0x00000088   Code   RO          568    .text.BSP_I2C_Config  py32f0xx_bsp_i2c.o
    0x080009ac   0x080009ac   0x0000003c   Code   RO          734    .text.BSP_PWMChannelConfig  py32f0xx_bsp_tim.o
    0x080009e8   0x080009e8   0x00000018   Code   RO          668    .text.BSP_PWR_Config  py32f0xx_bsp_pwr.o
    0x08000a00   0x08000a00   0x00000068   Code   RO          687    .text.BSP_SystemClockConfig  py32f0xx_bsp_rcc.o
    0x08000a68   0x08000a68   0x0000003c   Code   RO          726    .text.BSP_TIM_config  py32f0xx_bsp_tim.o
    0x08000aa4   0x08000aa4   0x00000084   Code   RO          748    .text.BSP_USART_Config  py32f0xx_bsp_usart.o
    0x08000b28   0x08000b28   0x00000028   Code   RO          543    .text.EXTI2_3_IRQHandler  py32f0xx_bsp_exti.o
    0x08000b50   0x08000b50   0x0000002c   Code   RO          537    .text.EXTI4_15_IRQHandler  py32f0xx_bsp_exti.o
    0x08000b7c   0x08000b7c   0x00000002   Code   RO           32    .text.HardFault_Handler  py32f0xx_it.o
    0x08000b7e   0x08000b7e   0x00000002   PAD
    0x08000b80   0x08000b80   0x00000250   Code   RO          642    .text.I2C1_IRQHandler  py32f0xx_bsp_i2c.o
    0x08000dd0   0x08000dd0   0x00000018   Code   RO          632    .text.I2C_Diagnosis  py32f0xx_bsp_i2c.o
    0x08000de8   0x08000de8   0x0000007c   Code   RO          570    .text.I2C_Unlock    py32f0xx_bsp_i2c.o
    0x08000e64   0x08000e64   0x0000000a   Code   RO          111    .text.KEY_GetIO     debounce_key.o
    0x08000e6e   0x08000e6e   0x00000002   PAD
    0x08000e70   0x08000e70   0x00000010   Code   RO          115    .text.Key_DebounceService_10ms  debounce_key.o
    0x08000e80   0x08000e80   0x00000058   Code   RO          119    .text.Key_EdgeDetect  debounce_key.o
    0x08000ed8   0x08000ed8   0x00000010   Code   RO          117    .text.Key_Init      debounce_key.o
    0x08000ee8   0x08000ee8   0x00000060   Code   RO          113    .text.Key_Scand     debounce_key.o
    0x08000f48   0x08000f48   0x00000022   Code   RO          736    .text.LED_PWM_Set   py32f0xx_bsp_tim.o
    0x08000f6a   0x08000f6a   0x00000002   PAD
    0x08000f6c   0x08000f6c   0x0000001c   Code   RO          572    .text.LL_APB1_GRP1_EnableClock  py32f0xx_bsp_i2c.o
    0x08000f88   0x08000f88   0x00000020   Code   RO          691    .text.LL_APB1_GRP1_EnableClock  py32f0xx_bsp_rcc.o
    0x08000fa8   0x08000fa8   0x00000010   Code   RO          574    .text.LL_APB1_GRP1_ForceReset  py32f0xx_bsp_i2c.o
    0x08000fb8   0x08000fb8   0x00000014   Code   RO          576    .text.LL_APB1_GRP1_ReleaseReset  py32f0xx_bsp_i2c.o
    0x08000fcc   0x08000fcc   0x00000018   Code   RO          689    .text.LL_APB1_GRP2_EnableClock  py32f0xx_bsp_rcc.o
    0x08000fe4   0x08000fe4   0x0000001c   Code   RO          728    .text.LL_APB1_GRP2_EnableClock  py32f0xx_bsp_tim.o
    0x08001000   0x08001000   0x00000020   Code   RO          750    .text.LL_APB1_GRP2_EnableClock  py32f0xx_bsp_usart.o
    0x08001020   0x08001020   0x00000008   Code   RO          541    .text.LL_EXTI_ClearFlag  py32f0xx_bsp_exti.o
    0x08001028   0x08001028   0x0000000c   Code   RO          204    .text.LL_EXTI_DisableEvent  py32f0xx_ll_exti.o
    0x08001034   0x08001034   0x0000000c   Code   RO          212    .text.LL_EXTI_DisableFallingTrig  py32f0xx_ll_exti.o
    0x08001040   0x08001040   0x0000000c   Code   RO          208    .text.LL_EXTI_DisableIT  py32f0xx_ll_exti.o
    0x0800104c   0x0800104c   0x0000000c   Code   RO          216    .text.LL_EXTI_DisableRisingTrig  py32f0xx_ll_exti.o
    0x08001058   0x08001058   0x00000010   Code   RO          210    .text.LL_EXTI_EnableEvent  py32f0xx_ll_exti.o
    0x08001068   0x08001068   0x00000010   Code   RO          218    .text.LL_EXTI_EnableFallingTrig  py32f0xx_ll_exti.o
    0x08001078   0x08001078   0x00000010   Code   RO          206    .text.LL_EXTI_EnableIT  py32f0xx_ll_exti.o
    0x08001088   0x08001088   0x00000010   Code   RO          214    .text.LL_EXTI_EnableRisingTrig  py32f0xx_ll_exti.o
    0x08001098   0x08001098   0x00000098   Code   RO          202    .text.LL_EXTI_Init  py32f0xx_ll_exti.o
    0x08001130   0x08001130   0x00000014   Code   RO          539    .text.LL_EXTI_IsActiveFlag  py32f0xx_bsp_exti.o
    0x08001144   0x08001144   0x00000024   Code   RO          531    .text.LL_EXTI_SetEXTISource  py32f0xx_bsp_exti.o
    0x08001168   0x08001168   0x00000010   Code   RO          711    .text.LL_FLASH_SetLatency  py32f0xx_bsp_rcc.o
    0x08001178   0x08001178   0x00000080   Code   RO          236    .text.LL_GPIO_Init  py32f0xx_ll_gpio.o
    0x080011f8   0x080011f8   0x0000000c   Code   RO           72    .text.LL_GPIO_IsInputPinSet  main.o
    0x08001204   0x08001204   0x00000010   Code   RO          123    .text.LL_GPIO_IsInputPinSet  debounce_key.o
    0x08001214   0x08001214   0x00000010   Code   RO          630    .text.LL_GPIO_IsInputPinSet  py32f0xx_bsp_i2c.o
    0x08001224   0x08001224   0x00000008   Code   RO           64    .text.LL_GPIO_ResetOutputPin  main.o
    0x0800122c   0x0800122c   0x0000000c   Code   RO          559    .text.LL_GPIO_ResetOutputPin  py32f0xx_bsp_gpio.o
    0x08001238   0x08001238   0x0000000c   Code   RO          626    .text.LL_GPIO_ResetOutputPin  py32f0xx_bsp_i2c.o
    0x08001244   0x08001244   0x00000014   Code   RO          244    .text.LL_GPIO_SetAFPin_0_7  py32f0xx_ll_gpio.o
    0x08001258   0x08001258   0x00000018   Code   RO          776    .text.LL_GPIO_SetAFPin_0_7  py32f0xx_bsp_usart.o
    0x08001270   0x08001270   0x00000016   Code   RO          246    .text.LL_GPIO_SetAFPin_8_15  py32f0xx_ll_gpio.o
    0x08001286   0x08001286   0x00000002   PAD
    0x08001288   0x08001288   0x0000000c   Code   RO           66    .text.LL_GPIO_SetOutputPin  main.o
    0x08001294   0x08001294   0x0000000c   Code   RO          628    .text.LL_GPIO_SetOutputPin  py32f0xx_bsp_i2c.o
    0x080012a0   0x080012a0   0x00000012   Code   RO          238    .text.LL_GPIO_SetPinMode  py32f0xx_ll_gpio.o
    0x080012b2   0x080012b2   0x00000016   Code   RO          770    .text.LL_GPIO_SetPinMode  py32f0xx_bsp_usart.o
    0x080012c8   0x080012c8   0x0000000c   Code   RO          248    .text.LL_GPIO_SetPinOutputType  py32f0xx_ll_gpio.o
    0x080012d4   0x080012d4   0x00000012   Code   RO          242    .text.LL_GPIO_SetPinPull  py32f0xx_ll_gpio.o
    0x080012e6   0x080012e6   0x00000002   PAD
    0x080012e8   0x080012e8   0x00000018   Code   RO          774    .text.LL_GPIO_SetPinPull  py32f0xx_bsp_usart.o
    0x08001300   0x08001300   0x00000012   Code   RO          240    .text.LL_GPIO_SetPinSpeed  py32f0xx_ll_gpio.o
    0x08001312   0x08001312   0x00000002   PAD
    0x08001314   0x08001314   0x00000014   Code   RO          772    .text.LL_GPIO_SetPinSpeed  py32f0xx_bsp_usart.o
    0x08001328   0x08001328   0x0000000e   Code   RO          276    .text.LL_I2C_AcknowledgeNextData  py32f0xx_ll_i2c.o
    0x08001336   0x08001336   0x00000002   PAD
    0x08001338   0x08001338   0x00000010   Code   RO          618    .text.LL_I2C_AcknowledgeNextData  py32f0xx_bsp_i2c.o
    0x08001348   0x08001348   0x00000014   Code   RO          608    .text.LL_I2C_ClearFlag_ADDR  py32f0xx_bsp_i2c.o
    0x0800135c   0x0800135c   0x00000010   Code   RO          652    .text.LL_I2C_ClearFlag_AF  py32f0xx_bsp_i2c.o
    0x0800136c   0x0800136c   0x00000010   Code   RO          656    .text.LL_I2C_ClearFlag_BERR  py32f0xx_bsp_i2c.o
    0x0800137c   0x0800137c   0x000000a4   Code   RO          270    .text.LL_I2C_ConfigSpeed  py32f0xx_ll_i2c.o
    0x08001420   0x08001420   0x0000000a   Code   RO          268    .text.LL_I2C_Disable  py32f0xx_ll_i2c.o
    0x0800142a   0x0800142a   0x00000002   PAD
    0x0800142c   0x0800142c   0x00000010   Code   RO          596    .text.LL_I2C_DisableBitPOS  py32f0xx_bsp_i2c.o
    0x0800143c   0x0800143c   0x00000010   Code   RO          588    .text.LL_I2C_DisableIT_BUF  py32f0xx_bsp_i2c.o
    0x0800144c   0x0800144c   0x00000010   Code   RO          590    .text.LL_I2C_DisableIT_EVT  py32f0xx_bsp_i2c.o
    0x0800145c   0x0800145c   0x00000010   Code   RO          644    .text.LL_I2C_DisableIT_RX  py32f0xx_bsp_i2c.o
    0x0800146c   0x0800146c   0x00000010   Code   RO          646    .text.LL_I2C_DisableIT_TX  py32f0xx_bsp_i2c.o
    0x0800147c   0x0800147c   0x00000010   Code   RO          580    .text.LL_I2C_DisableReset  py32f0xx_bsp_i2c.o
    0x0800148c   0x0800148c   0x0000000a   Code   RO          274    .text.LL_I2C_Enable  py32f0xx_ll_i2c.o
    0x08001496   0x08001496   0x00000002   PAD
    0x08001498   0x08001498   0x00000010   Code   RO          586    .text.LL_I2C_EnableIT_ERR  py32f0xx_bsp_i2c.o
    0x080014a8   0x080014a8   0x00000010   Code   RO          648    .text.LL_I2C_EnableIT_RX  py32f0xx_bsp_i2c.o
    0x080014b8   0x080014b8   0x00000014   Code   RO          638    .text.LL_I2C_EnableIT_TX  py32f0xx_bsp_i2c.o
    0x080014cc   0x080014cc   0x00000010   Code   RO          578    .text.LL_I2C_EnableReset  py32f0xx_bsp_i2c.o
    0x080014dc   0x080014dc   0x00000010   Code   RO          598    .text.LL_I2C_GenerateStartCondition  py32f0xx_bsp_i2c.o
    0x080014ec   0x080014ec   0x00000014   Code   RO          606    .text.LL_I2C_GenerateStopCondition  py32f0xx_bsp_i2c.o
    0x08001500   0x08001500   0x0000003a   Code   RO          266    .text.LL_I2C_Init   py32f0xx_ll_i2c.o
    0x0800153a   0x0800153a   0x00000002   PAD
    0x0800153c   0x0800153c   0x0000000c   Code   RO          604    .text.LL_I2C_IsActiveFlag_ADDR  py32f0xx_bsp_i2c.o
    0x08001548   0x08001548   0x0000000c   Code   RO          650    .text.LL_I2C_IsActiveFlag_AF  py32f0xx_bsp_i2c.o
    0x08001554   0x08001554   0x0000000c   Code   RO          654    .text.LL_I2C_IsActiveFlag_BERR  py32f0xx_bsp_i2c.o
    0x08001560   0x08001560   0x0000000c   Code   RO          614    .text.LL_I2C_IsActiveFlag_BTF  py32f0xx_bsp_i2c.o
    0x0800156c   0x0800156c   0x00000010   Code   RO          594    .text.LL_I2C_IsActiveFlag_BUSY  py32f0xx_bsp_i2c.o
    0x0800157c   0x0800157c   0x0000000c   Code   RO          622    .text.LL_I2C_IsActiveFlag_RXNE  py32f0xx_bsp_i2c.o
    0x08001588   0x08001588   0x0000000c   Code   RO          600    .text.LL_I2C_IsActiveFlag_SB  py32f0xx_bsp_i2c.o
    0x08001594   0x08001594   0x00000010   Code   RO          612    .text.LL_I2C_IsActiveFlag_TXE  py32f0xx_bsp_i2c.o
    0x080015a4   0x080015a4   0x00000008   Code   RO          624    .text.LL_I2C_ReceiveData8  py32f0xx_bsp_i2c.o
    0x080015ac   0x080015ac   0x0000000c   Code   RO          272    .text.LL_I2C_SetOwnAddress1  py32f0xx_ll_i2c.o
    0x080015b8   0x080015b8   0x00000014   Code   RO          602    .text.LL_I2C_TransmitData8  py32f0xx_bsp_i2c.o
    0x080015cc   0x080015cc   0x00000018   Code   RO          557    .text.LL_IOP_GRP1_EnableClock  py32f0xx_bsp_gpio.o
    0x080015e4   0x080015e4   0x0000001c   Code   RO          768    .text.LL_IOP_GRP1_EnableClock  py32f0xx_bsp_usart.o
    0x08001600   0x08001600   0x00000014   Code   RO          707    .text.LL_InitTick   py32f0xx_bsp_rcc.o
    0x08001614   0x08001614   0x0000000c   Code   RO          670    .text.LL_LPM_DisableEventOnPend  py32f0xx_bsp_pwr.o
    0x08001620   0x08001620   0x0000000c   Code   RO          676    .text.LL_LPM_DisableSleepOnExit  py32f0xx_bsp_pwr.o
    0x0800162c   0x0800162c   0x0000000c   Code   RO           76    .text.LL_LPM_EnableDeepSleep  main.o
    0x08001638   0x08001638   0x0000000c   Code   RO           80    .text.LL_LPM_EnableSleep  main.o
    0x08001644   0x08001644   0x00000010   Code   RO          678    .text.LL_LPM_EnableSleep  py32f0xx_bsp_pwr.o
    0x08001654   0x08001654   0x00000010   Code   RO          674    .text.LL_PWR_EnableLowPowerRunMode  py32f0xx_bsp_pwr.o
    0x08001664   0x08001664   0x00000014   Code   RO          672    .text.LL_PWR_SetRegulVoltageScaling  py32f0xx_bsp_pwr.o
    0x08001678   0x08001678   0x0000000c   Code   RO          379    .text.LL_RCC_GetAHBPrescaler  py32f0xx_ll_rcc.o
    0x08001684   0x08001684   0x0000000c   Code   RO          381    .text.LL_RCC_GetAPB1Prescaler  py32f0xx_ll_rcc.o
    0x08001690   0x08001690   0x0000000c   Code   RO          377    .text.LL_RCC_GetHSIDiv  py32f0xx_ll_rcc.o
    0x0800169c   0x0800169c   0x0000000c   Code   RO          329    .text.LL_RCC_GetSysClkSource  py32f0xx_ll_rcc.o
    0x080016a8   0x080016a8   0x0000000c   Code   RO          703    .text.LL_RCC_GetSysClkSource  py32f0xx_bsp_rcc.o
    0x080016b4   0x080016b4   0x00000018   Code   RO          335    .text.LL_RCC_GetSystemClocksFreq  py32f0xx_ll_rcc.o
    0x080016cc   0x080016cc   0x00000010   Code   RO          715    .text.LL_RCC_HSE_Disable  py32f0xx_bsp_rcc.o
    0x080016dc   0x080016dc   0x00000010   Code   RO          693    .text.LL_RCC_HSI_Enable  py32f0xx_bsp_rcc.o
    0x080016ec   0x080016ec   0x00000014   Code   RO          347    .text.LL_RCC_HSI_GetFreq  py32f0xx_ll_rcc.o
    0x08001700   0x08001700   0x00000010   Code   RO          697    .text.LL_RCC_HSI_IsReady  py32f0xx_bsp_rcc.o
    0x08001710   0x08001710   0x00000018   Code   RO          695    .text.LL_RCC_HSI_SetCalibFreq  py32f0xx_bsp_rcc.o
    0x08001728   0x08001728   0x00000010   Code   RO          713    .text.LL_RCC_LSE_Disable  py32f0xx_bsp_rcc.o
    0x08001738   0x08001738   0x00000010   Code   RO          717    .text.LL_RCC_LSI_Disable  py32f0xx_bsp_rcc.o
    0x08001748   0x08001748   0x00000010   Code   RO          383    .text.LL_RCC_PLL_GetMainSource  py32f0xx_ll_rcc.o
    0x08001758   0x08001758   0x00000010   Code   RO          699    .text.LL_RCC_SetAHBPrescaler  py32f0xx_bsp_rcc.o
    0x08001768   0x08001768   0x00000010   Code   RO          705    .text.LL_RCC_SetAPB1Prescaler  py32f0xx_bsp_rcc.o
    0x08001778   0x08001778   0x00000010   Code   RO          701    .text.LL_RCC_SetSysClkSource  py32f0xx_bsp_rcc.o
    0x08001788   0x08001788   0x0000000c   Code   RO           74    .text.LL_SYSTICK_DisableIT  main.o
    0x08001794   0x08001794   0x0000000c   Code   RO           78    .text.LL_SYSTICK_EnableIT  main.o
    0x080017a0   0x080017a0   0x00000010   Code   RO          709    .text.LL_SYSTICK_EnableIT  py32f0xx_bsp_rcc.o
    0x080017b0   0x080017b0   0x0000000c   Code   RO          475    .text.LL_SetSystemCoreClock  py32f0xx_ll_utils.o
    0x080017bc   0x080017bc   0x00000014   Code   RO          730    .text.LL_TIM_EnableAllOutputs  py32f0xx_bsp_tim.o
    0x080017d0   0x080017d0   0x0000000c   Code   RO          732    .text.LL_TIM_EnableCounter  py32f0xx_bsp_tim.o
    0x080017dc   0x080017dc   0x0000000a   Code   RO          413    .text.LL_TIM_GenerateEvent_UPDATE  py32f0xx_ll_tim.o
    0x080017e6   0x080017e6   0x00000002   PAD
    0x080017e8   0x080017e8   0x00000094   Code   RO          405    .text.LL_TIM_Init   py32f0xx_ll_tim.o
    0x0800187c   0x0800187c   0x00000050   Code   RO          417    .text.LL_TIM_OC_Init  py32f0xx_ll_tim.o
    0x080018cc   0x080018cc   0x00000004   Code   RO          455    .text.LL_TIM_OC_SetCompareCH1  py32f0xx_ll_tim.o
    0x080018d0   0x080018d0   0x0000000c   Code   RO          738    .text.LL_TIM_OC_SetCompareCH1  py32f0xx_bsp_tim.o
    0x080018dc   0x080018dc   0x00000004   Code   RO          449    .text.LL_TIM_OC_SetCompareCH2  py32f0xx_ll_tim.o
    0x080018e0   0x080018e0   0x00000004   Code   RO          457    .text.LL_TIM_OC_SetCompareCH3  py32f0xx_ll_tim.o
    0x080018e4   0x080018e4   0x00000004   Code   RO          459    .text.LL_TIM_OC_SetCompareCH4  py32f0xx_ll_tim.o
    0x080018e8   0x080018e8   0x00000004   Code   RO          407    .text.LL_TIM_SetAutoReload  py32f0xx_ll_tim.o
    0x080018ec   0x080018ec   0x00000004   Code   RO          409    .text.LL_TIM_SetPrescaler  py32f0xx_ll_tim.o
    0x080018f0   0x080018f0   0x00000004   Code   RO          411    .text.LL_TIM_SetRepetitionCounter  py32f0xx_ll_tim.o
    0x080018f4   0x080018f4   0x00000014   Code   RO          820    .text.LL_USART_ClearFlag_FE  py32f0xx_bsp_usart.o
    0x08001908   0x08001908   0x00000014   Code   RO          828    .text.LL_USART_ClearFlag_NE  py32f0xx_bsp_usart.o
    0x0800191c   0x0800191c   0x00000014   Code   RO          824    .text.LL_USART_ClearFlag_ORE  py32f0xx_bsp_usart.o
    0x08001930   0x08001930   0x00000014   Code   RO          816    .text.LL_USART_ClearFlag_PE  py32f0xx_bsp_usart.o
    0x08001944   0x08001944   0x0000000c   Code   RO          766    .text.LL_USART_ClearFlag_TC  py32f0xx_bsp_usart.o
    0x08001950   0x08001950   0x0000000c   Code   RO          808    .text.LL_USART_DisableIT_TXE  py32f0xx_bsp_usart.o
    0x0800195c   0x0800195c   0x00000010   Code   RO          764    .text.LL_USART_Enable  py32f0xx_bsp_usart.o
    0x0800196c   0x0800196c   0x0000000c   Code   RO          780    .text.LL_USART_EnableIT_ERROR  py32f0xx_bsp_usart.o
    0x08001978   0x08001978   0x00000010   Code   RO          778    .text.LL_USART_EnableIT_PE  py32f0xx_bsp_usart.o
    0x08001988   0x08001988   0x0000000c   Code   RO          782    .text.LL_USART_EnableIT_RXNE  py32f0xx_bsp_usart.o
    0x08001994   0x08001994   0x0000000c   Code   RO          794    .text.LL_USART_EnableIT_TXE  py32f0xx_bsp_usart.o
    0x080019a0   0x080019a0   0x0000000c   Code   RO          818    .text.LL_USART_IsActiveFlag_FE  py32f0xx_bsp_usart.o
    0x080019ac   0x080019ac   0x0000000c   Code   RO          826    .text.LL_USART_IsActiveFlag_NE  py32f0xx_bsp_usart.o
    0x080019b8   0x080019b8   0x0000000c   Code   RO          822    .text.LL_USART_IsActiveFlag_ORE  py32f0xx_bsp_usart.o
    0x080019c4   0x080019c4   0x0000000c   Code   RO          814    .text.LL_USART_IsActiveFlag_PE  py32f0xx_bsp_usart.o
    0x080019d0   0x080019d0   0x0000000c   Code   RO          810    .text.LL_USART_IsActiveFlag_RXNE  py32f0xx_bsp_usart.o
    0x080019dc   0x080019dc   0x00000010   Code   RO          806    .text.LL_USART_IsActiveFlag_TXE  py32f0xx_bsp_usart.o
    0x080019ec   0x080019ec   0x0000000c   Code   RO          790    .text.LL_USART_IsEnabledIT_TXE  py32f0xx_bsp_usart.o
    0x080019f8   0x080019f8   0x00000008   Code   RO          812    .text.LL_USART_ReceiveData8  py32f0xx_bsp_usart.o
    0x08001a00   0x08001a00   0x00000044   Code   RO          752    .text.LL_USART_SetBaudRate  py32f0xx_bsp_usart.o
    0x08001a44   0x08001a44   0x00000010   Code   RO          754    .text.LL_USART_SetDataWidth  py32f0xx_bsp_usart.o
    0x08001a54   0x08001a54   0x00000014   Code   RO          760    .text.LL_USART_SetHWFlowCtrl  py32f0xx_bsp_usart.o
    0x08001a68   0x08001a68   0x00000010   Code   RO          758    .text.LL_USART_SetParity  py32f0xx_bsp_usart.o
    0x08001a78   0x08001a78   0x00000014   Code   RO          756    .text.LL_USART_SetStopBitsLength  py32f0xx_bsp_usart.o
    0x08001a8c   0x08001a8c   0x00000010   Code   RO          762    .text.LL_USART_SetTransferDirection  py32f0xx_bsp_usart.o
    0x08001a9c   0x08001a9c   0x0000000c   Code   RO          792    .text.LL_USART_TransmitData8  py32f0xx_bsp_usart.o
    0x08001aa8   0x08001aa8   0x00000028   Code   RO          473    .text.LL_mDelay     py32f0xx_ll_utils.o
    0x08001ad0   0x08001ad0   0x00000002   Code   RO           30    .text.NMI_Handler   py32f0xx_it.o
    0x08001ad2   0x08001ad2   0x00000002   PAD
    0x08001ad4   0x08001ad4   0x00000088   Code   RO          419    .text.OC1Config     py32f0xx_ll_tim.o
    0x08001b5c   0x08001b5c   0x00000098   Code   RO          421    .text.OC2Config     py32f0xx_ll_tim.o
    0x08001bf4   0x08001bf4   0x00000094   Code   RO          423    .text.OC3Config     py32f0xx_ll_tim.o
    0x08001c88   0x08001c88   0x0000007c   Code   RO          425    .text.OC4Config     py32f0xx_ll_tim.o
    0x08001d04   0x08001d04   0x00000002   Code   RO           36    .text.PendSV_Handler  py32f0xx_it.o
    0x08001d06   0x08001d06   0x00000002   PAD
    0x08001d08   0x08001d08   0x00000020   Code   RO          339    .text.RCC_GetHCLKClockFreq  py32f0xx_ll_rcc.o
    0x08001d28   0x08001d28   0x00000020   Code   RO          341    .text.RCC_GetPCLK1ClockFreq  py32f0xx_ll_rcc.o
    0x08001d48   0x08001d48   0x00000054   Code   RO          337    .text.RCC_GetSystemClockFreq  py32f0xx_ll_rcc.o
    0x08001d9c   0x08001d9c   0x0000001c   Code   RO          349    .text.RCC_PLL_GetFreqDomain_SYS  py32f0xx_ll_rcc.o
    0x08001db8   0x08001db8   0x00000002   Code   RO           34    .text.SVC_Handler   py32f0xx_it.o
    0x08001dba   0x08001dba   0x00000002   PAD
    0x08001dbc   0x08001dbc   0x00000114   Code   RO          869    .text.SW6306_ADCLoad  sw6306.o
    0x08001ed0   0x08001ed0   0x00000068   Code   RO          867    .text.SW6306_ADCRead  sw6306.o
    0x08001f38   0x08001f38   0x00000060   Code   RO          865    .text.SW6306_ByteModify  sw6306.o
    0x08001f98   0x08001f98   0x00000050   Code   RO          861    .text.SW6306_ByteRead  sw6306.o
    0x08001fe8   0x08001fe8   0x0000002c   Code   RO          859    .text.SW6306_ByteWrite  sw6306.o
    0x08002014   0x08002014   0x000000c4   Code   RO          935    .text.SW6306_CapacityLoad  sw6306.o
    0x080020d8   0x080020d8   0x00000044   Code   RO          943    .text.SW6306_Click  sw6306.o
    0x0800211c   0x0800211c   0x00000058   Code   RO          945    .text.SW6306_ForceOff  sw6306.o
    0x08002174   0x08002174   0x00000320   Code   RO          871    .text.SW6306_Init   sw6306.o
    0x08002494   0x08002494   0x00000010   Code   RO          919    .text.SW6306_IsBatteryDepleted  sw6306.o
    0x080024a4   0x080024a4   0x0000000c   Code   RO          913    .text.SW6306_IsCharging  sw6306.o
    0x080024b0   0x080024b0   0x0000000c   Code   RO          915    .text.SW6306_IsDischarging  sw6306.o
    0x080024bc   0x080024bc   0x0000000c   Code   RO          917    .text.SW6306_IsFullCharged  sw6306.o
    0x080024c8   0x080024c8   0x00000028   Code   RO          955    .text.SW6306_IsInitialized  sw6306.o
    0x080024f0   0x080024f0   0x00000018   Code   RO          931    .text.SW6306_IsOverHeated  sw6306.o
    0x08002508   0x08002508   0x0000000c   Code   RO          893    .text.SW6306_IsPortA1ON  sw6306.o
    0x08002514   0x08002514   0x0000000c   Code   RO          895    .text.SW6306_IsPortA2ON  sw6306.o
    0x08002520   0x08002520   0x0000000c   Code   RO          889    .text.SW6306_IsPortC1ON  sw6306.o
    0x0800252c   0x0800252c   0x0000000c   Code   RO          891    .text.SW6306_IsPortC2ON  sw6306.o
    0x08002538   0x08002538   0x00000048   Code   RO          949    .text.SW6306_LPSet  sw6306.o
    0x08002580   0x08002580   0x000000a0   Code   RO          887    .text.SW6306_PortStatusLoad  sw6306.o
    0x08002620   0x08002620   0x000000f4   Code   RO          897    .text.SW6306_PowerLoad  sw6306.o
    0x08002714   0x08002714   0x00000008   Code   RO          937    .text.SW6306_ReadCapacity  sw6306.o
    0x0800271c   0x0800271c   0x00000008   Code   RO          879    .text.SW6306_ReadIBAT  sw6306.o
    0x08002724   0x08002724   0x00000008   Code   RO          875    .text.SW6306_ReadIBUS  sw6306.o
    0x0800272c   0x0800272c   0x0000002c   Code   RO          883    .text.SW6306_ReadTCHIP  sw6306.o
    0x08002758   0x08002758   0x00000010   Code   RO          881    .text.SW6306_ReadTNTC  sw6306.o
    0x08002768   0x08002768   0x00000008   Code   RO          877    .text.SW6306_ReadVBAT  sw6306.o
    0x08002770   0x08002770   0x00000008   Code   RO          873    .text.SW6306_ReadVBUS  sw6306.o
    0x08002778   0x08002778   0x0000006c   Code   RO          863    .text.SW6306_RegsetSwitch  sw6306.o
    0x080027e4   0x080027e4   0x00000104   Code   RO          907    .text.SW6306_StatusLoad  sw6306.o
    0x080028e8   0x080028e8   0x00000094   Code   RO          947    .text.SW6306_Unlock  sw6306.o
    0x0800297c   0x0800297c   0x00000028   Code   RO           48    .text.SysInit       bsp_py32f030x6.o
    0x080029a4   0x080029a4   0x00000010   Code   RO           38    .text.SysTick_Handler  py32f0xx_it.o
    0x080029b4   0x080029b4   0x00000030   Code   RO           13    .text.SystemInit    system_py32f0xx.o
    0x080029e4   0x080029e4   0x000000ac   Code   RO          804    .text.USART1_IRQHandler  py32f0xx_bsp_usart.o
    0x08002a90   0x08002a90   0x0000004c   Code   RO          802    .text.USART_bufread  py32f0xx_bsp_usart.o
    0x08002adc   0x08002adc   0x00000080   Code   RO          788    .text.USART_bufsend  py32f0xx_bsp_usart.o
    0x08002b5c   0x08002b5c   0x00000024   Code   RO          798    .text.USART_getvalidnum  py32f0xx_bsp_usart.o
    0x08002b80   0x08002b80   0x00000010   Code   RO          535    .text.__NVIC_EnableIRQ  py32f0xx_bsp_exti.o
    0x08002b90   0x08002b90   0x0000000c   Code   RO          584    .text.__NVIC_EnableIRQ  py32f0xx_bsp_i2c.o
    0x08002b9c   0x08002b9c   0x00000010   Code   RO          786    .text.__NVIC_EnableIRQ  py32f0xx_bsp_usart.o
    0x08002bac   0x08002bac   0x0000001c   Code   RO          533    .text.__NVIC_SetPriority  py32f0xx_bsp_exti.o
    0x08002bc8   0x08002bc8   0x00000014   Code   RO          582    .text.__NVIC_SetPriority  py32f0xx_bsp_i2c.o
    0x08002bdc   0x08002bdc   0x00000018   Code   RO          784    .text.__NVIC_SetPriority  py32f0xx_bsp_usart.o
    0x08002bf4   0x08002bf4   0x0000001c   Code   RO           58    .text.__NVIC_SystemReset  main.o
    0x08002c10   0x08002c10   0x000000f8   Code   RO           70    .text.main          main.o
    0x08002d08   0x08002d08   0x000003ec   Code   RO           56    .text.thread_app    main.o
    0x080030f4   0x080030f4   0x00000046   Code   RO           60    .text.thread_echo   main.o
    0x0800313a   0x0800313a   0x00000002   PAD
    0x0800313c   0x0800313c   0x00000228   Code   RO           62    .text.thread_key    main.o
    0x08003364   0x08003364   0x0000005c   Code   RO           68    .text.thread_trig   main.o
    0x080033c0   0x080033c0   0x0000002c   Code   RO          840    .text.uprintf       py32f0xx_bsp_usart.o
    0x080033ec   0x080033ec   0x00000024   Code   RO          999    i.__0vsprintf       mc_p.l(printfa.o)
    0x08003410   0x08003410   0x0000002e   Code   RO         1068    i.__ARM_clz         mf_p.l(depilogue.o)
    0x0800343e   0x0800343e   0x0000000e   Code   RO         1088    i.__scatterload_copy  mc_p.l(handlers.o)
    0x0800344c   0x0800344c   0x00000002   Code   RO         1089    i.__scatterload_null  mc_p.l(handlers.o)
    0x0800344e   0x0800344e   0x0000000e   Code   RO         1090    i.__scatterload_zeroinit  mc_p.l(handlers.o)
    0x0800345c   0x0800345c   0x00000174   Code   RO         1000    i._fp_digits        mc_p.l(printfa.o)
    0x080035d0   0x080035d0   0x000006ec   Code   RO         1001    i._printf_core      mc_p.l(printfa.o)
    0x08003cbc   0x08003cbc   0x00000020   Code   RO         1002    i._printf_post_padding  mc_p.l(printfa.o)
    0x08003cdc   0x08003cdc   0x0000002c   Code   RO         1003    i._printf_pre_padding  mc_p.l(printfa.o)
    0x08003d08   0x08003d08   0x0000000a   Code   RO         1005    i._sputc            mc_p.l(printfa.o)
    0x08003d12   0x08003d12   0x00000002   PAD
    0x08003d14   0x08003d14   0x00000040   Data   RO           18    .rodata.AHBPrescTable  system_py32f0xx.o
    0x08003d54   0x08003d54   0x00000020   Data   RO           19    .rodata.APBPrescTable  system_py32f0xx.o
    0x08003d74   0x08003d74   0x00000020   Data   RO           20    .rodata.HSIFreqTable  system_py32f0xx.o
    0x08003d94   0x08003d94   0x000000c5   Data   RO           87    .rodata.str1.1      main.o
    0x08003e59   0x08003e59   0x00000003   PAD
    0x08003e5c   0x08003e5c   0x00000020   Data   RO         1087    Region$$Table       anon$$obj.o


    Execution Region RW_IRAM1 (Exec base: 0x20000000, Load base: 0x08003e80, Size: 0x00000670, Max: 0x00001000, ABSOLUTE)

    Exec Addr    Load Addr    Size         Type   Attr      Idx    E Section Name        Object

    0x20000000   0x08003e80   0x000000c0   Data   RW           21    .ARM.__at_0x20000000  system_py32f0xx.o
    0x200000c0   0x08003f40   0x00000004   Data   RW           17    .data.SystemCoreClock  system_py32f0xx.o
    0x200000c4   0x08003f44   0x00000001   Data   RW          847    .data.rx_rd_index   py32f0xx_bsp_usart.o
    0x200000c5   0x08003f45   0x00000001   Data   RW          843    .data.tx_rd_index   py32f0xx_bsp_usart.o
    0x200000c6   0x08003f46   0x00000002   PAD
    0x200000c8        -       0x00000010   Zero   RW          658    .bss.I2C1_Status    py32f0xx_bsp_i2c.o
    0x200000d8        -       0x00000005   Zero   RW          126    .bss.KeyValue_Array  debounce_key.o
    0x200000dd        -       0x00000001   Zero   RW          962    .bss.SW6306_ADCLoad.swld_steps  sw6306.o
    0x200000de        -       0x00000001   Zero   RW          961    .bss.SW6306_ADCRead.sw_steps  sw6306.o
    0x200000df        -       0x00000001   Zero   RW          960    .bss.SW6306_ByteModify.swmd_steps  sw6306.o
    0x200000e0        -       0x00000001   Zero   RW          958    .bss.SW6306_ByteRead.swrd_steps  sw6306.o
    0x200000e1        -       0x00000001   Zero   RW          966    .bss.SW6306_CapacityLoad.steps  sw6306.o
    0x200000e2        -       0x00000001   Zero   RW          967    .bss.SW6306_Click.steps  sw6306.o
    0x200000e3        -       0x00000001   Zero   RW          968    .bss.SW6306_ForceOff.steps  sw6306.o
    0x200000e4        -       0x00000001   Zero   RW          973    .bss.SW6306_Init.steps  sw6306.o
    0x200000e5        -       0x00000001   Zero   RW          970    .bss.SW6306_LPSet.steps  sw6306.o
    0x200000e6        -       0x00000001   Zero   RW          963    .bss.SW6306_PortStatusLoad.steps  sw6306.o
    0x200000e7        -       0x00000001   Zero   RW          964    .bss.SW6306_PowerLoad.steps  sw6306.o
    0x200000e8        -       0x00000001   Zero   RW          959    .bss.SW6306_RegsetSwitch.steps  sw6306.o
    0x200000e9   0x08003f46   0x00000003   PAD
    0x200000ec        -       0x00000030   Zero   RW          957    .bss.SW6306_Status  sw6306.o
    0x2000011c        -       0x00000001   Zero   RW          965    .bss.SW6306_StatusLoad.steps  sw6306.o
    0x2000011d        -       0x00000001   Zero   RW          969    .bss.SW6306_Unlock.steps  sw6306.o
    0x2000011e        -       0x00000020   Zero   RW          848    .bss.USART_rx_buffer  py32f0xx_bsp_usart.o
    0x2000013e        -       0x00000100   Zero   RW          844    .bss.USART_tx_buffer  py32f0xx_bsp_usart.o
    0x2000023e        -       0x00000002   Zero   RW           86    .bss.cd_sleep       main.o
    0x20000240        -       0x00000001   Zero   RW           88    .bss.forceoff       main.o
    0x20000241   0x08003f46   0x00000003   PAD
    0x20000244        -       0x00000004   Zero   RW          659    .bss.i2cwdtovf      py32f0xx_bsp_i2c.o
    0x20000248        -       0x00000001   Zero   RW          545    .bss.inttrig        py32f0xx_bsp_exti.o
    0x20000249        -       0x00000001   Zero   RW          546    .bss.keytrig        py32f0xx_bsp_exti.o
    0x2000024a        -       0x00000001   Zero   RW           85    .bss.main_looping   main.o
    0x2000024b   0x08003f46   0x00000001   PAD
    0x2000024c        -       0x00000004   Zero   RW           40    .bss.millis         py32f0xx_it.o
    0x20000250        -       0x00000002   Zero   RW           97    .bss.pt1            main.o
    0x20000252        -       0x00000002   Zero   RW           98    .bss.pt2            main.o
    0x20000254        -       0x00000002   Zero   RW           99    .bss.pt3            main.o
    0x20000256        -       0x00000002   Zero   RW          100    .bss.pt4            main.o
    0x20000258        -       0x00000001   Zero   RW          845    .bss.rx_buf_ovf     py32f0xx_bsp_usart.o
    0x20000259        -       0x00000001   Zero   RW          846    .bss.rx_wr_index    py32f0xx_bsp_usart.o
    0x2000025a   0x08003f46   0x00000002   PAD
    0x2000025c        -       0x00000004   Zero   RW           84    .bss.thread_app.endmillis  main.o
    0x20000260        -       0x00000002   Zero   RW           95    .bss.thread_key.cd_reset  main.o
    0x20000262        -       0x00000001   Zero   RW           90    .bss.thread_key.cnt  main.o
    0x20000263   0x08003f46   0x00000001   PAD
    0x20000264        -       0x00000004   Zero   RW           96    .bss.thread_key.endmillis  main.o
    0x20000268        -       0x00000001   Zero   RW           91    .bss.thread_key.holding  main.o
    0x20000269        -       0x00000001   Zero   RW           93    .bss.thread_key.leddir  main.o
    0x2000026a        -       0x00000001   Zero   RW           94    .bss.thread_key.ledind  main.o
    0x2000026b        -       0x00000001   Zero   RW           92    .bss.thread_key.ledsta  main.o
    0x2000026c        -       0x00000001   Zero   RW           89    .bss.thread_key.step  main.o
    0x2000026d        -       0x00000001   Zero   RW          842    .bss.tx_wr_index    py32f0xx_bsp_usart.o
    0x2000026e   0x08003f46   0x00000002   PAD
    0x20000270        -       0x00000400   Zero   RW            1    STACK               startup_py32f030xx.o


==============================================================================

Image component sizes


      Code (inc. data)   RO Data    RW Data    ZI Data      Debug   Object Name

        40          0          0          0          0        449   bsp_py32f030x6.o
       242          8          0          0          5       3217   debounce_key.o
      2074        656        197          0         28       5440   main.o
       284         28          0          0          2       4092   py32f0xx_bsp_exti.o
       164          4          0          0          0       2239   py32f0xx_bsp_gpio.o
      1604         80          0          0         20      12931   py32f0xx_bsp_i2c.o
       100          8          0          0          0       1864   py32f0xx_bsp_pwr.o
       376         52          0          0          0       4025   py32f0xx_bsp_rcc.o
       226         20          0          0          0       3795   py32f0xx_bsp_tim.o
      1214         84          0          2        291      11317   py32f0xx_bsp_usart.o
        24          4          0          0          4        925   py32f0xx_it.o
       264         20          0          0          0       2951   py32f0xx_ll_exti.o
       236          0          0          0          0       4340   py32f0xx_ll_gpio.o
       268         16          0          0          0       3963   py32f0xx_ll_i2c.o
       284         36          0          0          0       6973   py32f0xx_ll_rcc.o
       826         56          0          0          0      11809   py32f0xx_ll_tim.o
        52          8          0          0          0       6740   py32f0xx_ll_utils.o
        28          8        192          0       1024        644   startup_py32f030xx.o
      3008        210          0          0         62      10095   sw6306.o
        92         24        128        196          0       2392   system_py32f0xx.o

    ----------------------------------------------------------------------
     11436       1322        552        200       1448     100201   Object Totals
         0          0         32          0          0          0   (incl. Generated)
        30          0          3          2         12          0   (incl. Padding)

    ----------------------------------------------------------------------

      Code (inc. data)   RO Data    RW Data    ZI Data      Debug   Library Member Name

         0          0          0          0          0          0   entry.o
         0          0          0          0          0          0   entry10a.o
         0          0          0          0          0          0   entry11a.o
         8          4          0          0          0          0   entry2.o
         4          0          0          0          0          0   entry5.o
         0          0          0          0          0          0   entry7b.o
         0          0          0          0          0          0   entry8b.o
         8          4          0          0          0          0   entry9a.o
        30          0          0          0          0          0   handlers.o
        36          8          0          0          0         68   init.o
         0          0          0          0          0          0   iusefp.o
        32          0          0          0          0         68   llshl.o
        38          0          0          0          0         68   llsshr.o
        34          0          0          0          0         68   llushr.o
      2266         96          0          0          0        460   printfa.o
        62          0          0          0          0         72   uidiv_div0.o
        96          0          0          0          0         84   uldiv.o
        40          2          0          0          0         68   cdrcmple.o
        56          0          0          0          0         68   d2f.o
       356          4          0          0          0        140   dadd.o
       240          6          0          0          0         84   ddiv.o
       236          0          0          0          0        216   depilogue.o
        64         10          0          0          0         68   dfixul.o
       208          6          0          0          0         88   dmul.o
        40          0          0          0          0         60   f2d.o
       130          0          0          0          0        144   fepilogue.o
        22          0          0          0          0         68   fflti.o

    ----------------------------------------------------------------------
      4008        140          0          0          0       1892   Library Totals
         2          0          0          0          0          0   (incl. Padding)

    ----------------------------------------------------------------------

      Code (inc. data)   RO Data    RW Data    ZI Data      Debug   Library Name

      2614        112          0          0          0        888   mc_p.l
      1392         28          0          0          0       1004   mf_p.l

    ----------------------------------------------------------------------
      4008        140          0          0          0       1892   Library Totals

    ----------------------------------------------------------------------

==============================================================================


      Code (inc. data)   RO Data    RW Data    ZI Data      Debug   

     15444       1462        552        200       1448     101025   Grand Totals
     15444       1462        552        200       1448     101025   ELF Image Totals
     15444       1462        552        200          0          0   ROM Totals

==============================================================================

    Total RO  Size (Code + RO Data)                15996 (  15.62kB)
    Total RW  Size (RW Data + ZI Data)              1648 (   1.61kB)
    Total ROM Size (Code + RO Data + RW Data)      16196 (  15.82kB)

==============================================================================

